[ +340 ms] Artifact Instance of 'MaterialFonts' is not required, skipping update.
[   +3 ms] Artifact Instance of 'GradleWrapper' is not required, skipping update.
[        ] Artifact Instance of 'AndroidGenSnapshotArtifacts' is not required, skipping update.
[        ] Artifact Instance of 'AndroidInternalBuildArtifacts' is not required, skipping update.
[        ] Artifact Instance of 'IOSEngineArtifacts' is not required, skipping update.
[        ] Artifact Instance of 'FlutterWebSdk' is not required, skipping update.
[        ] Artifact Instance of 'LegacyCanvasKitRemover' is not required, skipping update.
[        ] Artifact Instance of 'FlutterSdk' is not required, skipping update.
[        ] Artifact Instance of 'WindowsEngineArtifacts' is not required, skipping update.
[        ] Artifact Instance of 'MacOSEngineArtifacts' is not required, skipping update.
[        ] Artifact Instance of 'LinuxEngineArtifacts' is not required, skipping update.
[        ] Artifact Instance of 'LinuxFuchsiaSDKArtifacts' is not required, skipping update.
[        ] Artifact Instance of 'MacOSFuchsiaSDKArtifacts' is not required, skipping update.
[        ] Artifact Instance of 'FlutterRunnerSDKArtifacts' is not required, skipping update.
[        ] Artifact Instance of 'FlutterRunnerDebugSymbols' is not required, skipping update.
[        ] Artifact Instance of 'IosUsbArtifacts' is not required, skipping update.
[        ] Artifact Instance of 'IosUsbArtifacts' is not required, skipping update.
[        ] Artifact Instance of 'IosUsbArtifacts' is not required, skipping update.
[        ] Artifact Instance of 'IosUsbArtifacts' is not required, skipping update.
[        ] Artifact Instance of 'IosUsbArtifacts' is not required, skipping update.
[        ] Artifact Instance of 'IosUsbArtifacts' is not required, skipping update.
[        ] Artifact Instance of 'FontSubsetArtifacts' is not required, skipping update.
[        ] Artifact Instance of 'PubDependencies' is not required, skipping update.
[        ] executing: [C:\flutter/] git -c log.showSignature=false log HEAD -n 1 --pretty=format:%ad --date=iso
[  +78 ms] Exit code 0 from: git -c log.showSignature=false log HEAD -n 1 --pretty=format:%ad --date=iso
[        ] 2026-03-25 16:21:00 -0700
[  +10 ms] Artifact Instance of 'AndroidGenSnapshotArtifacts' is not required, skipping update.
[        ] Artifact Instance of 'AndroidInternalBuildArtifacts' is not required, skipping update.
[        ] Artifact Instance of 'IOSEngineArtifacts' is not required, skipping update.
[        ] Artifact Instance of 'FlutterWebSdk' is not required, skipping update.
[        ] Artifact Instance of 'FlutterEngineStamp' is not required, skipping update.
[        ] Artifact Instance of 'LegacyCanvasKitRemover' is not required, skipping update.
[   +2 ms] Artifact Instance of 'WindowsEngineArtifacts' is not required, skipping update.
[        ] Artifact Instance of 'MacOSEngineArtifacts' is not required, skipping update.
[        ] Artifact Instance of 'LinuxEngineArtifacts' is not required, skipping update.
[        ] Artifact Instance of 'LinuxFuchsiaSDKArtifacts' is not required, skipping update.
[        ] Artifact Instance of 'MacOSFuchsiaSDKArtifacts' is not required, skipping update.
[        ] Artifact Instance of 'FlutterRunnerSDKArtifacts' is not required, skipping update.
[        ] Artifact Instance of 'FlutterRunnerDebugSymbols' is not required, skipping update.
[  +58 ms] Artifact Instance of 'MaterialFonts' is not required, skipping update.
[        ] Artifact Instance of 'GradleWrapper' is not required, skipping update.
[   +2 ms] Artifact Instance of 'AndroidInternalBuildArtifacts' is not required, skipping update.
[        ] Artifact Instance of 'IOSEngineArtifacts' is not required, skipping update.
[        ] Artifact Instance of 'FlutterWebSdk' is not required, skipping update.
[        ] Artifact Instance of 'FlutterEngineStamp' is not required, skipping update.
[        ] Artifact Instance of 'LegacyCanvasKitRemover' is not required, skipping update.
[        ] Artifact Instance of 'FlutterSdk' is not required, skipping update.
[        ] Artifact Instance of 'WindowsEngineArtifacts' is not required, skipping update.
[        ] Artifact Instance of 'MacOSEngineArtifacts' is not required, skipping update.
[        ] Artifact Instance of 'LinuxEngineArtifacts' is not required, skipping update.
[        ] Artifact Instance of 'LinuxFuchsiaSDKArtifacts' is not required, skipping update.
[        ] Artifact Instance of 'MacOSFuchsiaSDKArtifacts' is not required, skipping update.
[        ] Artifact Instance of 'FlutterRunnerSDKArtifacts' is not required, skipping update.
[        ] Artifact Instance of 'FlutterRunnerDebugSymbols' is not required, skipping update.
[        ] Artifact Instance of 'IosUsbArtifacts' is not required, skipping update.
[        ] Artifact Instance of 'IosUsbArtifacts' is not required, skipping update.
[        ] Artifact Instance of 'IosUsbArtifacts' is not required, skipping update.
[        ] Artifact Instance of 'IosUsbArtifacts' is not required, skipping update.
[        ] Artifact Instance of 'IosUsbArtifacts' is not required, skipping update.
[        ] Artifact Instance of 'IosUsbArtifacts' is not required, skipping update.
[        ] Artifact Instance of 'FontSubsetArtifacts' is not required, skipping update.
[        ] Artifact Instance of 'PubDependencies' is not required, skipping update.
[  +73 ms] Skipping pub get: version match.
[ +142 ms] Found plugin url_launcher at C:\Users\GHANEM\AppData\Local\Pub\Cache\hosted\pub.dev\url_launcher-6.3.2\
[   +3 ms] Found plugin url_launcher_windows at C:\Users\GHANEM\AppData\Local\Pub\Cache\hosted\pub.dev\url_launcher_windows-3.1.5\
[   +4 ms] Found plugin url_launcher_web at C:\Users\GHANEM\AppData\Local\Pub\Cache\hosted\pub.dev\url_launcher_web-2.4.2\
[   +2 ms] Found plugin url_launcher_macos at C:\Users\GHANEM\AppData\Local\Pub\Cache\hosted\pub.dev\url_launcher_macos-3.2.5\
[   +1 ms] Found plugin url_launcher_linux at C:\Users\GHANEM\AppData\Local\Pub\Cache\hosted\pub.dev\url_launcher_linux-3.2.2\
[   +2 ms] Found plugin url_launcher_ios at C:\Users\GHANEM\AppData\Local\Pub\Cache\hosted\pub.dev\url_launcher_ios-6.4.1\
[   +2 ms] Found plugin url_launcher_android at C:\Users\GHANEM\AppData\Local\Pub\Cache\hosted\pub.dev\url_launcher_android-6.3.29\
[   +3 ms] Found plugin shared_preferences at C:\Users\GHANEM\AppData\Local\Pub\Cache\hosted\pub.dev\shared_preferences-2.5.5\
[   +2 ms] Found plugin shared_preferences_windows at C:\Users\GHANEM\AppData\Local\Pub\Cache\hosted\pub.dev\shared_preferences_windows-2.4.1\
[   +2 ms] Found plugin path_provider_windows at C:\Users\GHANEM\AppData\Local\Pub\Cache\hosted\pub.dev\path_provider_windows-2.3.0\
[   +5 ms] Found plugin shared_preferences_web at C:\Users\GHANEM\AppData\Local\Pub\Cache\hosted\pub.dev\shared_preferences_web-2.4.3\
[   +1 ms] Found plugin shared_preferences_linux at C:\Users\GHANEM\AppData\Local\Pub\Cache\hosted\pub.dev\shared_preferences_linux-2.4.1\
[   +1 ms] Found plugin path_provider_linux at C:\Users\GHANEM\AppData\Local\Pub\Cache\hosted\pub.dev\path_provider_linux-2.2.1\
[   +3 ms] Found plugin shared_preferences_foundation at C:\Users\GHANEM\AppData\Local\Pub\Cache\hosted\pub.dev\shared_preferences_foundation-2.5.6\
[   +1 ms] Found plugin shared_preferences_android at C:\Users\GHANEM\AppData\Local\Pub\Cache\hosted\pub.dev\shared_preferences_android-2.4.23\
[   +6 ms] Found plugin mobile_scanner at C:\Users\GHANEM\AppData\Local\Pub\Cache\hosted\pub.dev\mobile_scanner-7.2.0\
[   +3 ms] Found plugin image_picker at C:\Users\GHANEM\AppData\Local\Pub\Cache\hosted\pub.dev\image_picker-1.2.1\
[   +1 ms] Found plugin image_picker_windows at C:\Users\GHANEM\AppData\Local\Pub\Cache\hosted\pub.dev\image_picker_windows-0.2.2\
[   +3 ms] Found plugin file_selector_windows at C:\Users\GHANEM\AppData\Local\Pub\Cache\hosted\pub.dev\file_selector_windows-0.9.3+5\
[   +2 ms] Found plugin image_picker_macos at C:\Users\GHANEM\AppData\Local\Pub\Cache\hosted\pub.dev\image_picker_macos-0.2.2+1\
[   +1 ms] Found plugin file_selector_macos at C:\Users\GHANEM\AppData\Local\Pub\Cache\hosted\pub.dev\file_selector_macos-0.9.5\
[   +1 ms] Found plugin image_picker_linux at C:\Users\GHANEM\AppData\Local\Pub\Cache\hosted\pub.dev\image_picker_linux-0.2.2\
[   +1 ms] Found plugin file_selector_linux at C:\Users\GHANEM\AppData\Local\Pub\Cache\hosted\pub.dev\file_selector_linux-0.9.4\
[   +1 ms] Found plugin image_picker_ios at C:\Users\GHANEM\AppData\Local\Pub\Cache\hosted\pub.dev\image_picker_ios-0.8.13+6\
[   +1 ms] Found plugin image_picker_for_web at C:\Users\GHANEM\AppData\Local\Pub\Cache\hosted\pub.dev\image_picker_for_web-3.1.1\
[   +1 ms] Found plugin image_picker_android at C:\Users\GHANEM\AppData\Local\Pub\Cache\hosted\pub.dev\image_picker_android-0.8.13+14\
[   +1 ms] Found plugin flutter_plugin_android_lifecycle at C:\Users\GHANEM\AppData\Local\Pub\Cache\hosted\pub.dev\flutter_plugin_android_lifecycle-2.0.33\
[   +2 ms] Found plugin path_provider at C:\Users\GHANEM\AppData\Local\Pub\Cache\hosted\pub.dev\path_provider-2.1.5\
[   +1 ms] Found plugin path_provider_foundation at C:\Users\GHANEM\AppData\Local\Pub\Cache\hosted\pub.dev\path_provider_foundation-2.5.1\
[   +1 ms] Found plugin path_provider_android at C:\Users\GHANEM\AppData\Local\Pub\Cache\hosted\pub.dev\path_provider_android-2.2.22\
[   +2 ms] Found plugin geolocator at C:\Users\GHANEM\AppData\Local\Pub\Cache\hosted\pub.dev\geolocator-14.0.2\
[   +2 ms] Found plugin geolocator_windows at C:\Users\GHANEM\AppData\Local\Pub\Cache\hosted\pub.dev\geolocator_windows-0.2.5\
[   +2 ms] Found plugin geolocator_web at C:\Users\GHANEM\AppData\Local\Pub\Cache\hosted\pub.dev\geolocator_web-4.1.3\
[   +1 ms] Found plugin geolocator_linux at C:\Users\GHANEM\AppData\Local\Pub\Cache\hosted\pub.dev\geolocator_linux-0.2.4\
[   +1 ms] Found plugin package_info_plus at C:\Users\GHANEM\AppData\Local\Pub\Cache\hosted\pub.dev\package_info_plus-9.0.1\
[   +6 ms] Found plugin geolocator_apple at C:\Users\GHANEM\AppData\Local\Pub\Cache\hosted\pub.dev\geolocator_apple-2.3.13\
[   +1 ms] Found plugin geolocator_android at C:\Users\GHANEM\AppData\Local\Pub\Cache\hosted\pub.dev\geolocator_android-5.0.2\
[   +2 ms] Found plugin flutter_secure_storage at C:\Users\GHANEM\AppData\Local\Pub\Cache\hosted\pub.dev\flutter_secure_storage-9.2.4\
[        ] Found plugin flutter_secure_storage_windows at C:\Users\GHANEM\AppData\Local\Pub\Cache\hosted\pub.dev\flutter_secure_storage_windows-3.1.2\
[   +2 ms] Found plugin flutter_secure_storage_web at C:\Users\GHANEM\AppData\Local\Pub\Cache\hosted\pub.dev\flutter_secure_storage_web-1.2.1\
[   +1 ms] Found plugin flutter_secure_storage_macos at C:\Users\GHANEM\AppData\Local\Pub\Cache\hosted\pub.dev\flutter_secure_storage_macos-3.1.3\
[   +1 ms] Found plugin flutter_secure_storage_linux at C:\Users\GHANEM\AppData\Local\Pub\Cache\hosted\pub.dev\flutter_secure_storage_linux-1.2.3\
[   +4 ms] Found plugin flutter_local_notifications at C:\Users\GHANEM\AppData\Local\Pub\Cache\hosted\pub.dev\flutter_local_notifications-21.0.0\
[   +2 ms] Found plugin flutter_local_notifications_windows at C:\Users\GHANEM\AppData\Local\Pub\Cache\hosted\pub.dev\flutter_local_notifications_windows-3.0.0\
[   +2 ms] Found plugin flutter_local_notifications_linux at C:\Users\GHANEM\AppData\Local\Pub\Cache\hosted\pub.dev\flutter_local_notifications_linux-8.0.0\
[   +1 ms] Found plugin file_picker at C:\Users\GHANEM\AppData\Local\Pub\Cache\hosted\pub.dev\file_picker-10.3.10\
[   +6 ms] Found plugin sqflite at C:\Users\GHANEM\AppData\Local\Pub\Cache\hosted\pub.dev\sqflite-2.4.2\
[   +5 ms] Found plugin sqflite_darwin at C:\Users\GHANEM\AppData\Local\Pub\Cache\hosted\pub.dev\sqflite_darwin-2.4.2\
[   +1 ms] Found plugin sqflite_android at C:\Users\GHANEM\AppData\Local\Pub\Cache\hosted\pub.dev\sqflite_android-2.4.2+2\
[  +95 ms] Found plugin url_launcher at C:\Users\GHANEM\AppData\Local\Pub\Cache\hosted\pub.dev\url_launcher-6.3.2\
[        ] Found plugin url_launcher_windows at C:\Users\GHANEM\AppData\Local\Pub\Cache\hosted\pub.dev\url_launcher_windows-3.1.5\
[   +2 ms] Found plugin url_launcher_web at C:\Users\GHANEM\AppData\Local\Pub\Cache\hosted\pub.dev\url_launcher_web-2.4.2\
[   +1 ms] Found plugin url_launcher_macos at C:\Users\GHANEM\AppData\Local\Pub\Cache\hosted\pub.dev\url_launcher_macos-3.2.5\
[   +1 ms] Found plugin url_launcher_linux at C:\Users\GHANEM\AppData\Local\Pub\Cache\hosted\pub.dev\url_launcher_linux-3.2.2\
[   +1 ms] Found plugin url_launcher_ios at C:\Users\GHANEM\AppData\Local\Pub\Cache\hosted\pub.dev\url_launcher_ios-6.4.1\
[        ] Found plugin url_launcher_android at C:\Users\GHANEM\AppData\Local\Pub\Cache\hosted\pub.dev\url_launcher_android-6.3.29\
[   +2 ms] Found plugin shared_preferences at C:\Users\GHANEM\AppData\Local\Pub\Cache\hosted\pub.dev\shared_preferences-2.5.5\
[   +1 ms] Found plugin shared_preferences_windows at C:\Users\GHANEM\AppData\Local\Pub\Cache\hosted\pub.dev\shared_preferences_windows-2.4.1\
[   +1 ms] Found plugin path_provider_windows at C:\Users\GHANEM\AppData\Local\Pub\Cache\hosted\pub.dev\path_provider_windows-2.3.0\
[   +2 ms] Found plugin shared_preferences_web at C:\Users\GHANEM\AppData\Local\Pub\Cache\hosted\pub.dev\shared_preferences_web-2.4.3\
[   +1 ms] Found plugin shared_preferences_linux at C:\Users\GHANEM\AppData\Local\Pub\Cache\hosted\pub.dev\shared_preferences_linux-2.4.1\
[   +1 ms] Found plugin path_provider_linux at C:\Users\GHANEM\AppData\Local\Pub\Cache\hosted\pub.dev\path_provider_linux-2.2.1\
[   +1 ms] Found plugin shared_preferences_foundation at C:\Users\GHANEM\AppData\Local\Pub\Cache\hosted\pub.dev\shared_preferences_foundation-2.5.6\
[   +1 ms] Found plugin shared_preferences_android at C:\Users\GHANEM\AppData\Local\Pub\Cache\hosted\pub.dev\shared_preferences_android-2.4.23\
[   +3 ms] Found plugin mobile_scanner at C:\Users\GHANEM\AppData\Local\Pub\Cache\hosted\pub.dev\mobile_scanner-7.2.0\
[   +2 ms] Found plugin image_picker at C:\Users\GHANEM\AppData\Local\Pub\Cache\hosted\pub.dev\image_picker-1.2.1\
[   +1 ms] Found plugin image_picker_windows at C:\Users\GHANEM\AppData\Local\Pub\Cache\hosted\pub.dev\image_picker_windows-0.2.2\
[   +2 ms] Found plugin file_selector_windows at C:\Users\GHANEM\AppData\Local\Pub\Cache\hosted\pub.dev\file_selector_windows-0.9.3+5\
[   +2 ms] Found plugin image_picker_macos at C:\Users\GHANEM\AppData\Local\Pub\Cache\hosted\pub.dev\image_picker_macos-0.2.2+1\
[        ] Found plugin file_selector_macos at C:\Users\GHANEM\AppData\Local\Pub\Cache\hosted\pub.dev\file_selector_macos-0.9.5\
[        ] Found plugin image_picker_linux at C:\Users\GHANEM\AppData\Local\Pub\Cache\hosted\pub.dev\image_picker_linux-0.2.2\
[        ] Found plugin file_selector_linux at C:\Users\GHANEM\AppData\Local\Pub\Cache\hosted\pub.dev\file_selector_linux-0.9.4\
[        ] Found plugin image_picker_ios at C:\Users\GHANEM\AppData\Local\Pub\Cache\hosted\pub.dev\image_picker_ios-0.8.13+6\
[   +1 ms] Found plugin image_picker_for_web at C:\Users\GHANEM\AppData\Local\Pub\Cache\hosted\pub.dev\image_picker_for_web-3.1.1\
[   +1 ms] Found plugin image_picker_android at C:\Users\GHANEM\AppData\Local\Pub\Cache\hosted\pub.dev\image_picker_android-0.8.13+14\
[   +1 ms] Found plugin flutter_plugin_android_lifecycle at C:\Users\GHANEM\AppData\Local\Pub\Cache\hosted\pub.dev\flutter_plugin_android_lifecycle-2.0.33\
[   +1 ms] Found plugin path_provider at C:\Users\GHANEM\AppData\Local\Pub\Cache\hosted\pub.dev\path_provider-2.1.5\
[        ] Found plugin path_provider_foundation at C:\Users\GHANEM\AppData\Local\Pub\Cache\hosted\pub.dev\path_provider_foundation-2.5.1\
[        ] Found plugin path_provider_android at C:\Users\GHANEM\AppData\Local\Pub\Cache\hosted\pub.dev\path_provider_android-2.2.22\
[   +2 ms] Found plugin geolocator at C:\Users\GHANEM\AppData\Local\Pub\Cache\hosted\pub.dev\geolocator-14.0.2\
[   +1 ms] Found plugin geolocator_windows at C:\Users\GHANEM\AppData\Local\Pub\Cache\hosted\pub.dev\geolocator_windows-0.2.5\
[   +1 ms] Found plugin geolocator_web at C:\Users\GHANEM\AppData\Local\Pub\Cache\hosted\pub.dev\geolocator_web-4.1.3\
[        ] Found plugin geolocator_linux at C:\Users\GHANEM\AppData\Local\Pub\Cache\hosted\pub.dev\geolocator_linux-0.2.4\
[        ] Found plugin package_info_plus at C:\Users\GHANEM\AppData\Local\Pub\Cache\hosted\pub.dev\package_info_plus-9.0.1\
[   +5 ms] Found plugin geolocator_apple at C:\Users\GHANEM\AppData\Local\Pub\Cache\hosted\pub.dev\geolocator_apple-2.3.13\
[        ] Found plugin geolocator_android at C:\Users\GHANEM\AppData\Local\Pub\Cache\hosted\pub.dev\geolocator_android-5.0.2\
[   +3 ms] Found plugin flutter_secure_storage at C:\Users\GHANEM\AppData\Local\Pub\Cache\hosted\pub.dev\flutter_secure_storage-9.2.4\
[   +1 ms] Found plugin flutter_secure_storage_windows at C:\Users\GHANEM\AppData\Local\Pub\Cache\hosted\pub.dev\flutter_secure_storage_windows-3.1.2\
[   +1 ms] Found plugin flutter_secure_storage_web at C:\Users\GHANEM\AppData\Local\Pub\Cache\hosted\pub.dev\flutter_secure_storage_web-1.2.1\
[        ] Found plugin flutter_secure_storage_macos at C:\Users\GHANEM\AppData\Local\Pub\Cache\hosted\pub.dev\flutter_secure_storage_macos-3.1.3\
[   +1 ms] Found plugin flutter_secure_storage_linux at C:\Users\GHANEM\AppData\Local\Pub\Cache\hosted\pub.dev\flutter_secure_storage_linux-1.2.3\
[   +3 ms] Found plugin flutter_local_notifications at C:\Users\GHANEM\AppData\Local\Pub\Cache\hosted\pub.dev\flutter_local_notifications-21.0.0\
[   +1 ms] Found plugin flutter_local_notifications_windows at C:\Users\GHANEM\AppData\Local\Pub\Cache\hosted\pub.dev\flutter_local_notifications_windows-3.0.0\
[   +1 ms] Found plugin flutter_local_notifications_linux at C:\Users\GHANEM\AppData\Local\Pub\Cache\hosted\pub.dev\flutter_local_notifications_linux-8.0.0\
[   +1 ms] Found plugin file_picker at C:\Users\GHANEM\AppData\Local\Pub\Cache\hosted\pub.dev\file_picker-10.3.10\
[   +4 ms] Found plugin sqflite at C:\Users\GHANEM\AppData\Local\Pub\Cache\hosted\pub.dev\sqflite-2.4.2\
[   +3 ms] Found plugin sqflite_darwin at C:\Users\GHANEM\AppData\Local\Pub\Cache\hosted\pub.dev\sqflite_darwin-2.4.2\
[   +1 ms] Found plugin sqflite_android at C:\Users\GHANEM\AppData\Local\Pub\Cache\hosted\pub.dev\sqflite_android-2.4.2+2\
[  +11 ms] Skipping generating web_plugin_registrant.dart because it is up-to-date.
[  +65 ms] Found plugin url_launcher at C:\Users\GHANEM\AppData\Local\Pub\Cache\hosted\pub.dev\url_launcher-6.3.2\
[        ] Found plugin url_launcher_windows at C:\Users\GHANEM\AppData\Local\Pub\Cache\hosted\pub.dev\url_launcher_windows-3.1.5\
[   +1 ms] Found plugin url_launcher_web at C:\Users\GHANEM\AppData\Local\Pub\Cache\hosted\pub.dev\url_launcher_web-2.4.2\
[   +2 ms] Found plugin url_launcher_macos at C:\Users\GHANEM\AppData\Local\Pub\Cache\hosted\pub.dev\url_launcher_macos-3.2.5\
[   +1 ms] Found plugin url_launcher_linux at C:\Users\GHANEM\AppData\Local\Pub\Cache\hosted\pub.dev\url_launcher_linux-3.2.2\
[        ] Found plugin url_launcher_ios at C:\Users\GHANEM\AppData\Local\Pub\Cache\hosted\pub.dev\url_launcher_ios-6.4.1\
[        ] Found plugin url_launcher_android at C:\Users\GHANEM\AppData\Local\Pub\Cache\hosted\pub.dev\url_launcher_android-6.3.29\
[   +1 ms] Found plugin shared_preferences at C:\Users\GHANEM\AppData\Local\Pub\Cache\hosted\pub.dev\shared_preferences-2.5.5\
[        ] Found plugin shared_preferences_windows at C:\Users\GHANEM\AppData\Local\Pub\Cache\hosted\pub.dev\shared_preferences_windows-2.4.1\
[   +2 ms] Found plugin path_provider_windows at C:\Users\GHANEM\AppData\Local\Pub\Cache\hosted\pub.dev\path_provider_windows-2.3.0\
[   +2 ms] Found plugin shared_preferences_web at C:\Users\GHANEM\AppData\Local\Pub\Cache\hosted\pub.dev\shared_preferences_web-2.4.3\
[        ] Found plugin shared_preferences_linux at C:\Users\GHANEM\AppData\Local\Pub\Cache\hosted\pub.dev\shared_preferences_linux-2.4.1\
[        ] Found plugin path_provider_linux at C:\Users\GHANEM\AppData\Local\Pub\Cache\hosted\pub.dev\path_provider_linux-2.2.1\
[   +2 ms] Found plugin shared_preferences_foundation at C:\Users\GHANEM\AppData\Local\Pub\Cache\hosted\pub.dev\shared_preferences_foundation-2.5.6\
[   +1 ms] Found plugin shared_preferences_android at C:\Users\GHANEM\AppData\Local\Pub\Cache\hosted\pub.dev\shared_preferences_android-2.4.23\
[   +2 ms] Found plugin mobile_scanner at C:\Users\GHANEM\AppData\Local\Pub\Cache\hosted\pub.dev\mobile_scanner-7.2.0\
[   +1 ms] Found plugin image_picker at C:\Users\GHANEM\AppData\Local\Pub\Cache\hosted\pub.dev\image_picker-1.2.1\
[   +1 ms] Found plugin image_picker_windows at C:\Users\GHANEM\AppData\Local\Pub\Cache\hosted\pub.dev\image_picker_windows-0.2.2\
[   +2 ms] Found plugin file_selector_windows at C:\Users\GHANEM\AppData\Local\Pub\Cache\hosted\pub.dev\file_selector_windows-0.9.3+5\
[   +1 ms] Found plugin image_picker_macos at C:\Users\GHANEM\AppData\Local\Pub\Cache\hosted\pub.dev\image_picker_macos-0.2.2+1\
[        ] Found plugin file_selector_macos at C:\Users\GHANEM\AppData\Local\Pub\Cache\hosted\pub.dev\file_selector_macos-0.9.5\
[        ] Found plugin image_picker_linux at C:\Users\GHANEM\AppData\Local\Pub\Cache\hosted\pub.dev\image_picker_linux-0.2.2\
[   +1 ms] Found plugin file_selector_linux at C:\Users\GHANEM\AppData\Local\Pub\Cache\hosted\pub.dev\file_selector_linux-0.9.4\
[   +1 ms] Found plugin image_picker_ios at C:\Users\GHANEM\AppData\Local\Pub\Cache\hosted\pub.dev\image_picker_ios-0.8.13+6\
[   +1 ms] Found plugin image_picker_for_web at C:\Users\GHANEM\AppData\Local\Pub\Cache\hosted\pub.dev\image_picker_for_web-3.1.1\
[        ] Found plugin image_picker_android at C:\Users\GHANEM\AppData\Local\Pub\Cache\hosted\pub.dev\image_picker_android-0.8.13+14\
[        ] Found plugin flutter_plugin_android_lifecycle at C:\Users\GHANEM\AppData\Local\Pub\Cache\hosted\pub.dev\flutter_plugin_android_lifecycle-2.0.33\
[   +1 ms] Found plugin path_provider at C:\Users\GHANEM\AppData\Local\Pub\Cache\hosted\pub.dev\path_provider-2.1.5\
[   +1 ms] Found plugin path_provider_foundation at C:\Users\GHANEM\AppData\Local\Pub\Cache\hosted\pub.dev\path_provider_foundation-2.5.1\
[   +1 ms] Found plugin path_provider_android at C:\Users\GHANEM\AppData\Local\Pub\Cache\hosted\pub.dev\path_provider_android-2.2.22\
[   +1 ms] Found plugin geolocator at C:\Users\GHANEM\AppData\Local\Pub\Cache\hosted\pub.dev\geolocator-14.0.2\
[        ] Found plugin geolocator_windows at C:\Users\GHANEM\AppData\Local\Pub\Cache\hosted\pub.dev\geolocator_windows-0.2.5\
[   +1 ms] Found plugin geolocator_web at C:\Users\GHANEM\AppData\Local\Pub\Cache\hosted\pub.dev\geolocator_web-4.1.3\
[        ] Found plugin geolocator_linux at C:\Users\GHANEM\AppData\Local\Pub\Cache\hosted\pub.dev\geolocator_linux-0.2.4\
[   +1 ms] Found plugin package_info_plus at C:\Users\GHANEM\AppData\Local\Pub\Cache\hosted\pub.dev\package_info_plus-9.0.1\
[   +4 ms] Found plugin geolocator_apple at C:\Users\GHANEM\AppData\Local\Pub\Cache\hosted\pub.dev\geolocator_apple-2.3.13\
[   +2 ms] Found plugin geolocator_android at C:\Users\GHANEM\AppData\Local\Pub\Cache\hosted\pub.dev\geolocator_android-5.0.2\
[   +2 ms] Found plugin flutter_secure_storage at C:\Users\GHANEM\AppData\Local\Pub\Cache\hosted\pub.dev\flutter_secure_storage-9.2.4\
[        ] Found plugin flutter_secure_storage_windows at C:\Users\GHANEM\AppData\Local\Pub\Cache\hosted\pub.dev\flutter_secure_storage_windows-3.1.2\
[   +1 ms] Found plugin flutter_secure_storage_web at C:\Users\GHANEM\AppData\Local\Pub\Cache\hosted\pub.dev\flutter_secure_storage_web-1.2.1\
[        ] Found plugin flutter_secure_storage_macos at C:\Users\GHANEM\AppData\Local\Pub\Cache\hosted\pub.dev\flutter_secure_storage_macos-3.1.3\
[   +1 ms] Found plugin flutter_secure_storage_linux at C:\Users\GHANEM\AppData\Local\Pub\Cache\hosted\pub.dev\flutter_secure_storage_linux-1.2.3\
[   +2 ms] Found plugin flutter_local_notifications at C:\Users\GHANEM\AppData\Local\Pub\Cache\hosted\pub.dev\flutter_local_notifications-21.0.0\
[   +1 ms] Found plugin flutter_local_notifications_windows at C:\Users\GHANEM\AppData\Local\Pub\Cache\hosted\pub.dev\flutter_local_notifications_windows-3.0.0\
[   +1 ms] Found plugin flutter_local_notifications_linux at C:\Users\GHANEM\AppData\Local\Pub\Cache\hosted\pub.dev\flutter_local_notifications_linux-8.0.0\
[   +1 ms] Found plugin file_picker at C:\Users\GHANEM\AppData\Local\Pub\Cache\hosted\pub.dev\file_picker-10.3.10\
[   +3 ms] Found plugin sqflite at C:\Users\GHANEM\AppData\Local\Pub\Cache\hosted\pub.dev\sqflite-2.4.2\
[   +4 ms] Found plugin sqflite_darwin at C:\Users\GHANEM\AppData\Local\Pub\Cache\hosted\pub.dev\sqflite_darwin-2.4.2\
[   +1 ms] Found plugin sqflite_android at C:\Users\GHANEM\AppData\Local\Pub\Cache\hosted\pub.dev\sqflite_android-2.4.2+2\
[   +7 ms] Generating C:\Users\GHANEM\Desktop\project_flutter\football\android\app\src\main\java\io\flutter\plugins\GeneratedPluginRegistrant.java
[   +1 ms] Skipping generating GeneratedPluginRegistrant.java because it is up-to-date.
[   +4 ms] Skipping generating generated_plugin_registrant.h because it is up-to-date.
[   +1 ms] Skipping generating generated_plugin_registrant.cc because it is up-to-date.
[   +1 ms] Skipping generating generated_plugins.cmake because it is up-to-date.
[   +2 ms] Skipping generating generated_plugin_registrant.h because it is up-to-date.
[   +1 ms] Skipping generating generated_plugin_registrant.cc because it is up-to-date.
[   +1 ms] Skipping generating generated_plugins.cmake because it is up-to-date.
[   +1 ms] Skipping generating GeneratedPluginRegistrant.h because it is up-to-date.
[   +1 ms] Skipping generating GeneratedPluginRegistrant.m because it is up-to-date.
[   +1 ms] Skipping generating GeneratedPluginRegistrant.swift because it is up-to-date.
[ +115 ms] executing: C:\Program Files\Android\Android Studio\jbr\bin\java -version
[ +103 ms] Exit code 0 from: C:\Program Files\Android\Android Studio\jbr\bin\java -version
[        ] openjdk version "21.0.10" 2026-01-20
           OpenJDK Runtime Environment (build 21.0.10+-14961533-b1163.108)
           OpenJDK 64-Bit Server VM (build 21.0.10+-14961533-b1163.108, mixed mode)
[   +1 ms] executing: C:\Program Files\Android\Android Studio\jbr\bin\java -version
[  +97 ms] Exit code 0 from: C:\Program Files\Android\Android Studio\jbr\bin\java -version
[        ] openjdk version "21.0.10" 2026-01-20
           OpenJDK Runtime Environment (build 21.0.10+-14961533-b1163.108)
           OpenJDK 64-Bit Server VM (build 21.0.10+-14961533-b1163.108, mixed mode)
[   +8 ms] Top-level Gradle build file not found, skipping migration of task "clean".
[   +1 ms] executing: C:\Program Files\Eclipse Adoptium\jdk-17.0.18.8-hotspot\bin\java --version
[  +76 ms] Exit code 0 from: C:\Program Files\Eclipse Adoptium\jdk-17.0.18.8-hotspot\bin\java --version
[        ] openjdk 17.0.18 2026-01-20
           OpenJDK Runtime Environment Temurin-17.0.18+8 (build 17.0.18+8)
           OpenJDK 64-Bit Server VM Temurin-17.0.18+8 (build 17.0.18+8, mixed mode, sharing)
[  +12 ms] CMake project not found, skipping support Android 15 16k page size migration.
[   +3 ms] Using gradle from C:\Users\GHANEM\Desktop\project_flutter\football\android\gradlew.bat.
[   +7 ms] LocalFile: 'C:\Users\GHANEM\Desktop\project_flutter\football\android\build.gradle.kts' doesn't provide an AGP version. Checking settings.
[        ] LocalFile: 'C:\Users\GHANEM\Desktop\project_flutter\football\android\settings.gradle.kts' provides AGP version: 8.11.1
[  +11 ms] Running Gradle task 'bundleRelease'...
[   +1 ms] executing: [C:\Users\GHANEM\Desktop\project_flutter\football\android/] C:\Users\GHANEM\Desktop\project_flutter\football\android\gradlew.bat --full-stacktrace --info -Pverbose=true -Ptarget-platform=android-arm,android-arm64,android-x64 -Ptarget=lib\main.dart -Pbase-application-name=android.app.Application -Pdart-defines=RkxVVFRFUl9WRVJTSU9OPTMuNDEuNg==,RkxVVFRFUl9DSEFOTkVMPXN0YWJsZQ==,RkxVVFRFUl9HSVRfVVJMPWh0dHBzOi8vZ2l0aHViLmNvbS9mbHV0dGVyL2ZsdXR0ZXIuZ2l0,RkxVVFRFUl9GUkFNRVdPUktfUkVWSVNJT049ZGI1MGUyMDE2OA==,RkxVVFRFUl9FTkdJTkVfUkVWSVNJT049NDI1Y2ZiNTRkMA==,RkxVVFRFUl9EQVJUX1ZFUlNJT049My4xMS40 -Pdart-obfuscation=false -Ptrack-widget-creation=true -Ptree-shake-icons=true bundleRelease
[ +677 ms] Initialized native services in: C:\Users\GHANEM\.gradle\native
[   +1 ms] Initialized jansi services in: C:\Users\GHANEM\.gradle\native
[ +520 ms] Found daemon DaemonInfo{pid=32656, address=[4dac5e34-27ce-47e4-bfcc-b162f9e93717 port:57344, addresses:[/127.0.0.1]], state=Idle, lastBusy=1780276903836, context=DefaultDaemonContext[uid=b8779013-607d-409d-aa66-29ce5ca12535,javaHome=C:\Program Files\Eclipse Adoptium\jdk-17.0.18.8-hotspot,javaVersion=17,javaVendor=Eclipse Adoptium,daemonRegistryDir=C:\Users\GHANEM\.gradle\daemon,pid=32656,idleTimeout=10800000,priority=NORMAL,applyInstrumentationAgent=true,nativeServicesMode=ENABLED,daemonOpts=-XX:MaxMetaspaceSize=4G,-XX:ReservedCodeCacheSize=512m,-XX:+HeapDumpOnOutOfMemoryError,-Xmx8G,-Dfile.encoding=UTF-8,-Duser.country=US,-Duser.language=en,-Duser.variant]} however its context does not match the desired criteria.
[        ] At least one daemon option is different.
[        ] Wanted: DaemonRequestContext{jvmCriteria=C:\Program Files\Eclipse Adoptium\jdk-17.0.18.8-hotspot (no JDK specified, using current Java home), daemonOpts=[-XX:MaxMetaspaceSize=4G, -XX:ReservedCodeCacheSize=512m, -XX:+HeapDumpOnOutOfMemoryError, -Xmx8G, -Dfile.encoding=windows-1252, -Duser.country=US, -Duser.language=en, -Duser.variant], applyInstrumentationAgent=true, nativeServicesMode=ENABLED, priority=NORMAL}
[        ] Actual: DefaultDaemonContext[uid=b8779013-607d-409d-aa66-29ce5ca12535,javaHome=C:\Program Files\Eclipse Adoptium\jdk-17.0.18.8-hotspot,javaVersion=17,javaVendor=Eclipse Adoptium,daemonRegistryDir=C:\Users\GHANEM\.gradle\daemon,pid=32656,idleTimeout=10800000,priority=NORMAL,applyInstrumentationAgent=true,nativeServicesMode=ENABLED,daemonOpts=-XX:MaxMetaspaceSize=4G,-XX:ReservedCodeCacheSize=512m,-XX:+HeapDumpOnOutOfMemoryError,-Xmx8G,-Dfile.encoding=UTF-8,-Duser.country=US,-Duser.language=en,-Duser.variant]
[        ]   Looking for a different daemon...
[        ] Found daemon DaemonInfo{pid=11896, address=[5d7802b2-ebb7-4df9-a22c-915e1df20f86 port:53687, addresses:[/127.0.0.1]], state=Idle, lastBusy=1780279204204, context=DefaultDaemonContext[uid=058e6d5c-1236-4845-bdd6-7983cd08b77c,javaHome=C:\Users\GHANEM\.vscode\extensions\redhat.java-1.54.0-win32-x64\jre\21.0.10-win32-x86_64,javaVersion=21,javaVendor=Eclipse Adoptium,daemonRegistryDir=C:\Users\GHANEM\.gradle\daemon,pid=11896,idleTimeout=10800000,priority=NORMAL,applyInstrumentationAgent=true,nativeServicesMode=ENABLED,daemonOpts=-XX:MaxMetaspaceSize=4G,-XX:ReservedCodeCacheSize=512m,-XX:+HeapDumpOnOutOfMemoryError,-Xmx8G,-Dfile.encoding=UTF-8,-Duser.country=US,-Duser.language=en,-Duser.variant]} however its context does not match the desired criteria.
[        ] JVM is incompatible.
[        ] Wanted: DaemonRequestContext{jvmCriteria=C:\Program Files\Eclipse Adoptium\jdk-17.0.18.8-hotspot (no JDK specified, using current Java home), daemonOpts=[-XX:MaxMetaspaceSize=4G, -XX:ReservedCodeCacheSize=512m, -XX:+HeapDumpOnOutOfMemoryError, -Xmx8G, -Dfile.encoding=windows-1252, -Duser.country=US, -Duser.language=en, -Duser.variant], applyInstrumentationAgent=true, nativeServicesMode=ENABLED, priority=NORMAL}
[        ] Actual: DefaultDaemonContext[uid=058e6d5c-1236-4845-bdd6-7983cd08b77c,javaHome=C:\Users\GHANEM\.vscode\extensions\redhat.java-1.54.0-win32-x64\jre\21.0.10-win32-x86_64,javaVersion=21,javaVendor=Eclipse Adoptium,daemonRegistryDir=C:\Users\GHANEM\.gradle\daemon,pid=11896,idleTimeout=10800000,priority=NORMAL,applyInstrumentationAgent=true,nativeServicesMode=ENABLED,daemonOpts=-XX:MaxMetaspaceSize=4G,-XX:ReservedCodeCacheSize=512m,-XX:+HeapDumpOnOutOfMemoryError,-Xmx8G,-Dfile.encoding=UTF-8,-Duser.country=US,-Duser.language=en,-Duser.variant]
[        ]   Looking for a different daemon...
[        ] The client will now receive all logging from the daemon (pid: 5804). The daemon log file: C:\Users\GHANEM\.gradle\daemon\8.14\daemon-5804.out.log
[  +97 ms] Starting 11th build in daemon [uptime: 1 hrs 35 mins 8.079 secs, performance: 100%, GC rate: 0.00/s, heap usage: 0% of 8 GiB, non-heap usage: 11% of 4 GiB]
[        ] Using 12 worker leases.
[        ] Now considering [C:\Users\GHANEM\Desktop\project_flutter\football\android, C:\flutter\packages\flutter_tools\gradle] as hierarchies to watch
[        ] Watching the file system is configured to be enabled if available
[        ] File system watching is active
[        ] Starting Build
[        ] Now considering [C:\flutter\packages\flutter_tools\gradle, C:\Users\GHANEM\Desktop\project_flutter\football\android] as hierarchies to watch
[ +298 ms] > Configure project :gradle
[        ] Evaluating project ':gradle' using build file 'C:\flutter\packages\flutter_tools\gradle\build.gradle.kts'.
[        ] Resolved plugin [id: 'org.gradle.java-gradle-plugin']
[        ] Resolved plugin [id: 'org.gradle.groovy']
[        ] Resolved plugin [id: 'org.gradle.kotlin.kotlin-dsl', version: '5.2.0']
[        ] Resolved plugin [id: 'org.jetbrains.kotlin.jvm', version: '1.9.20']
[        ] Using Kotlin Gradle Plugin gradle85 variant
[        ] kotlin scripting plugin: created the scripting discovery configuration: kotlinScriptDef
[        ] kotlin scripting plugin: created the scripting discovery configuration: testKotlinScriptDef
[        ] file or directory 'C:\flutter\packages\flutter_tools\gradle\src\main\java', not found
[        ] Resolved plugin [id: 'dev.flutter.flutter-plugin-loader', version: '1.0.0']
[        ] Resolved plugin [id: 'com.android.application', version: '8.11.1', apply: false]
[        ] Resolved plugin [id: 'org.jetbrains.kotlin.android', version: '2.2.20', apply: false]
[        ] Resolved plugin [id: 'com.google.gms.google-services', version: '4.4.2', apply: false]
[        ] Resolve mutations for :gradle:checkKotlinGradlePluginConfigurationErrors (Thread[Execution worker,5,main]) started.
[        ] :gradle:checkKotlinGradlePluginConfigurationErrors (Thread[Execution worker,5,main]) started.
[        ] > Task :gradle:checkKotlinGradlePluginConfigurationErrors SKIPPED
[        ] Skipping task ':gradle:checkKotlinGradlePluginConfigurationErrors' as task onlyIf 'errorDiagnostics are present' is false.
[        ] Resolve mutations for :gradle:compileKotlin (Thread[Execution worker,5,main]) started.
[        ] :gradle:compileKotlin (Thread[Execution worker,5,main]) started.
[  +96 ms] > Task :gradle:compileKotlin UP-TO-DATE
[        ] Caching disabled for task ':gradle:compileKotlin' because:
[        ]   Build cache is disabled
[        ] Skipping task ':gradle:compileKotlin' as it is up-to-date.
[        ] Resolve mutations for :gradle:compileJava (Thread[Execution worker,5,main]) started.
[        ] :gradle:compileJava (Thread[Execution worker,5,main]) started.
[        ] > Task :gradle:compileJava NO-SOURCE
[        ] Skipping task ':gradle:compileJava' as it has no source files and no previous output files.
[        ] Resolve mutations for :gradle:compileGroovy (Thread[Execution worker,5,main]) started.
[        ] :gradle:compileGroovy (Thread[Execution worker,5,main]) started.
[        ] > Task :gradle:compileGroovy NO-SOURCE
[        ] Skipping task ':gradle:compileGroovy' as it has no source files and no previous output files.
[        ] Resolve mutations for :gradle:pluginDescriptors (Thread[Execution worker,5,main]) started.
[        ] :gradle:pluginDescriptors (Thread[Execution worker,5,main]) started.
[        ] > Task :gradle:pluginDescriptors UP-TO-DATE
[        ] Caching disabled for task ':gradle:pluginDescriptors' because:
[        ]   Build cache is disabled
[        ]   Not worth caching
[        ] Skipping task ':gradle:pluginDescriptors' as it is up-to-date.
[        ] Resolve mutations for :gradle:processResources (Thread[Execution worker,5,main]) started.
[        ] :gradle:processResources (Thread[Execution worker,5,main]) started.
[        ] > Task :gradle:processResources UP-TO-DATE
[        ] Caching disabled for task ':gradle:processResources' because:
[        ]   Build cache is disabled
[        ]   Not worth caching
[        ] Skipping task ':gradle:processResources' as it is up-to-date.
[        ] Resolve mutations for :gradle:classes (Thread[Execution worker,5,main]) started.
[        ] :gradle:classes (Thread[Execution worker,5,main]) started.
[        ] > Task :gradle:classes UP-TO-DATE
[        ] Skipping task ':gradle:classes' as it has no actions.
[        ] Resolve mutations for :gradle:jar (Thread[Execution worker,5,main]) started.
[        ] :gradle:jar (Thread[Execution worker,5,main]) started.
[        ] > Task :gradle:jar UP-TO-DATE
[        ] Caching disabled for task ':gradle:jar' because:
[        ]   Build cache is disabled
[        ]   Not worth caching
[        ] Skipping task ':gradle:jar' as it is up-to-date.
[ +293 ms] Settings evaluated using settings file 'C:\Users\GHANEM\Desktop\project_flutter\football\android\settings.gradle.kts'.
[        ] Projects loaded. Root project using build file 'C:\Users\GHANEM\Desktop\project_flutter\football\android\build.gradle.kts'.
[        ] Included projects: [root project 'android', project ':app', project ':file_picker', project ':flutter_local_notifications', project ':flutter_plugin_android_lifecycle', project ':flutter_secure_storage', project ':geolocator_android', project ':image_picker_android', project ':mobile_scanner', project ':package_info_plus', project ':path_provider_android', project ':shared_preferences_android', project ':sqflite_android', project ':url_launcher_android']
[ +300 ms] > Configure project :app
[        ] Evaluating project ':app' using build file 'C:\Users\GHANEM\Desktop\project_flutter\football\android\app\build.gradle.kts'.
[        ] Resolved plugin [id: 'com.android.application']
[        ] Resolved plugin [id: 'org.jetbrains.kotlin.android']
[        ] Resolved plugin [id: 'dev.flutter.flutter-gradle-plugin']
[        ] Using default execution profile
[        ] Build c7203475-39c0-4447-a304-8b1acee584b4 is started
[        ] Using Kotlin Gradle Plugin gradle813 variant
[        ] C/C++: android.ndkVersion from module build.gradle is [28.2.13676358]
[        ] C/C++: android.ndkPath from module build.gradle is not set
[        ] C/C++: ndk.dir in local.properties is not set
[        ] C/C++: Not considering ANDROID_NDK_HOME because support was removed after deprecation period.
[        ] C/C++: sdkFolder is C:\Users\GHANEM\AppData\Local\Android\sdk
[        ] C/C++: android.ndkVersion from module build.gradle is [28.2.13676358]
[        ] C/C++: android.ndkPath from module build.gradle is not set
[        ] C/C++: ndk.dir in local.properties is not set
[        ] C/C++: Not considering ANDROID_NDK_HOME because support was removed after deprecation period.
[        ] C/C++: sdkFolder is C:\Users\GHANEM\AppData\Local\Android\sdk
[        ] C/C++: android.ndkVersion from module build.gradle is [28.2.13676358]
[        ] C/C++: android.ndkPath from module build.gradle is not set
[        ] C/C++: ndk.dir in local.properties is not set
[        ] C/C++: Not considering ANDROID_NDK_HOME because support was removed after deprecation period.
[        ] C/C++: sdkFolder is C:\Users\GHANEM\AppData\Local\Android\sdk
[        ] C/C++: android.ndkVersion from module build.gradle is [28.2.13676358]
[        ] C/C++: android.ndkPath from module build.gradle is not set
[        ] C/C++: ndk.dir in local.properties is not set
[        ] C/C++: Not considering ANDROID_NDK_HOME because support was removed after deprecation period.
[        ] C/C++: sdkFolder is C:\Users\GHANEM\AppData\Local\Android\sdk
[        ] C/C++: android.ndkVersion from module build.gradle is [28.2.13676358]
[        ] C/C++: android.ndkPath from module build.gradle is not set
[        ] C/C++: ndk.dir in local.properties is not set
[        ] C/C++: Not considering ANDROID_NDK_HOME because support was removed after deprecation period.
[        ] C/C++: sdkFolder is C:\Users\GHANEM\AppData\Local\Android\sdk
[        ] C/C++: android.ndkVersion from module build.gradle is [28.2.13676358]
[        ] C/C++: android.ndkPath from module build.gradle is not set
[        ] C/C++: ndk.dir in local.properties is not set
[        ] C/C++: Not considering ANDROID_NDK_HOME because support was removed after deprecation period.
[        ] C/C++: sdkFolder is C:\Users\GHANEM\AppData\Local\Android\sdk
[        ] C/C++: android.ndkVersion from module build.gradle is [28.2.13676358]
[        ] C/C++: android.ndkPath from module build.gradle is not set
[        ] C/C++: ndk.dir in local.properties is not set
[        ] C/C++: Not considering ANDROID_NDK_HOME because support was removed after deprecation period.
[        ] C/C++: sdkFolder is C:\Users\GHANEM\AppData\Local\Android\sdk
[        ] C/C++: android.ndkVersion from module build.gradle is [28.2.13676358]
[        ] C/C++: android.ndkPath from module build.gradle is not set
[        ] C/C++: ndk.dir in local.properties is not set
[        ] C/C++: Not considering ANDROID_NDK_HOME because support was removed after deprecation period.
[        ] C/C++: sdkFolder is C:\Users\GHANEM\AppData\Local\Android\sdk
[        ] C/C++: android.ndkVersion from module build.gradle is [28.2.13676358]
[        ] C/C++: android.ndkPath from module build.gradle is not set
[        ] C/C++: ndk.dir in local.properties is not set
[        ] C/C++: Not considering ANDROID_NDK_HOME because support was removed after deprecation period.
[        ] C/C++: sdkFolder is C:\Users\GHANEM\AppData\Local\Android\sdk
[        ] C/C++: android.ndkVersion from module build.gradle is [28.2.13676358]
[        ] C/C++: android.ndkPath from module build.gradle is not set
[        ] C/C++: ndk.dir in local.properties is not set
[        ] C/C++: Not considering ANDROID_NDK_HOME because support was removed after deprecation period.
[        ] C/C++: sdkFolder is C:\Users\GHANEM\AppData\Local\Android\sdk
[        ] C/C++: android.ndkVersion from module build.gradle is [28.2.13676358]
[        ] C/C++: android.ndkPath from module build.gradle is not set
[        ] C/C++: ndk.dir in local.properties is not set
[        ] C/C++: Not considering ANDROID_NDK_HOME because support was removed after deprecation period.
[        ] C/C++: sdkFolder is C:\Users\GHANEM\AppData\Local\Android\sdk
[        ] C/C++: android.ndkVersion from module build.gradle is [28.2.13676358]
[        ] C/C++: android.ndkPath from module build.gradle is not set
[        ] C/C++: ndk.dir in local.properties is not set
[        ] C/C++: Not considering ANDROID_NDK_HOME because support was removed after deprecation period.
[        ] C/C++: sdkFolder is C:\Users\GHANEM\AppData\Local\Android\sdk
[        ] C/C++: android.ndkVersion from module build.gradle is [28.2.13676358]
[  +22 ms] C/C++: android.ndkPath from module build.gradle is not set
[        ] C/C++: ndk.dir in local.properties is not set
[        ] C/C++: Not considering ANDROID_NDK_HOME because support was removed after deprecation period.
[        ] C/C++: sdkFolder is C:\Users\GHANEM\AppData\Local\Android\sdk
[        ] C/C++: android.ndkVersion from module build.gradle is [28.2.13676358]
[        ] C/C++: android.ndkPath from module build.gradle is not set
[        ] C/C++: ndk.dir in local.properties is not set
[        ] C/C++: Not considering ANDROID_NDK_HOME because support was removed after deprecation period.
[        ] C/C++: sdkFolder is C:\Users\GHANEM\AppData\Local\Android\sdk
[        ] C/C++: android.ndkVersion from module build.gradle is [28.2.13676358]
[        ] C/C++: android.ndkPath from module build.gradle is not set
[        ] C/C++: ndk.dir in local.properties is not set
[        ] C/C++: Not considering ANDROID_NDK_HOME because support was removed after deprecation period.
[        ] C/C++: sdkFolder is C:\Users\GHANEM\AppData\Local\Android\sdk
[        ] C/C++: android.ndkVersion from module build.gradle is [28.2.13676358]
[        ] C/C++: android.ndkPath from module build.gradle is not set
[        ] C/C++: ndk.dir in local.properties is not set
[        ] C/C++: Not considering ANDROID_NDK_HOME because support was removed after deprecation period.
[        ] C/C++: sdkFolder is C:\Users\GHANEM\AppData\Local\Android\sdk
[        ] C/C++: android.ndkVersion from module build.gradle is [28.2.13676358]
[        ] C/C++: android.ndkPath from module build.gradle is not set
[        ] C/C++: ndk.dir in local.properties is not set
[        ] C/C++: Not considering ANDROID_NDK_HOME because support was removed after deprecation period.
[        ] C/C++: sdkFolder is C:\Users\GHANEM\AppData\Local\Android\sdk
[        ] C/C++: android.ndkVersion from module build.gradle is [28.2.13676358]
[        ] C/C++: android.ndkPath from module build.gradle is not set
[        ] C/C++: ndk.dir in local.properties is not set
[        ] C/C++: Not considering ANDROID_NDK_HOME because support was removed after deprecation period.
[        ] C/C++: sdkFolder is C:\Users\GHANEM\AppData\Local\Android\sdk
[        ] C/C++: android.ndkVersion from module build.gradle is [28.2.13676358]
[        ] C/C++: android.ndkPath from module build.gradle is not set
[        ] C/C++: ndk.dir in local.properties is not set
[        ] C/C++: Not considering ANDROID_NDK_HOME because support was removed after deprecation period.
[        ] C/C++: sdkFolder is C:\Users\GHANEM\AppData\Local\Android\sdk
[        ] > Configure project :
[        ] Evaluating root project 'android' using build file 'C:\Users\GHANEM\Desktop\project_flutter\football\android\build.gradle.kts'.
[ +162 ms] > Configure project :file_picker
[        ] Evaluating project ':file_picker' using build file 'C:\Users\GHANEM\AppData\Local\Pub\Cache\hosted\pub.dev\file_picker-10.3.10\android\build.gradle'.
[        ] Using default execution profile
[        ] Using Kotlin Gradle Plugin gradle813 variant
[ +199 ms] > Configure project :flutter_local_notifications
[        ] Evaluating project ':flutter_local_notifications' using build file 'C:\Users\GHANEM\AppData\Local\Pub\Cache\hosted\pub.dev\flutter_local_notifications-21.0.0\android\build.gradle'.
[        ] Using default execution profile
[ +100 ms] > Configure project :flutter_plugin_android_lifecycle
[        ] Evaluating project ':flutter_plugin_android_lifecycle' using build file 'C:\Users\GHANEM\AppData\Local\Pub\Cache\hosted\pub.dev\flutter_plugin_android_lifecycle-2.0.33\android\build.gradle'.
[        ] Using default execution profile
[  +98 ms] > Configure project :flutter_secure_storage
[        ] Evaluating project ':flutter_secure_storage' using build file 'C:\Users\GHANEM\AppData\Local\Pub\Cache\hosted\pub.dev\flutter_secure_storage-9.2.4\android\build.gradle'.
[        ] Using default execution profile
[ +200 ms] > Configure project :geolocator_android
[        ] Evaluating project ':geolocator_android' using build file 'C:\Users\GHANEM\AppData\Local\Pub\Cache\hosted\pub.dev\geolocator_android-5.0.2\android\build.gradle'.
[        ] Using default execution profile
[  +98 ms] > Configure project :image_picker_android
[        ] Evaluating project ':image_picker_android' using build file 'C:\Users\GHANEM\AppData\Local\Pub\Cache\hosted\pub.dev\image_picker_android-0.8.13+14\android\build.gradle'.
[        ] Using default execution profile
[ +199 ms] > Configure project :mobile_scanner
[        ] Evaluating project ':mobile_scanner' using build file 'C:\Users\GHANEM\AppData\Local\Pub\Cache\hosted\pub.dev\mobile_scanner-7.2.0\android\build.gradle'.
[        ] Using default execution profile
[        ] Using Kotlin Gradle Plugin gradle813 variant
[ +400 ms] > Configure project :package_info_plus
[        ] Evaluating project ':package_info_plus' using build file 'C:\Users\GHANEM\AppData\Local\Pub\Cache\hosted\pub.dev\package_info_plus-9.0.1\android\build.gradle'.
[        ] Using default execution profile
[        ] Using Kotlin Gradle Plugin gradle813 variant
[  +98 ms] > Configure project :path_provider_android
[        ] Evaluating project ':path_provider_android' using build file 'C:\Users\GHANEM\AppData\Local\Pub\Cache\hosted\pub.dev\path_provider_android-2.2.22\android\build.gradle'.
[        ] Using default execution profile
[ +199 ms] > Configure project :shared_preferences_android
[        ] Evaluating project ':shared_preferences_android' using build file 'C:\Users\GHANEM\AppData\Local\Pub\Cache\hosted\pub.dev\shared_preferences_android-2.4.23\android\build.gradle.kts'.
[        ] Resolved plugin [id: 'com.android.library']
[        ] Resolved plugin [id: 'kotlin-android']
[        ] Using default execution profile
[        ] Using Kotlin Gradle Plugin gradle813 variant
[  +99 ms] > Configure project :sqflite_android
[        ] Evaluating project ':sqflite_android' using build file 'C:\Users\GHANEM\AppData\Local\Pub\Cache\hosted\pub.dev\sqflite_android-2.4.2+2\android\build.gradle'.
[        ] Using default execution profile
[ +100 ms] > Configure project :url_launcher_android
[        ] Evaluating project ':url_launcher_android' using build file 'C:\Users\GHANEM\AppData\Local\Pub\Cache\hosted\pub.dev\url_launcher_android-6.3.29\android\build.gradle.kts'.
[        ] Resolved plugin [id: 'com.android.library']
[        ] Using default execution profile
[        ] All projects evaluated.
[        ] Task name matched 'bundleRelease'
[        ] Selected primary task 'bundleRelease' from project :
[ +604 ms] Tasks to be executed: [task ':app:preBuild', task ':app:preReleaseBuild', task ':app:extractReleaseVersionControlInfo', task ':app:compileFlutterBuildRelease', task ':app:packJniLibsflutterBuildRelease', task ':file_picker:preBuild', task ':file_picker:preReleaseBuild', task ':file_picker:prepareReleaseArtProfile', task ':flutter_local_notifications:preBuild', task ':flutter_local_notifications:preReleaseBuild', task ':flutter_local_notifications:prepareReleaseArtProfile', task ':flutter_plugin_android_lifecycle:preBuild', task ':flutter_plugin_android_lifecycle:preReleaseBuild', task ':flutter_plugin_android_lifecycle:prepareReleaseArtProfile', task ':flutter_secure_storage:preBuild', task ':flutter_secure_storage:preReleaseBuild', task ':flutter_secure_storage:prepareReleaseArtProfile', task ':geolocator_android:preBuild', task ':geolocator_android:preReleaseBuild', task ':geolocator_android:prepareReleaseArtProfile', task ':image_picker_android:preBuild', task ':image_picker_android:preReleaseBuild', task ':image_picker_android:prepareReleaseArtProfile', task ':mobile_scanner:preBuild', task ':mobile_scanner:preReleaseBuild', task ':mobile_scanner:prepareReleaseArtProfile', task ':package_info_plus:preBuild', task ':package_info_plus:preReleaseBuild', task ':package_info_plus:prepareReleaseArtProfile', task ':path_provider_android:preBuild', task ':path_provider_android:preReleaseBuild', task ':path_provider_android:prepareReleaseArtProfile', task ':shared_preferences_android:preBuild', task ':shared_preferences_android:preReleaseBuild', task ':shared_preferences_android:prepareReleaseArtProfile', task ':sqflite_android:preBuild', task ':sqflite_android:preReleaseBuild', task ':sqflite_android:prepareReleaseArtProfile', task ':url_launcher_android:preBuild', task ':url_launcher_android:preReleaseBuild', task ':url_launcher_android:prepareReleaseArtProfile', task ':app:mergeReleaseArtProfile', task ':app:expandReleaseL8ArtProfileWildcards', task ':file_picker:checkKotlinGradlePluginConfigurationErrors', task ':file_picker:generateReleaseResValues', task ':file_picker:generateReleaseResources', task ':file_picker:packageReleaseResources', task ':file_picker:parseReleaseLocalResources', task ':file_picker:generateReleaseRFile', task ':flutter_plugin_android_lifecycle:generateReleaseResValues', task ':flutter_plugin_android_lifecycle:generateReleaseResources', task ':flutter_plugin_android_lifecycle:packageReleaseResources', task ':flutter_plugin_android_lifecycle:parseReleaseLocalResources', task ':flutter_plugin_android_lifecycle:generateReleaseRFile', task ':flutter_plugin_android_lifecycle:javaPreCompileRelease', task ':flutter_plugin_android_lifecycle:compileReleaseJavaWithJavac', task ':flutter_plugin_android_lifecycle:bundleLibCompileToJarRelease', task ':file_picker:compileReleaseKotlin', task ':file_picker:javaPreCompileRelease', task ':file_picker:compileReleaseJavaWithJavac', task ':file_picker:mergeReleaseGeneratedProguardFiles', task ':file_picker:exportReleaseConsumerProguardFiles', task ':flutter_local_notifications:generateReleaseResValues', task ':flutter_local_notifications:generateReleaseResources', task ':flutter_local_notifications:packageReleaseResources', task ':flutter_local_notifications:parseReleaseLocalResources', task ':flutter_local_notifications:generateReleaseRFile', task ':flutter_local_notifications:javaPreCompileRelease', task ':flutter_local_notifications:compileReleaseJavaWithJavac', task ':flutter_local_notifications:mergeReleaseGeneratedProguardFiles', task ':flutter_local_notifications:exportReleaseConsumerProguardFiles', task ':image_picker_android:generateReleaseResValues', task ':image_picker_android:generateReleaseResources', task ':image_picker_android:packageReleaseResources', task ':image_picker_android:parseReleaseLocalResources', task ':image_picker_android:generateReleaseRFile', task ':image_picker_android:javaPreCompileRelease', task ':image_picker_android:compileReleaseJavaWithJavac', task ':image_picker_android:mergeReleaseGeneratedProguardFiles', task ':image_picker_android:exportReleaseConsumerProguardFiles', task ':flutter_plugin_android_lifecycle:mergeReleaseGeneratedProguardFiles', task ':flutter_plugin_android_lifecycle:exportReleaseConsumerProguardFiles', task ':flutter_secure_storage:generateReleaseBuildConfig', task ':flutter_secure_storage:generateReleaseResValues', task ':flutter_secure_storage:generateReleaseResources', task ':flutter_secure_storage:packageReleaseResources', task ':flutter_secure_storage:parseReleaseLocalResources', task ':flutter_secure_storage:generateReleaseRFile', task ':flutter_secure_storage:javaPreCompileRelease', task ':flutter_secure_storage:compileReleaseJavaWithJavac', task ':flutter_secure_storage:mergeReleaseGeneratedProguardFiles', task ':flutter_secure_storage:exportReleaseConsumerProguardFiles', task ':geolocator_android:generateReleaseResValues', task ':geolocator_android:generateReleaseResources', task ':geolocator_android:packageReleaseResources', task ':geolocator_android:parseReleaseLocalResources', task ':geolocator_android:generateReleaseRFile', task ':geolocator_android:javaPreCompileRelease', task ':geolocator_android:compileReleaseJavaWithJavac', task ':geolocator_android:mergeReleaseGeneratedProguardFiles', task ':geolocator_android:exportReleaseConsumerProguardFiles', task ':mobile_scanner:checkKotlinGradlePluginConfigurationErrors', task ':mobile_scanner:generateReleaseResValues', task ':mobile_scanner:generateReleaseResources', task ':mobile_scanner:packageReleaseResources', task ':mobile_scanner:parseReleaseLocalResources', task ':mobile_scanner:generateReleaseRFile', task ':mobile_scanner:compileReleaseKotlin', task ':mobile_scanner:javaPreCompileRelease', task ':mobile_scanner:compileReleaseJavaWithJavac', task ':mobile_scanner:mergeReleaseGeneratedProguardFiles', task ':mobile_scanner:exportReleaseConsumerProguardFiles', task ':package_info_plus:checkKotlinGradlePluginConfigurationErrors', task ':package_info_plus:generateReleaseResValues', task ':package_info_plus:generateReleaseResources', task ':package_info_plus:packageReleaseResources', task ':package_info_plus:parseReleaseLocalResources', task ':package_info_plus:generateReleaseRFile', task ':package_info_plus:compileReleaseKotlin', task ':package_info_plus:javaPreCompileRelease', task ':package_info_plus:compileReleaseJavaWithJavac', task ':package_info_plus:mergeReleaseGeneratedProguardFiles', task ':package_info_plus:exportReleaseConsumerProguardFiles', task ':path_provider_android:generateReleaseResValues', task ':path_provider_android:generateReleaseResources', task ':path_provider_android:packageReleaseResources', task ':path_provider_android:parseReleaseLocalResources', task ':path_provider_android:generateReleaseRFile', task ':path_provider_android:javaPreCompileRelease', task ':path_provider_android:compileReleaseJavaWithJavac', task ':path_provider_android:mergeReleaseGeneratedProguardFiles', task ':path_provider_android:exportReleaseConsumerProguardFiles', task ':shared_preferences_android:checkKotlinGradlePluginConfigurationErrors', task ':shared_preferences_android:generateReleaseResValues', task ':shared_preferences_android:generateReleaseResources', task ':shared_preferences_android:packageReleaseResources', task ':shared_preferences_android:parseReleaseLocalResources', task ':shared_preferences_android:generateReleaseRFile', task ':shared_preferences_android:compileReleaseKotlin', task ':shared_preferences_android:javaPreCompileRelease', task ':shared_preferences_android:compileReleaseJavaWithJavac', task ':shared_preferences_android:mergeReleaseGeneratedProguardFiles', task ':shared_preferences_android:exportReleaseConsumerProguardFiles', task ':sqflite_android:generateReleaseResValues', task ':sqflite_android:generateReleaseResources', task ':sqflite_android:packageReleaseResources', task ':sqflite_android:parseReleaseLocalResources', task ':sqflite_android:generateReleaseRFile', task ':sqflite_android:javaPreCompileRelease', task ':sqflite_android:compileReleaseJavaWithJavac', task ':sqflite_android:mergeReleaseGeneratedProguardFiles', task ':sqflite_android:exportReleaseConsumerProguardFiles', task ':url_launcher_android:generateReleaseBuildConfig', task ':url_launcher_android:generateReleaseResValues', task ':url_launcher_android:generateReleaseResources', task ':url_launcher_android:packageReleaseResources', task ':url_launcher_android:parseReleaseLocalResources', task ':url_launcher_android:generateReleaseRFile', task ':url_launcher_android:javaPreCompileRelease', task ':url_launcher_android:compileReleaseJavaWithJavac', task ':url_launcher_android:mergeReleaseGeneratedProguardFiles', task ':url_launcher_android:exportReleaseConsumerProguardFiles', task ':app:buildKotlinToolingMetadata', task ':app:checkReleaseDuplicateClasses', task ':app:checkKotlinGradlePluginConfigurationErrors', task ':file_picker:writeReleaseAarMetadata', task ':flutter_local_notifications:writeReleaseAarMetadata', task ':flutter_plugin_android_lifecycle:writeReleaseAarMetadata', task ':flutter_secure_storage:writeReleaseAarMetadata', task ':geolocator_android:writeReleaseAarMetadata', task ':image_picker_android:writeReleaseAarMetadata', task ':mobile_scanner:writeReleaseAarMetadata', task ':package_info_plus:writeReleaseAarMetadata', task ':path_provider_android:writeReleaseAarMetadata', task ':shared_preferences_android:writeReleaseAarMetadata', task ':sqflite_android:writeReleaseAarMetadata', task ':url_launcher_android:writeReleaseAarMetadata', task ':app:checkReleaseAarMetadata', task ':app:cleanMergeReleaseAssets', task ':app:mergeReleaseShaders', task ':app:compileReleaseShaders', task ':app:generateReleaseAssets', task ':file_picker:mergeReleaseShaders', task ':file_picker:compileReleaseShaders', task ':file_picker:generateReleaseAssets', task ':file_picker:mergeReleaseAssets', task ':flutter_local_notifications:mergeReleaseShaders', task ':flutter_local_notifications:compileReleaseShaders', task ':flutter_local_notifications:generateReleaseAssets', task ':flutter_local_notifications:mergeReleaseAssets', task ':flutter_plugin_android_lifecycle:mergeReleaseShaders', task ':flutter_plugin_android_lifecycle:compileReleaseShaders', task ':flutter_plugin_android_lifecycle:generateReleaseAssets', task ':flutter_plugin_android_lifecycle:mergeReleaseAssets', task ':flutter_secure_storage:mergeReleaseShaders', task ':flutter_secure_storage:compileReleaseShaders', task ':flutter_secure_storage:generateReleaseAssets', task ':flutter_secure_storage:mergeReleaseAssets', task ':geolocator_android:mergeReleaseShaders', task ':geolocator_android:compileReleaseShaders', task ':geolocator_android:generateReleaseAssets', task ':geolocator_android:mergeReleaseAssets', task ':image_picker_android:mergeReleaseShaders', task ':image_picker_android:compileReleaseShaders', task ':image_picker_android:generateReleaseAssets', task ':image_picker_android:mergeReleaseAssets', task ':mobile_scanner:mergeReleaseShaders', task ':mobile_scanner:compileReleaseShaders', task ':mobile_scanner:generateReleaseAssets', task ':mobile_scanner:mergeReleaseAssets', task ':package_info_plus:mergeReleaseShaders', task ':package_info_plus:compileReleaseShaders', task ':package_info_plus:generateReleaseAssets', task ':package_info_plus:mergeReleaseAssets', task ':path_provider_android:mergeReleaseShaders', task ':path_provider_android:compileReleaseShaders', task ':path_provider_android:generateReleaseAssets', task ':path_provider_android:mergeReleaseAssets', task ':shared_preferences_android:mergeReleaseShaders', task ':shared_preferences_android:compileReleaseShaders', task ':shared_preferences_android:generateReleaseAssets', task ':shared_preferences_android:mergeReleaseAssets', task ':sqflite_android:mergeReleaseShaders', task ':sqflite_android:compileReleaseShaders', task ':sqflite_android:generateReleaseAssets', task ':sqflite_android:mergeReleaseAssets', task ':url_launcher_android:mergeReleaseShaders', task ':url_launcher_android:compileReleaseShaders', task ':url_launcher_android:generateReleaseAssets', task ':url_launcher_android:mergeReleaseAssets', task ':app:mergeReleaseAssets', task ':app:copyFlutterAssetsRelease', task ':app:generateReleaseResValues', task ':app:mapReleaseSourceSetPaths', task ':app:generateReleaseResources', task ':app:mergeReleaseResources', task ':app:packageReleaseResources', task ':app:parseReleaseLocalResources', task ':app:createReleaseCompatibleScreenManifests', task ':app:extractDeepLinksRelease', task ':file_picker:extractDeepLinksRelease', task ':file_picker:processReleaseManifest', task ':flutter_local_notifications:extractDeepLinksRelease', task ':flutter_local_notifications:processReleaseManifest', task ':flutter_plugin_android_lifecycle:extractDeepLinksRelease', task ':flutter_plugin_android_lifecycle:processReleaseManifest', task ':flutter_secure_storage:extractDeepLinksRelease', task ':flutter_secure_storage:processReleaseManifest', task ':geolocator_android:extractDeepLinksRelease', task ':geolocator_android:processReleaseManifest', task ':image_picker_android:extractDeepLinksRelease', task ':image_picker_android:processReleaseManifest', task ':mobile_scanner:extractDeepLinksRelease', task ':mobile_scanner:processReleaseManifest', task ':package_info_plus:extractDeepLinksRelease', task ':package_info_plus:processReleaseManifest', task ':path_provider_android:extractDeepLinksRelease', task ':path_provider_android:processReleaseManifest', task ':shared_preferences_android:extractDeepLinksRelease', task ':shared_preferences_android:processReleaseManifest', task ':sqflite_android:extractDeepLinksRelease', task ':sqflite_android:processReleaseManifest', task ':url_launcher_android:extractDeepLinksRelease', task ':url_launcher_android:processReleaseManifest', task ':app:processReleaseMainManifest', task ':app:outputReleaseAppLinkSettings', task ':app:processReleaseManifest', task ':app:processReleaseManifestForPackage', task ':app:processReleaseResources', task ':file_picker:bundleLibCompileToJarRelease', task ':flutter_local_notifications:bundleLibCompileToJarRelease', task ':flutter_secure_storage:bundleLibCompileToJarRelease', task ':geolocator_android:bundleLibCompileToJarRelease', task ':image_picker_android:bundleLibCompileToJarRelease', task ':mobile_scanner:bundleLibCompileToJarRelease', task ':package_info_plus:bundleLibCompileToJarRelease', task ':path_provider_android:bundleLibCompileToJarRelease', task ':shared_preferences_android:bundleLibCompileToJarRelease', task ':sqflite_android:bundleLibCompileToJarRelease', task ':url_launcher_android:bundleLibCompileToJarRelease', task ':app:compileReleaseKotlin', task ':app:javaPreCompileRelease', task ':app:compileReleaseJavaWithJavac', task ':file_picker:bundleLibRuntimeToJarRelease', task ':flutter_local_notifications:bundleLibRuntimeToJarRelease', task ':flutter_plugin_android_lifecycle:bundleLibRuntimeToJarRelease', task ':flutter_secure_storage:bundleLibRuntimeToJarRelease', task ':geolocator_android:bundleLibRuntimeToJarRelease', task ':image_picker_android:bundleLibRuntimeToJarRelease', task ':mobile_scanner:bundleLibRuntimeToJarRelease', task ':package_info_plus:bundleLibRuntimeToJarRelease', task ':path_provider_android:bundleLibRuntimeToJarRelease', task ':shared_preferences_android:bundleLibRuntimeToJarRelease', task ':sqflite_android:bundleLibRuntimeToJarRelease', task ':url_launcher_android:bundleLibRuntimeToJarRelease', task ':app:expandReleaseArtProfileWildcards', task ':app:extractProguardFiles', task ':app:mergeReleaseGeneratedProguardFiles', task ':app:processReleaseJavaRes', task ':file_picker:processReleaseJavaRes', task ':flutter_local_notifications:processReleaseJavaRes', task ':flutter_plugin_android_lifecycle:processReleaseJavaRes', task ':flutter_secure_storage:processReleaseJavaRes', task ':geolocator_android:processReleaseJavaRes', task ':image_picker_android:processReleaseJavaRes', task ':mobile_scanner:processReleaseJavaRes', task ':package_info_plus:processReleaseJavaRes', task ':path_provider_android:processReleaseJavaRes', task ':shared_preferences_android:processReleaseJavaRes', task ':sqflite_android:processReleaseJavaRes', task ':url_launcher_android:processReleaseJavaRes', task ':app:mergeReleaseJavaResource', task ':app:mergeReleaseStartupProfile', task ':app:minifyReleaseWithR8', task ':app:l8DexDesugarLibRelease', task ':app:configureCMakeRelease[arm64-v8a]', task ':app:buildCMakeRelease[arm64-v8a]', task ':app:configureCMakeRelease[armeabi-v7a]', task ':app:buildCMakeRelease[armeabi-v7a]', task ':app:configureCMakeRelease[x86_64]', task ':app:buildCMakeRelease[x86_64]', task ':app:mergeReleaseJniLibFolders', task ':file_picker:mergeReleaseJniLibFolders', task ':file_picker:mergeReleaseNativeLibs', task ':file_picker:copyReleaseJniLibsProjectOnly', task ':flutter_local_notifications:mergeReleaseJniLibFolders', task ':flutter_local_notifications:mergeReleaseNativeLibs', task ':flutter_local_notifications:copyReleaseJniLibsProjectOnly', task ':flutter_plugin_android_lifecycle:mergeReleaseJniLibFolders', task ':flutter_plugin_android_lifecycle:mergeReleaseNativeLibs', task ':flutter_plugin_android_lifecycle:copyReleaseJniLibsProjectOnly', task ':flutter_secure_storage:mergeReleaseJniLibFolders', task ':flutter_secure_storage:mergeReleaseNativeLibs', task ':flutter_secure_storage:copyReleaseJniLibsProjectOnly', task ':geolocator_android:mergeReleaseJniLibFolders', task ':geolocator_android:mergeReleaseNativeLibs', task ':geolocator_android:copyReleaseJniLibsProjectOnly', task ':image_picker_android:mergeReleaseJniLibFolders', task ':image_picker_android:mergeReleaseNativeLibs', task ':image_picker_android:copyReleaseJniLibsProjectOnly', task ':mobile_scanner:mergeReleaseJniLibFolders', task ':mobile_scanner:mergeReleaseNativeLibs', task ':mobile_scanner:copyReleaseJniLibsProjectOnly', task ':package_info_plus:mergeReleaseJniLibFolders', task ':package_info_plus:mergeReleaseNativeLibs', task ':package_info_plus:copyReleaseJniLibsProjectOnly', task ':path_provider_android:mergeReleaseJniLibFolders', task ':path_provider_android:mergeReleaseNativeLibs', task ':path_provider_android:copyReleaseJniLibsProjectOnly', task ':shared_preferences_android:mergeReleaseJniLibFolders', task ':shared_preferences_android:mergeReleaseNativeLibs', task ':shared_preferences_android:copyReleaseJniLibsProjectOnly', task ':sqflite_android:mergeReleaseJniLibFolders', task ':sqflite_android:mergeReleaseNativeLibs', task ':sqflite_android:copyReleaseJniLibsProjectOnly', task ':url_launcher_android:mergeReleaseJniLibFolders', task ':url_launcher_android:mergeReleaseNativeLibs', task ':url_launcher_android:copyReleaseJniLibsProjectOnly', task ':app:mergeReleaseNativeLibs', task ':app:stripReleaseDebugSymbols', task ':app:writeReleaseAppMetadata', task ':app:buildReleasePreBundle', task ':app:compileReleaseArtProfile', task ':app:collectReleaseDependencies', task ':app:configureReleaseDependencies', task ':app:extractReleaseNativeSymbolTables', task ':file_picker:createFullJarRelease', task ':file_picker:extractProguardFiles', task ':flutter_plugin_android_lifecycle:createFullJarRelease', task ':flutter_plugin_android_lifecycle:extractProguardFiles', task ':flutter_plugin_android_lifecycle:generateReleaseLintModel', task ':flutter_plugin_android_lifecycle:prepareLintJarForPublish', task ':file_picker:generateReleaseLintModel', task ':file_picker:prepareLintJarForPublish', task ':flutter_local_notifications:createFullJarRelease', task ':flutter_local_notifications:extractProguardFiles', task ':flutter_local_notifications:generateReleaseLintModel', task ':flutter_local_notifications:prepareLintJarForPublish', task ':flutter_secure_storage:createFullJarRelease', task ':flutter_secure_storage:extractProguardFiles', task ':flutter_secure_storage:generateReleaseLintModel', task ':flutter_secure_storage:prepareLintJarForPublish', task ':geolocator_android:createFullJarRelease', task ':geolocator_android:extractProguardFiles', task ':geolocator_android:generateReleaseLintModel', task ':geolocator_android:prepareLintJarForPublish', task ':image_picker_android:createFullJarRelease', task ':image_picker_android:extractProguardFiles', task ':image_picker_android:generateReleaseLintModel', task ':image_picker_android:prepareLintJarForPublish', task ':mobile_scanner:createFullJarRelease', task ':mobile_scanner:extractProguardFiles', task ':mobile_scanner:generateReleaseLintModel', task ':mobile_scanner:prepareLintJarForPublish', task ':package_info_plus:createFullJarRelease', task ':package_info_plus:extractProguardFiles', task ':package_info_plus:generateReleaseLintModel', task ':package_info_plus:prepareLintJarForPublish', task ':path_provider_android:createFullJarRelease', task ':path_provider_android:extractProguardFiles', task ':path_provider_android:generateReleaseLintModel', task ':path_provider_android:prepareLintJarForPublish', task ':shared_preferences_android:createFullJarRelease', task ':shared_preferences_android:extractProguardFiles', task ':shared_preferences_android:generateReleaseLintModel', task ':shared_preferences_android:prepareLintJarForPublish', task ':sqflite_android:createFullJarRelease', task ':sqflite_android:extractProguardFiles', task ':sqflite_android:generateReleaseLintModel', task ':sqflite_android:prepareLintJarForPublish', task ':url_launcher_android:createFullJarRelease', task ':url_launcher_android:extractProguardFiles', task ':url_launcher_android:generateReleaseLintModel', task ':url_launcher_android:prepareLintJarForPublish', task ':app:generateReleaseLintVitalReportModel', task ':file_picker:stripReleaseDebugSymbols', task ':file_picker:copyReleaseJniLibsProjectAndLocalJars', task ':file_picker:extractDeepLinksForAarRelease', task ':file_picker:extractReleaseAnnotations', task ':file_picker:mergeReleaseConsumerProguardFiles', task ':file_picker:mergeReleaseJavaResource', task ':file_picker:syncReleaseLibJars', task ':file_picker:bundleReleaseLocalLintAar', task ':flutter_local_notifications:stripReleaseDebugSymbols', task ':flutter_local_notifications:copyReleaseJniLibsProjectAndLocalJars', task ':flutter_local_notifications:extractDeepLinksForAarRelease', task ':flutter_local_notifications:extractReleaseAnnotations', task ':flutter_local_notifications:mergeReleaseConsumerProguardFiles', task ':flutter_local_notifications:mergeReleaseJavaResource', task ':flutter_local_notifications:syncReleaseLibJars', task ':flutter_local_notifications:bundleReleaseLocalLintAar', task ':image_picker_android:stripReleaseDebugSymbols', task ':image_picker_android:copyReleaseJniLibsProjectAndLocalJars', task ':image_picker_android:extractDeepLinksForAarRelease', task ':image_picker_android:extractReleaseAnnotations', task ':image_picker_android:mergeReleaseConsumerProguardFiles', task ':image_picker_android:mergeReleaseJavaResource', task ':image_picker_android:syncReleaseLibJars', task ':image_picker_android:bundleReleaseLocalLintAar', task ':flutter_plugin_android_lifecycle:stripReleaseDebugSymbols', task ':flutter_plugin_android_lifecycle:copyReleaseJniLibsProjectAndLocalJars', task ':flutter_plugin_android_lifecycle:extractDeepLinksForAarRelease', task ':flutter_plugin_android_lifecycle:extractReleaseAnnotations', task ':flutter_plugin_android_lifecycle:mergeReleaseConsumerProguardFiles', task ':flutter_plugin_android_lifecycle:mergeReleaseJavaResource', task ':flutter_plugin_android_lifecycle:syncReleaseLibJars', task ':flutter_plugin_android_lifecycle:bundleReleaseLocalLintAar', task ':flutter_secure_storage:stripReleaseDebugSymbols', task ':flutter_secure_storage:copyReleaseJniLibsProjectAndLocalJars', task ':flutter_secure_storage:extractDeepLinksForAarRelease', task ':flutter_secure_storage:extractReleaseAnnotations', task ':flutter_secure_storage:mergeReleaseConsumerProguardFiles', task ':flutter_secure_storage:mergeReleaseJavaResource', task ':flutter_secure_storage:syncReleaseLibJars', task ':flutter_secure_storage:bundleReleaseLocalLintAar', task ':geolocator_android:stripReleaseDebugSymbols', task ':geolocator_android:copyReleaseJniLibsProjectAndLocalJars', task ':geolocator_android:extractDeepLinksForAarRelease', task ':geolocator_android:extractReleaseAnnotations', task ':geolocator_android:mergeReleaseConsumerProguardFiles', task ':geolocator_android:mergeReleaseJavaResource', task ':geolocator_android:syncReleaseLibJars', task ':geolocator_android:bundleReleaseLocalLintAar', task ':mobile_scanner:stripReleaseDebugSymbols', task ':mobile_scanner:copyReleaseJniLibsProjectAndLocalJars', task ':mobile_scanner:extractDeepLinksForAarRelease', task ':mobile_scanner:extractReleaseAnnotations', task ':mobile_scanner:mergeReleaseConsumerProguardFiles', task ':mobile_scanner:mergeReleaseJavaResource', task ':mobile_scanner:syncReleaseLibJars', task ':mobile_scanner:bundleReleaseLocalLintAar', task ':package_info_plus:stripReleaseDebugSymbols', task ':package_info_plus:copyReleaseJniLibsProjectAndLocalJars', task ':package_info_plus:extractDeepLinksForAarRelease', task ':package_info_plus:extractReleaseAnnotations', task ':package_info_plus:mergeReleaseConsumerProguardFiles', task ':package_info_plus:mergeReleaseJavaResource', task ':package_info_plus:syncReleaseLibJars', task ':package_info_plus:bundleReleaseLocalLintAar', task ':path_provider_android:stripReleaseDebugSymbols', task ':path_provider_android:copyReleaseJniLibsProjectAndLocalJars', task ':path_provider_android:extractDeepLinksForAarRelease', task ':path_provider_android:extractReleaseAnnotations', task ':path_provider_android:mergeReleaseConsumerProguardFiles', task ':path_provider_android:mergeReleaseJavaResource', task ':path_provider_android:syncReleaseLibJars', task ':path_provider_android:bundleReleaseLocalLintAar', task ':shared_preferences_android:stripReleaseDebugSymbols', task ':shared_preferences_android:copyReleaseJniLibsProjectAndLocalJars', task ':shared_preferences_android:extractDeepLinksForAarRelease', task ':shared_preferences_android:extractReleaseAnnotations', task ':shared_preferences_android:mergeReleaseConsumerProguardFiles', task ':shared_preferences_android:mergeReleaseJavaResource', task ':shared_preferences_android:syncReleaseLibJars', task ':shared_preferences_android:bundleReleaseLocalLintAar', task ':sqflite_android:stripReleaseDebugSymbols', task ':sqflite_android:copyReleaseJniLibsProjectAndLocalJars', task ':sqflite_android:extractDeepLinksForAarRelease', task ':sqflite_android:extractReleaseAnnotations', task ':sqflite_android:mergeReleaseConsumerProguardFiles', task ':sqflite_android:mergeReleaseJavaResource', task ':sqflite_android:syncReleaseLibJars', task ':sqflite_android:bundleReleaseLocalLintAar', task ':url_launcher_android:stripReleaseDebugSymbols', task ':url_launcher_android:copyReleaseJniLibsProjectAndLocalJars', task ':url_launcher_android:extractDeepLinksForAarRelease', task ':url_launcher_android:extractReleaseAnnotations', task ':url_launcher_android:mergeReleaseConsumerProguardFiles', task ':url_launcher_android:mergeReleaseJavaResource', task ':url_launcher_android:syncReleaseLibJars', task ':url_launcher_android:bundleReleaseLocalLintAar', task ':flutter_plugin_android_lifecycle:writeReleaseLintModelMetadata', task ':file_picker:lintVitalAnalyzeRelease', task ':file_picker:writeReleaseLintModelMetadata', task ':flutter_local_notifications:lintVitalAnalyzeRelease', task ':flutter_local_notifications:writeReleaseLintModelMetadata', task ':flutter_plugin_android_lifecycle:lintVitalAnalyzeRelease', task ':flutter_secure_storage:lintVitalAnalyzeRelease', task ':flutter_secure_storage:writeReleaseLintModelMetadata', task ':geolocator_android:lintVitalAnalyzeRelease', task ':geolocator_android:writeReleaseLintModelMetadata', task ':image_picker_android:lintVitalAnalyzeRelease', task ':image_picker_android:writeReleaseLintModelMetadata', task ':mobile_scanner:lintVitalAnalyzeRelease', task ':mobile_scanner:writeReleaseLintModelMetadata', task ':package_info_plus:lintVitalAnalyzeRelease', task ':package_info_plus:writeReleaseLintModelMetadata', task ':path_provider_android:lintVitalAnalyzeRelease', task ':path_provider_android:writeReleaseLintModelMetadata', task ':shared_preferences_android:lintVitalAnalyzeRelease', task ':shared_preferences_android:writeReleaseLintModelMetadata', task ':sqflite_android:lintVitalAnalyzeRelease', task ':sqflite_android:writeReleaseLintModelMetadata', task ':url_launcher_android:lintVitalAnalyzeRelease', task ':url_launcher_android:writeReleaseLintModelMetadata', task ':app:lintVitalAnalyzeRelease', task ':file_picker:generateReleaseLintVitalModel', task ':flutter_local_notifications:generateReleaseLintVitalModel', task ':flutter_plugin_android_lifecycle:generateReleaseLintVitalModel', task ':flutter_secure_storage:generateReleaseLintVitalModel', task ':geolocator_android:generateReleaseLintVitalModel', task ':image_picker_android:generateReleaseLintVitalModel', task ':mobile_scanner:generateReleaseLintVitalModel', task ':package_info_plus:generateReleaseLintVitalModel', task ':path_provider_android:generateReleaseLintVitalModel', task ':shared_preferences_android:generateReleaseLintVitalModel', task ':sqflite_android:generateReleaseLintVitalModel', task ':url_launcher_android:generateReleaseLintVitalModel', task ':app:lintVitalReportRelease', task ':app:lintVitalRelease', task ':app:parseReleaseIntegrityConfig', task ':app:packageReleaseBundle', task ':app:validateSigningRelease', task ':app:signReleaseBundle', task ':app:produceReleaseBundleIdeListingFile', task ':app:createReleaseBundleListingFileRedirect', task ':app:bundleRelease']
[   +2 ms] Tasks that were excluded: []
[        ] work action Parameters of FilterShrinkerRulesTransform (Thread[Execution worker Thread 10,5,main]) started.
[        ] work action Parameters of ExtractAarTransform (Thread[Execution worker Thread 10,5,main]) started.
[        ] work action Parameters of ExtractAarTransform (Thread[Execution worker Thread 10,5,main]) started.
[        ] work action Parameters of ExtractAarTransform (Thread[Execution worker Thread 10,5,main]) started.
[        ] Resolve mutations for :app:preBuild (Thread[Execution worker Thread 10,5,main]) started.
[        ] :app:preBuild (Thread[Execution worker Thread 10,5,main]) started.
[  +92 ms] > Task :app:preBuild UP-TO-DATE
[        ] Skipping task ':app:preBuild' as it has no actions.
[        ] Resolve mutations for :app:preReleaseBuild (Thread[Execution worker Thread 2,5,main]) started.
[        ] :app:preReleaseBuild (Thread[Execution worker Thread 2,5,main]) started.
[        ] > Task :app:preReleaseBuild UP-TO-DATE
[        ] Skipping task ':app:preReleaseBuild' as it has no actions.
[        ] Resolve mutations for :app:extractReleaseVersionControlInfo (Thread[Execution worker Thread 2,5,main]) started.
[        ] :app:extractReleaseVersionControlInfo (Thread[Execution worker Thread 2,5,main]) started.
[        ] > Task :app:extractReleaseVersionControlInfo UP-TO-DATE
[        ] Caching disabled for task ':app:extractReleaseVersionControlInfo' because:
[        ]   Build cache is disabled
[        ]   Caching has been disabled for the task
[        ] Skipping task ':app:extractReleaseVersionControlInfo' as it is up-to-date.
[        ] Resolve mutations for :app:compileFlutterBuildRelease (Thread[Execution worker Thread 2,5,main]) started.
[        ] :app:compileFlutterBuildRelease (Thread[Execution worker Thread 2,5,main]) started.
[ +297 ms] > Task :app:compileFlutterBuildRelease UP-TO-DATE
[        ] Caching disabled for task ':app:compileFlutterBuildRelease' because:
[        ]   Build cache is disabled
[        ]   Caching has not been enabled for the task
[        ] Skipping task ':app:compileFlutterBuildRelease' as it is up-to-date.
[        ] Resolve mutations for :app:packJniLibsflutterBuildRelease (Thread[Execution worker Thread 2,5,main]) started.
[        ] :app:packJniLibsflutterBuildRelease (Thread[Execution worker Thread 2,5,main]) started.
[        ] > Task :app:packJniLibsflutterBuildRelease UP-TO-DATE
[        ] Caching disabled for task ':app:packJniLibsflutterBuildRelease' because:
[        ]   Build cache is disabled
[        ]   Not worth caching
[        ] Skipping task ':app:packJniLibsflutterBuildRelease' as it is up-to-date.
[        ] Resolve mutations for :file_picker:preBuild (Thread[Execution worker Thread 2,5,main]) started.
[        ] :file_picker:preBuild (Thread[Execution worker Thread 7,5,main]) started.
[        ] > Task :file_picker:preBuild UP-TO-DATE
[        ] Skipping task ':file_picker:preBuild' as it has no actions.
[        ] Resolve mutations for :file_picker:preReleaseBuild (Thread[Execution worker Thread 7,5,main]) started.
[        ] :file_picker:preReleaseBuild (Thread[Execution worker Thread 8,5,main]) started.
[        ] > Task :file_picker:preReleaseBuild UP-TO-DATE
[        ] Skipping task ':file_picker:preReleaseBuild' as it has no actions.
[        ] Resolve mutations for :file_picker:prepareReleaseArtProfile (Thread[Execution worker Thread 8,5,main]) started.
[        ] :file_picker:prepareReleaseArtProfile (Thread[Execution worker Thread 8,5,main]) started.
[  +96 ms] > Task :file_picker:prepareReleaseArtProfile UP-TO-DATE
[        ] Caching disabled for task ':file_picker:prepareReleaseArtProfile' because:
[        ]   Build cache is disabled
[        ]   Caching has been disabled for the task
[        ] Skipping task ':file_picker:prepareReleaseArtProfile' as it is up-to-date.
[        ] work action resolve baseline-prof.txt (project :file_picker) (Thread[Execution worker Thread 8,5,main]) started.
[        ] Resolve mutations for :flutter_local_notifications:preBuild (Thread[included builds,5,main]) started.
[        ] :flutter_local_notifications:preBuild (Thread[included builds,5,main]) started.
[        ] > Task :flutter_local_notifications:preBuild UP-TO-DATE
[        ] Skipping task ':flutter_local_notifications:preBuild' as it has no actions.
[        ] Resolve mutations for :flutter_local_notifications:preReleaseBuild (Thread[included builds,5,main]) started.
[        ] :flutter_local_notifications:preReleaseBuild (Thread[included builds,5,main]) started.
[        ] > Task :flutter_local_notifications:preReleaseBuild UP-TO-DATE
[        ] Skipping task ':flutter_local_notifications:preReleaseBuild' as it has no actions.
[        ] Resolve mutations for :flutter_local_notifications:prepareReleaseArtProfile (Thread[included builds,5,main]) started.
[        ] :flutter_local_notifications:prepareReleaseArtProfile (Thread[included builds,5,main]) started.
[        ] > Task :flutter_local_notifications:prepareReleaseArtProfile UP-TO-DATE
[        ] Caching disabled for task ':flutter_local_notifications:prepareReleaseArtProfile' because:
[        ]   Build cache is disabled
[        ]   Caching has been disabled for the task
[        ] Skipping task ':flutter_local_notifications:prepareReleaseArtProfile' as it is up-to-date.
[        ] work action resolve baseline-prof.txt (project :flutter_local_notifications) (Thread[included builds,5,main]) started.
[        ] Resolve mutations for :flutter_plugin_android_lifecycle:preBuild (Thread[included builds,5,main]) started.
[        ] :flutter_plugin_android_lifecycle:preBuild (Thread[included builds,5,main]) started.
[        ] > Task :flutter_plugin_android_lifecycle:preBuild UP-TO-DATE
[        ] Skipping task ':flutter_plugin_android_lifecycle:preBuild' as it has no actions.
[        ] Resolve mutations for :flutter_plugin_android_lifecycle:preReleaseBuild (Thread[included builds,5,main]) started.
[        ] :flutter_plugin_android_lifecycle:preReleaseBuild (Thread[Execution worker Thread 10,5,main]) started.
[        ] > Task :flutter_plugin_android_lifecycle:preReleaseBuild UP-TO-DATE
[        ] Skipping task ':flutter_plugin_android_lifecycle:preReleaseBuild' as it has no actions.
[        ] Resolve mutations for :flutter_plugin_android_lifecycle:prepareReleaseArtProfile (Thread[Execution worker Thread 10,5,main]) started.
[        ] :flutter_plugin_android_lifecycle:prepareReleaseArtProfile (Thread[Execution worker Thread 11,5,main]) started.
[        ] > Task :flutter_plugin_android_lifecycle:prepareReleaseArtProfile UP-TO-DATE
[        ] Caching disabled for task ':flutter_plugin_android_lifecycle:prepareReleaseArtProfile' because:
[        ]   Build cache is disabled
[        ]   Caching has been disabled for the task
[        ] Skipping task ':flutter_plugin_android_lifecycle:prepareReleaseArtProfile' as it is up-to-date.
[        ] work action resolve baseline-prof.txt (project :flutter_plugin_android_lifecycle) (Thread[Execution worker Thread 11,5,main]) started.
[        ] Resolve mutations for :flutter_secure_storage:preBuild (Thread[Execution worker Thread 3,5,main]) started.
[        ] :flutter_secure_storage:preBuild (Thread[Execution worker Thread 3,5,main]) started.
[        ] > Task :flutter_secure_storage:preBuild UP-TO-DATE
[        ] Skipping task ':flutter_secure_storage:preBuild' as it has no actions.
[        ] Resolve mutations for :flutter_secure_storage:preReleaseBuild (Thread[Execution worker Thread 3,5,main]) started.
[        ] :flutter_secure_storage:preReleaseBuild (Thread[Execution worker Thread 3,5,main]) started.
[        ] > Task :flutter_secure_storage:preReleaseBuild UP-TO-DATE
[        ] Skipping task ':flutter_secure_storage:preReleaseBuild' as it has no actions.
[        ] Resolve mutations for :flutter_secure_storage:prepareReleaseArtProfile (Thread[Execution worker Thread 3,5,main]) started.
[        ] :flutter_secure_storage:prepareReleaseArtProfile (Thread[Execution worker Thread 3,5,main]) started.
[        ] > Task :flutter_secure_storage:prepareReleaseArtProfile UP-TO-DATE
[        ] Caching disabled for task ':flutter_secure_storage:prepareReleaseArtProfile' because:
[        ]   Build cache is disabled
[        ]   Caching has been disabled for the task
[        ] Skipping task ':flutter_secure_storage:prepareReleaseArtProfile' as it is up-to-date.
[        ] work action resolve baseline-prof.txt (project :flutter_secure_storage) (Thread[Execution worker Thread 5,5,main]) started.
[        ] Resolve mutations for :geolocator_android:preBuild (Thread[Execution worker Thread 5,5,main]) started.
[        ] :geolocator_android:preBuild (Thread[Execution worker Thread 5,5,main]) started.
[        ] > Task :geolocator_android:preBuild UP-TO-DATE
[        ] Skipping task ':geolocator_android:preBuild' as it has no actions.
[        ] Resolve mutations for :geolocator_android:preReleaseBuild (Thread[Execution worker Thread 5,5,main]) started.
[        ] :geolocator_android:preReleaseBuild (Thread[included builds,5,main]) started.
[        ] > Task :geolocator_android:preReleaseBuild UP-TO-DATE
[        ] Skipping task ':geolocator_android:preReleaseBuild' as it has no actions.
[        ] Resolve mutations for :geolocator_android:prepareReleaseArtProfile (Thread[included builds,5,main]) started.
[        ] :geolocator_android:prepareReleaseArtProfile (Thread[included builds,5,main]) started.
[        ] > Task :geolocator_android:prepareReleaseArtProfile UP-TO-DATE
[        ] Caching disabled for task ':geolocator_android:prepareReleaseArtProfile' because:
[        ]   Build cache is disabled
[        ]   Caching has been disabled for the task
[        ] Skipping task ':geolocator_android:prepareReleaseArtProfile' as it is up-to-date.
[        ] work action resolve baseline-prof.txt (project :geolocator_android) (Thread[included builds,5,main]) started.
[        ] Resolve mutations for :image_picker_android:preBuild (Thread[Execution worker Thread 2,5,main]) started.
[        ] :image_picker_android:preBuild (Thread[Execution worker Thread 2,5,main]) started.
[        ] > Task :image_picker_android:preBuild UP-TO-DATE
[        ] Skipping task ':image_picker_android:preBuild' as it has no actions.
[        ] Resolve mutations for :image_picker_android:preReleaseBuild (Thread[Execution worker Thread 2,5,main]) started.
[        ] :image_picker_android:preReleaseBuild (Thread[Execution worker Thread 2,5,main]) started.
[        ] > Task :image_picker_android:preReleaseBuild UP-TO-DATE
[        ] Skipping task ':image_picker_android:preReleaseBuild' as it has no actions.
[        ] Resolve mutations for :image_picker_android:prepareReleaseArtProfile (Thread[Execution worker Thread 2,5,main]) started.
[        ] :image_picker_android:prepareReleaseArtProfile (Thread[Execution worker Thread 2,5,main]) started.
[        ] > Task :image_picker_android:prepareReleaseArtProfile UP-TO-DATE
[        ] Caching disabled for task ':image_picker_android:prepareReleaseArtProfile' because:
[        ]   Build cache is disabled
[        ]   Caching has been disabled for the task
[        ] Skipping task ':image_picker_android:prepareReleaseArtProfile' as it is up-to-date.
[        ] work action resolve baseline-prof.txt (project :image_picker_android) (Thread[Execution worker Thread 2,5,main]) started.
[        ] Resolve mutations for :mobile_scanner:preBuild (Thread[Execution worker Thread 2,5,main]) started.
[        ] :mobile_scanner:preBuild (Thread[Execution worker Thread 10,5,main]) started.
[        ] > Task :mobile_scanner:preBuild UP-TO-DATE
[        ] Skipping task ':mobile_scanner:preBuild' as it has no actions.
[        ] Resolve mutations for :mobile_scanner:preReleaseBuild (Thread[Execution worker Thread 10,5,main]) started.
[        ] :mobile_scanner:preReleaseBuild (Thread[Execution worker Thread 10,5,main]) started.
[        ] > Task :mobile_scanner:preReleaseBuild UP-TO-DATE
[        ] Skipping task ':mobile_scanner:preReleaseBuild' as it has no actions.
[        ] Resolve mutations for :mobile_scanner:prepareReleaseArtProfile (Thread[Execution worker Thread 8,5,main]) started.
[        ] :mobile_scanner:prepareReleaseArtProfile (Thread[Execution worker Thread 8,5,main]) started.
[        ] > Task :mobile_scanner:prepareReleaseArtProfile UP-TO-DATE
[        ] Caching disabled for task ':mobile_scanner:prepareReleaseArtProfile' because:
[        ]   Build cache is disabled
[        ]   Caching has been disabled for the task
[        ] Skipping task ':mobile_scanner:prepareReleaseArtProfile' as it is up-to-date.
[        ] work action resolve baseline-prof.txt (project :mobile_scanner) (Thread[Execution worker Thread 8,5,main]) started.
[        ] Resolve mutations for :package_info_plus:preBuild (Thread[Execution worker Thread 11,5,main]) started.
[        ] :package_info_plus:preBuild (Thread[Execution worker Thread 11,5,main]) started.
[        ] > Task :package_info_plus:preBuild UP-TO-DATE
[        ] Skipping task ':package_info_plus:preBuild' as it has no actions.
[        ] Resolve mutations for :package_info_plus:preReleaseBuild (Thread[Execution worker Thread 11,5,main]) started.
[        ] :package_info_plus:preReleaseBuild (Thread[Execution worker Thread 11,5,main]) started.
[        ] > Task :package_info_plus:preReleaseBuild UP-TO-DATE
[        ] Skipping task ':package_info_plus:preReleaseBuild' as it has no actions.
[        ] Resolve mutations for :package_info_plus:prepareReleaseArtProfile (Thread[Execution worker Thread 11,5,main]) started.
[        ] :package_info_plus:prepareReleaseArtProfile (Thread[Execution worker Thread 11,5,main]) started.
[        ] > Task :package_info_plus:prepareReleaseArtProfile UP-TO-DATE
[        ] Caching disabled for task ':package_info_plus:prepareReleaseArtProfile' because:
[        ]   Build cache is disabled
[        ]   Caching has been disabled for the task
[        ] Skipping task ':package_info_plus:prepareReleaseArtProfile' as it is up-to-date.
[        ] work action resolve baseline-prof.txt (project :package_info_plus) (Thread[Execution worker Thread 11,5,main]) started.
[        ] Resolve mutations for :path_provider_android:preBuild (Thread[Execution worker Thread 8,5,main]) started.
[        ] :path_provider_android:preBuild (Thread[Execution worker Thread 8,5,main]) started.
[        ] > Task :path_provider_android:preBuild UP-TO-DATE
[        ] Skipping task ':path_provider_android:preBuild' as it has no actions.
[        ] Resolve mutations for :path_provider_android:preReleaseBuild (Thread[Execution worker Thread 8,5,main]) started.
[        ] :path_provider_android:preReleaseBuild (Thread[Execution worker Thread 8,5,main]) started.
[        ] > Task :path_provider_android:preReleaseBuild UP-TO-DATE
[        ] Skipping task ':path_provider_android:preReleaseBuild' as it has no actions.
[        ] Resolve mutations for :path_provider_android:prepareReleaseArtProfile (Thread[Execution worker Thread 8,5,main]) started.
[        ] :path_provider_android:prepareReleaseArtProfile (Thread[Execution worker Thread 8,5,main]) started.
[        ] > Task :path_provider_android:prepareReleaseArtProfile UP-TO-DATE
[        ] Caching disabled for task ':path_provider_android:prepareReleaseArtProfile' because:
[        ]   Build cache is disabled
[        ]   Caching has been disabled for the task
[        ] Skipping task ':path_provider_android:prepareReleaseArtProfile' as it is up-to-date.
[        ] work action resolve baseline-prof.txt (project :path_provider_android) (Thread[Execution worker Thread 8,5,main]) started.
[        ] Resolve mutations for :shared_preferences_android:preBuild (Thread[Execution worker Thread 8,5,main]) started.
[        ] :shared_preferences_android:preBuild (Thread[Execution worker Thread 8,5,main]) started.
[        ] > Task :shared_preferences_android:preBuild UP-TO-DATE
[        ] Skipping task ':shared_preferences_android:preBuild' as it has no actions.
[        ] Resolve mutations for :shared_preferences_android:preReleaseBuild (Thread[Execution worker Thread 8,5,main]) started.
[        ] :shared_preferences_android:preReleaseBuild (Thread[Execution worker Thread 8,5,main]) started.
[        ] > Task :shared_preferences_android:preReleaseBuild UP-TO-DATE
[        ] Skipping task ':shared_preferences_android:preReleaseBuild' as it has no actions.
[        ] Resolve mutations for :shared_preferences_android:prepareReleaseArtProfile (Thread[Execution worker Thread 8,5,main]) started.
[        ] :shared_preferences_android:prepareReleaseArtProfile (Thread[Execution worker Thread 11,5,main]) started.
[        ] > Task :shared_preferences_android:prepareReleaseArtProfile UP-TO-DATE
[        ] Caching disabled for task ':shared_preferences_android:prepareReleaseArtProfile' because:
[        ]   Build cache is disabled
[        ]   Caching has been disabled for the task
[        ] Skipping task ':shared_preferences_android:prepareReleaseArtProfile' as it is up-to-date.
[        ] work action resolve baseline-prof.txt (project :shared_preferences_android) (Thread[Execution worker Thread 11,5,main]) started.
[        ] Resolve mutations for :sqflite_android:preBuild (Thread[Execution worker Thread 11,5,main]) started.
[        ] :sqflite_android:preBuild (Thread[Execution worker Thread 2,5,main]) started.
[        ] > Task :sqflite_android:preBuild UP-TO-DATE
[        ] Skipping task ':sqflite_android:preBuild' as it has no actions.
[        ] Resolve mutations for :sqflite_android:preReleaseBuild (Thread[Execution worker Thread 2,5,main]) started.
[        ] :sqflite_android:preReleaseBuild (Thread[Execution worker Thread 9,5,main]) started.
[        ] > Task :sqflite_android:preReleaseBuild UP-TO-DATE
[        ] Skipping task ':sqflite_android:preReleaseBuild' as it has no actions.
[        ] Resolve mutations for :sqflite_android:prepareReleaseArtProfile (Thread[Execution worker Thread 9,5,main]) started.
[        ] :sqflite_android:prepareReleaseArtProfile (Thread[Execution worker Thread 9,5,main]) started.
[        ] > Task :sqflite_android:prepareReleaseArtProfile UP-TO-DATE
[        ] Caching disabled for task ':sqflite_android:prepareReleaseArtProfile' because:
[        ]   Build cache is disabled
[        ]   Caching has been disabled for the task
[        ] Skipping task ':sqflite_android:prepareReleaseArtProfile' as it is up-to-date.
[        ] work action resolve baseline-prof.txt (project :sqflite_android) (Thread[Execution worker Thread 9,5,main]) started.
[        ] Resolve mutations for :url_launcher_android:preBuild (Thread[Execution worker Thread 9,5,main]) started.
[        ] :url_launcher_android:preBuild (Thread[Execution worker Thread 9,5,main]) started.
[        ] > Task :url_launcher_android:preBuild UP-TO-DATE
[        ] Skipping task ':url_launcher_android:preBuild' as it has no actions.
[        ] Resolve mutations for :url_launcher_android:preReleaseBuild (Thread[Execution worker Thread 9,5,main]) started.
[        ] :url_launcher_android:preReleaseBuild (Thread[Execution worker Thread 2,5,main]) started.
[        ] > Task :url_launcher_android:preReleaseBuild UP-TO-DATE
[        ] Skipping task ':url_launcher_android:preReleaseBuild' as it has no actions.
[        ] Resolve mutations for :url_launcher_android:prepareReleaseArtProfile (Thread[Execution worker Thread 2,5,main]) started.
[        ] :url_launcher_android:prepareReleaseArtProfile (Thread[included builds,5,main]) started.
[        ] > Task :url_launcher_android:prepareReleaseArtProfile UP-TO-DATE
[        ] Caching disabled for task ':url_launcher_android:prepareReleaseArtProfile' because:
[        ]   Build cache is disabled
[        ]   Caching has been disabled for the task
[        ] Skipping task ':url_launcher_android:prepareReleaseArtProfile' as it is up-to-date.
[        ] work action resolve baseline-prof.txt (project :url_launcher_android) (Thread[included builds,5,main]) started.
[        ] Resolve mutations for :app:mergeReleaseArtProfile (Thread[included builds,5,main]) started.
[        ] :app:mergeReleaseArtProfile (Thread[included builds,5,main]) started.
[  +77 ms] > Task :app:mergeReleaseArtProfile UP-TO-DATE
[        ] Caching disabled for task ':app:mergeReleaseArtProfile' because:
[        ]   Build cache is disabled
[        ]   Simple merging task
[        ] Skipping task ':app:mergeReleaseArtProfile' as it is up-to-date.
[        ] Resolve mutations for :app:expandReleaseL8ArtProfileWildcards (Thread[included builds,5,main]) started.
[        ] :app:expandReleaseL8ArtProfileWildcards (Thread[included builds,5,main]) started.
[        ] > Task :app:expandReleaseL8ArtProfileWildcards UP-TO-DATE
[        ] Caching disabled for task ':app:expandReleaseL8ArtProfileWildcards' because:
[        ]   Build cache is disabled
[        ] Skipping task ':app:expandReleaseL8ArtProfileWildcards' as it is up-to-date.
[        ] Resolve mutations for :file_picker:checkKotlinGradlePluginConfigurationErrors (Thread[included builds,5,main]) started.
[        ] :file_picker:checkKotlinGradlePluginConfigurationErrors (Thread[Execution worker Thread 10,5,main]) started.
[        ] > Task :file_picker:checkKotlinGradlePluginConfigurationErrors SKIPPED
[        ] Skipping task ':file_picker:checkKotlinGradlePluginConfigurationErrors' as task onlyIf 'errorDiagnostics are present' is false.
[        ] Resolve mutations for :file_picker:generateReleaseResValues (Thread[Execution worker Thread 10,5,main]) started.
[        ] :file_picker:generateReleaseResValues (Thread[Execution worker Thread 8,5,main]) started.
[        ] > Task :file_picker:generateReleaseResValues UP-TO-DATE
[        ] Caching disabled for task ':file_picker:generateReleaseResValues' because:
[        ]   Build cache is disabled
[        ] Skipping task ':file_picker:generateReleaseResValues' as it is up-to-date.
[        ] Resolve mutations for :file_picker:generateReleaseResources (Thread[Execution worker Thread 8,5,main]) started.
[        ] :file_picker:generateReleaseResources (Thread[Execution worker Thread 8,5,main]) started.
[        ] > Task :file_picker:generateReleaseResources UP-TO-DATE
[        ] Caching disabled for task ':file_picker:generateReleaseResources' because:
[        ]   Build cache is disabled
[        ] Skipping task ':file_picker:generateReleaseResources' as it is up-to-date.
[        ] Resolve mutations for :file_picker:packageReleaseResources (Thread[Execution worker Thread 8,5,main]) started.
[        ] :file_picker:packageReleaseResources (Thread[Execution worker Thread 8,5,main]) started.
[        ] > Task :file_picker:packageReleaseResources UP-TO-DATE
[        ] Caching disabled for task ':file_picker:packageReleaseResources' because:
[        ]   Build cache is disabled
[        ] Skipping task ':file_picker:packageReleaseResources' as it is up-to-date.
[        ] work action resolve packageReleaseResources (project :file_picker) (Thread[Execution worker Thread 8,5,main]) started.
[        ] Resolve mutations for :file_picker:parseReleaseLocalResources (Thread[Execution worker,5,main]) started.
[        ] :file_picker:parseReleaseLocalResources (Thread[Execution worker,5,main]) started.
[  +96 ms] > Task :file_picker:parseReleaseLocalResources UP-TO-DATE
[        ] Caching disabled for task ':file_picker:parseReleaseLocalResources' because:
[        ]   Build cache is disabled
[        ] Skipping task ':file_picker:parseReleaseLocalResources' as it is up-to-date.
[        ] Resolve mutations for :file_picker:generateReleaseRFile (Thread[Execution worker,5,main]) started.
[        ] :file_picker:generateReleaseRFile (Thread[Execution worker,5,main]) started.
[        ] > Task :file_picker:generateReleaseRFile UP-TO-DATE
[        ] Caching disabled for task ':file_picker:generateReleaseRFile' because:
[        ]   Build cache is disabled
[        ] Skipping task ':file_picker:generateReleaseRFile' as it is up-to-date.
[        ] work action resolve package-aware-r.txt (project :file_picker) (Thread[Execution worker,5,main]) started.
[        ] Resolve mutations for :flutter_plugin_android_lifecycle:generateReleaseResValues (Thread[Execution worker,5,main]) started.
[        ] :flutter_plugin_android_lifecycle:generateReleaseResValues (Thread[Execution worker Thread 8,5,main]) started.
[        ] > Task :flutter_plugin_android_lifecycle:generateReleaseResValues UP-TO-DATE
[        ] Caching disabled for task ':flutter_plugin_android_lifecycle:generateReleaseResValues' because:
[        ]   Build cache is disabled
[        ] Skipping task ':flutter_plugin_android_lifecycle:generateReleaseResValues' as it is up-to-date.
[        ] Resolve mutations for :flutter_plugin_android_lifecycle:generateReleaseResources (Thread[Execution worker,5,main]) started.
[        ] :flutter_plugin_android_lifecycle:generateReleaseResources (Thread[Execution worker Thread 11,5,main]) started.
[        ] > Task :flutter_plugin_android_lifecycle:generateReleaseResources UP-TO-DATE
[        ] Caching disabled for task ':flutter_plugin_android_lifecycle:generateReleaseResources' because:
[        ]   Build cache is disabled
[        ] Skipping task ':flutter_plugin_android_lifecycle:generateReleaseResources' as it is up-to-date.
[        ] Resolve mutations for :flutter_plugin_android_lifecycle:packageReleaseResources (Thread[Execution worker Thread 11,5,main]) started.
[        ] :flutter_plugin_android_lifecycle:packageReleaseResources (Thread[Execution worker Thread 11,5,main]) started.
[        ] > Task :flutter_plugin_android_lifecycle:packageReleaseResources UP-TO-DATE
[        ] Caching disabled for task ':flutter_plugin_android_lifecycle:packageReleaseResources' because:
[        ]   Build cache is disabled
[        ] Skipping task ':flutter_plugin_android_lifecycle:packageReleaseResources' as it is up-to-date.
[        ] work action resolve packageReleaseResources (project :flutter_plugin_android_lifecycle) (Thread[Execution worker Thread 11,5,main]) started.
[        ] Resolve mutations for :flutter_plugin_android_lifecycle:parseReleaseLocalResources (Thread[Execution worker Thread 11,5,main]) started.
[        ] :flutter_plugin_android_lifecycle:parseReleaseLocalResources (Thread[Execution worker Thread 11,5,main]) started.
[        ] > Task :flutter_plugin_android_lifecycle:parseReleaseLocalResources UP-TO-DATE
[        ] Caching disabled for task ':flutter_plugin_android_lifecycle:parseReleaseLocalResources' because:
[        ]   Build cache is disabled
[        ] Skipping task ':flutter_plugin_android_lifecycle:parseReleaseLocalResources' as it is up-to-date.
[        ] Resolve mutations for :flutter_plugin_android_lifecycle:generateReleaseRFile (Thread[Execution worker Thread 11,5,main]) started.
[        ] :flutter_plugin_android_lifecycle:generateReleaseRFile (Thread[Execution worker,5,main]) started.
[        ] > Task :flutter_plugin_android_lifecycle:generateReleaseRFile UP-TO-DATE
[        ] Caching disabled for task ':flutter_plugin_android_lifecycle:generateReleaseRFile' because:
[        ]   Build cache is disabled
[        ] Skipping task ':flutter_plugin_android_lifecycle:generateReleaseRFile' as it is up-to-date.
[        ] work action resolve package-aware-r.txt (project :flutter_plugin_android_lifecycle) (Thread[Execution worker,5,main]) started.
[        ] Resolve mutations for :flutter_plugin_android_lifecycle:javaPreCompileRelease (Thread[Execution worker,5,main]) started.
[        ] :flutter_plugin_android_lifecycle:javaPreCompileRelease (Thread[Execution worker Thread 6,5,main]) started.
[        ] > Task :flutter_plugin_android_lifecycle:javaPreCompileRelease UP-TO-DATE
[        ] Caching disabled for task ':flutter_plugin_android_lifecycle:javaPreCompileRelease' because:
[        ]   Build cache is disabled
[        ] Skipping task ':flutter_plugin_android_lifecycle:javaPreCompileRelease' as it is up-to-date.
[        ] Resolve mutations for :flutter_plugin_android_lifecycle:compileReleaseJavaWithJavac (Thread[Execution worker Thread 6,5,main]) started.
[        ] :flutter_plugin_android_lifecycle:compileReleaseJavaWithJavac (Thread[Execution worker Thread 6,5,main]) started.
[  +90 ms] > Task :flutter_plugin_android_lifecycle:compileReleaseJavaWithJavac UP-TO-DATE
[        ] Custom actions are attached to task ':flutter_plugin_android_lifecycle:compileReleaseJavaWithJavac'.
[        ] Caching disabled for task ':flutter_plugin_android_lifecycle:compileReleaseJavaWithJavac' because:
[        ]   Build cache is disabled
[        ] Skipping task ':flutter_plugin_android_lifecycle:compileReleaseJavaWithJavac' as it is up-to-date.
[        ] No compile result for :flutter_plugin_android_lifecycle:compileReleaseJavaWithJavac
[        ] No compile result for :flutter_plugin_android_lifecycle:compileReleaseJavaWithJavac
[        ] No compile result for :flutter_plugin_android_lifecycle:compileReleaseJavaWithJavac
[        ] Resolve mutations for :flutter_plugin_android_lifecycle:bundleLibCompileToJarRelease (Thread[Execution worker Thread 6,5,main]) started.
[        ] :flutter_plugin_android_lifecycle:bundleLibCompileToJarRelease (Thread[Execution worker Thread 6,5,main]) started.
[        ] > Task :flutter_plugin_android_lifecycle:bundleLibCompileToJarRelease UP-TO-DATE
[        ] Caching disabled for task ':flutter_plugin_android_lifecycle:bundleLibCompileToJarRelease' because:
[        ]   Build cache is disabled
[        ]   Simple merging task
[        ] Skipping task ':flutter_plugin_android_lifecycle:bundleLibCompileToJarRelease' as it is up-to-date.
[        ] work action resolve classes.jar (project :flutter_plugin_android_lifecycle) (Thread[Execution worker Thread 6,5,main]) started.
[        ] Resolve mutations for :file_picker:compileReleaseKotlin (Thread[Execution worker Thread 6,5,main]) started.
[        ] :file_picker:compileReleaseKotlin (Thread[Execution worker Thread 6,5,main]) started.
[        ] > Task :file_picker:compileReleaseKotlin UP-TO-DATE
[        ] Adding -Xuse-inline-scopes-numbers Kotlin compiler flag for task :file_picker:compileDebugAndroidTestKotlin
[        ] GradleBuildProject.Builder should not be accessed through AnalyticsConfiguratorService after AnalyticsService is created. Analytics information of this build might be incomplete.
[        ] Caching disabled for task ':file_picker:compileReleaseKotlin' because:
[        ]   Build cache is disabled
[        ] Skipping task ':file_picker:compileReleaseKotlin' as it is up-to-date.
[        ] Resolve mutations for :file_picker:javaPreCompileRelease (Thread[Execution worker Thread 6,5,main]) started.
[        ] :file_picker:javaPreCompileRelease (Thread[Execution worker Thread 6,5,main]) started.
[        ] > Task :file_picker:javaPreCompileRelease UP-TO-DATE
[        ] Caching disabled for task ':file_picker:javaPreCompileRelease' because:
[        ]   Build cache is disabled
[        ] Skipping task ':file_picker:javaPreCompileRelease' as it is up-to-date.
[        ] Resolve mutations for :file_picker:compileReleaseJavaWithJavac (Thread[Execution worker Thread 6,5,main]) started.
[        ] :file_picker:compileReleaseJavaWithJavac (Thread[Execution worker Thread 6,5,main]) started.
[        ] > Task :file_picker:compileReleaseJavaWithJavac NO-SOURCE
[        ] Skipping task ':file_picker:compileReleaseJavaWithJavac' as it has no source files and no previous output files.
[        ] Resolve mutations for :file_picker:mergeReleaseGeneratedProguardFiles (Thread[Execution worker Thread 6,5,main]) started.
[        ] :file_picker:mergeReleaseGeneratedProguardFiles (Thread[Execution worker Thread 6,5,main]) started.
[        ] > Task :file_picker:mergeReleaseGeneratedProguardFiles UP-TO-DATE
[        ] Caching disabled for task ':file_picker:mergeReleaseGeneratedProguardFiles' because:
[        ]   Build cache is disabled
[        ]   Simple merging task
[        ] Skipping task ':file_picker:mergeReleaseGeneratedProguardFiles' as it is up-to-date.
[        ] Resolve mutations for :file_picker:exportReleaseConsumerProguardFiles (Thread[Execution worker Thread 6,5,main]) started.
[        ] :file_picker:exportReleaseConsumerProguardFiles (Thread[Execution worker Thread 6,5,main]) started.
[        ] > Task :file_picker:exportReleaseConsumerProguardFiles UP-TO-DATE
[        ] Caching disabled for task ':file_picker:exportReleaseConsumerProguardFiles' because:
[        ]   Build cache is disabled
[        ]   Caching has been disabled for the task
[        ] Skipping task ':file_picker:exportReleaseConsumerProguardFiles' as it is up-to-date.
[        ] work action resolve exportReleaseConsumerProguardFiles (project :file_picker) (Thread[Execution worker Thread 6,5,main]) started.
[        ] FilterShrinkerRulesTransform (Thread[Execution worker Thread 6,5,main]) started.
[        ] Resolve mutations for :flutter_local_notifications:generateReleaseResValues (Thread[included builds,5,main]) started.
[        ] :flutter_local_notifications:generateReleaseResValues (Thread[Execution worker Thread 10,5,main]) started.
[        ] > Task :flutter_local_notifications:generateReleaseResValues UP-TO-DATE
[        ] Caching disabled for task ':flutter_local_notifications:generateReleaseResValues' because:
[        ]   Build cache is disabled
[        ] Skipping task ':flutter_local_notifications:generateReleaseResValues' as it is up-to-date.
[        ] Resolve mutations for :flutter_local_notifications:generateReleaseResources (Thread[Execution worker Thread 10,5,main]) started.
[        ] :flutter_local_notifications:generateReleaseResources (Thread[Execution worker Thread 10,5,main]) started.
[  +92 ms] > Task :flutter_local_notifications:generateReleaseResources UP-TO-DATE
[        ] Caching disabled for task ':flutter_local_notifications:generateReleaseResources' because:
[        ]   Build cache is disabled
[        ] Skipping task ':flutter_local_notifications:generateReleaseResources' as it is up-to-date.
[        ] Resolve mutations for :flutter_local_notifications:packageReleaseResources (Thread[Execution worker Thread 4,5,main]) started.
[        ] :flutter_local_notifications:packageReleaseResources (Thread[Execution worker Thread 4,5,main]) started.
[        ] > Task :flutter_local_notifications:packageReleaseResources UP-TO-DATE
[        ] Caching disabled for task ':flutter_local_notifications:packageReleaseResources' because:
[        ]   Build cache is disabled
[        ] Skipping task ':flutter_local_notifications:packageReleaseResources' as it is up-to-date.
[        ] work action resolve packageReleaseResources (project :flutter_local_notifications) (Thread[Execution worker Thread 4,5,main]) started.
[        ] Resolve mutations for :flutter_local_notifications:parseReleaseLocalResources (Thread[Execution worker Thread 4,5,main]) started.
[        ] :flutter_local_notifications:parseReleaseLocalResources (Thread[Execution worker Thread 4,5,main]) started.
[        ] > Task :flutter_local_notifications:parseReleaseLocalResources UP-TO-DATE
[        ] Caching disabled for task ':flutter_local_notifications:parseReleaseLocalResources' because:
[        ]   Build cache is disabled
[        ] Skipping task ':flutter_local_notifications:parseReleaseLocalResources' as it is up-to-date.
[        ] Resolve mutations for :flutter_local_notifications:generateReleaseRFile (Thread[Execution worker Thread 4,5,main]) started.
[        ] :flutter_local_notifications:generateReleaseRFile (Thread[Execution worker Thread 5,5,main]) started.
[        ] > Task :flutter_local_notifications:generateReleaseRFile UP-TO-DATE
[        ] Caching disabled for task ':flutter_local_notifications:generateReleaseRFile' because:
[        ]   Build cache is disabled
[        ] Skipping task ':flutter_local_notifications:generateReleaseRFile' as it is up-to-date.
[        ] work action resolve package-aware-r.txt (project :flutter_local_notifications) (Thread[Execution worker Thread 5,5,main]) started.
[        ] Resolve mutations for :flutter_local_notifications:javaPreCompileRelease (Thread[Execution worker Thread 5,5,main]) started.
[        ] :flutter_local_notifications:javaPreCompileRelease (Thread[Execution worker Thread 5,5,main]) started.
[        ] > Task :flutter_local_notifications:javaPreCompileRelease UP-TO-DATE
[        ] Caching disabled for task ':flutter_local_notifications:javaPreCompileRelease' because:
[        ]   Build cache is disabled
[        ] Skipping task ':flutter_local_notifications:javaPreCompileRelease' as it is up-to-date.
[        ] Resolve mutations for :flutter_local_notifications:compileReleaseJavaWithJavac (Thread[Execution worker Thread 5,5,main]) started.
[        ] :flutter_local_notifications:compileReleaseJavaWithJavac (Thread[Execution worker Thread 5,5,main]) started.
[        ] > Task :flutter_local_notifications:compileReleaseJavaWithJavac UP-TO-DATE
[   +1 ms] Custom actions are attached to task ':flutter_local_notifications:compileReleaseJavaWithJavac'.
[        ] Caching disabled for task ':flutter_local_notifications:compileReleaseJavaWithJavac' because:
[        ]   Build cache is disabled
[        ] Skipping task ':flutter_local_notifications:compileReleaseJavaWithJavac' as it is up-to-date.
[        ] No compile result for :flutter_local_notifications:compileReleaseJavaWithJavac
[        ] No compile result for :flutter_local_notifications:compileReleaseJavaWithJavac
[        ] No compile result for :flutter_local_notifications:compileReleaseJavaWithJavac
[        ] Resolve mutations for :flutter_local_notifications:mergeReleaseGeneratedProguardFiles (Thread[Execution worker Thread 5,5,main]) started.
[        ] :flutter_local_notifications:mergeReleaseGeneratedProguardFiles (Thread[Execution worker Thread 5,5,main]) started.
[        ] > Task :flutter_local_notifications:mergeReleaseGeneratedProguardFiles UP-TO-DATE
[        ] Caching disabled for task ':flutter_local_notifications:mergeReleaseGeneratedProguardFiles' because:
[        ]   Build cache is disabled
[        ]   Simple merging task
[        ] Skipping task ':flutter_local_notifications:mergeReleaseGeneratedProguardFiles' as it is up-to-date.
[        ] Resolve mutations for :flutter_local_notifications:exportReleaseConsumerProguardFiles (Thread[Execution worker Thread 5,5,main]) started.
[        ] :flutter_local_notifications:exportReleaseConsumerProguardFiles (Thread[Execution worker Thread 8,5,main]) started.
[        ] > Task :flutter_local_notifications:exportReleaseConsumerProguardFiles UP-TO-DATE
[        ] Caching disabled for task ':flutter_local_notifications:exportReleaseConsumerProguardFiles' because:
[        ]   Build cache is disabled
[        ]   Caching has been disabled for the task
[        ] Skipping task ':flutter_local_notifications:exportReleaseConsumerProguardFiles' as it is up-to-date.
[        ] work action resolve exportReleaseConsumerProguardFiles (project :flutter_local_notifications) (Thread[Execution worker Thread 8,5,main]) started.
[        ] FilterShrinkerRulesTransform (Thread[Execution worker Thread 7,5,main]) started.
[        ] Resolve mutations for :image_picker_android:generateReleaseResValues (Thread[Execution worker Thread 8,5,main]) started.
[        ] :image_picker_android:generateReleaseResValues (Thread[Execution worker Thread 4,5,main]) started.
[        ] > Task :image_picker_android:generateReleaseResValues UP-TO-DATE
[        ] Caching disabled for task ':image_picker_android:generateReleaseResValues' because:
[        ]   Build cache is disabled
[        ] Skipping task ':image_picker_android:generateReleaseResValues' as it is up-to-date.
[        ] Resolve mutations for :image_picker_android:generateReleaseResources (Thread[Execution worker Thread 4,5,main]) started.
[        ] :image_picker_android:generateReleaseResources (Thread[Execution worker Thread 4,5,main]) started.
[        ] > Task :image_picker_android:generateReleaseResources UP-TO-DATE
[        ] Caching disabled for task ':image_picker_android:generateReleaseResources' because:
[        ]   Build cache is disabled
[        ] Skipping task ':image_picker_android:generateReleaseResources' as it is up-to-date.
[        ] Resolve mutations for :image_picker_android:packageReleaseResources (Thread[Execution worker Thread 4,5,main]) started.
[        ] :image_picker_android:packageReleaseResources (Thread[Execution worker Thread 4,5,main]) started.
[        ] > Task :image_picker_android:packageReleaseResources UP-TO-DATE
[        ] Caching disabled for task ':image_picker_android:packageReleaseResources' because:
[        ]   Build cache is disabled
[        ] Skipping task ':image_picker_android:packageReleaseResources' as it is up-to-date.
[        ] work action resolve packageReleaseResources (project :image_picker_android) (Thread[Execution worker Thread 4,5,main]) started.
[        ] Resolve mutations for :image_picker_android:parseReleaseLocalResources (Thread[Execution worker Thread 4,5,main]) started.
[        ] :image_picker_android:parseReleaseLocalResources (Thread[Execution worker Thread 4,5,main]) started.
[  +84 ms] > Task :image_picker_android:parseReleaseLocalResources UP-TO-DATE
[        ] Caching disabled for task ':image_picker_android:parseReleaseLocalResources' because:
[        ]   Build cache is disabled
[        ] Skipping task ':image_picker_android:parseReleaseLocalResources' as it is up-to-date.
[        ] Resolve mutations for :image_picker_android:generateReleaseRFile (Thread[Execution worker Thread 4,5,main]) started.
[        ] :image_picker_android:generateReleaseRFile (Thread[Execution worker Thread 4,5,main]) started.
[        ] > Task :image_picker_android:generateReleaseRFile UP-TO-DATE
[        ] Caching disabled for task ':image_picker_android:generateReleaseRFile' because:
[        ]   Build cache is disabled
[        ] Skipping task ':image_picker_android:generateReleaseRFile' as it is up-to-date.
[        ] work action resolve package-aware-r.txt (project :image_picker_android) (Thread[Execution worker Thread 9,5,main]) started.
[        ] Resolve mutations for :image_picker_android:javaPreCompileRelease (Thread[Execution worker Thread 9,5,main]) started.
[        ] :image_picker_android:javaPreCompileRelease (Thread[Execution worker Thread 9,5,main]) started.
[        ] > Task :image_picker_android:javaPreCompileRelease UP-TO-DATE
[        ] Caching disabled for task ':image_picker_android:javaPreCompileRelease' because:
[        ]   Build cache is disabled
[        ] Skipping task ':image_picker_android:javaPreCompileRelease' as it is up-to-date.
[        ] Resolve mutations for :image_picker_android:compileReleaseJavaWithJavac (Thread[Execution worker Thread 9,5,main]) started.
[        ] :image_picker_android:compileReleaseJavaWithJavac (Thread[Execution worker Thread 9,5,main]) started.
[        ] > Task :image_picker_android:compileReleaseJavaWithJavac UP-TO-DATE
[        ] Custom actions are attached to task ':image_picker_android:compileReleaseJavaWithJavac'.
[        ] Caching disabled for task ':image_picker_android:compileReleaseJavaWithJavac' because:
[        ]   Build cache is disabled
[        ] Skipping task ':image_picker_android:compileReleaseJavaWithJavac' as it is up-to-date.
[        ] No compile result for :image_picker_android:compileReleaseJavaWithJavac
[        ] No compile result for :image_picker_android:compileReleaseJavaWithJavac
[        ] No compile result for :image_picker_android:compileReleaseJavaWithJavac
[        ] Resolve mutations for :image_picker_android:mergeReleaseGeneratedProguardFiles (Thread[Execution worker Thread 9,5,main]) started.
[        ] :image_picker_android:mergeReleaseGeneratedProguardFiles (Thread[Execution worker Thread 9,5,main]) started.
[        ] > Task :image_picker_android:mergeReleaseGeneratedProguardFiles UP-TO-DATE
[        ] Caching disabled for task ':image_picker_android:mergeReleaseGeneratedProguardFiles' because:
[        ]   Build cache is disabled
[        ]   Simple merging task
[        ] Skipping task ':image_picker_android:mergeReleaseGeneratedProguardFiles' as it is up-to-date.
[        ] Resolve mutations for :image_picker_android:exportReleaseConsumerProguardFiles (Thread[Execution worker Thread 9,5,main]) started.
[        ] :image_picker_android:exportReleaseConsumerProguardFiles (Thread[Execution worker Thread 9,5,main]) started.
[        ] > Task :image_picker_android:exportReleaseConsumerProguardFiles UP-TO-DATE
[        ] Caching disabled for task ':image_picker_android:exportReleaseConsumerProguardFiles' because:
[        ]   Build cache is disabled
[        ]   Caching has been disabled for the task
[        ] Skipping task ':image_picker_android:exportReleaseConsumerProguardFiles' as it is up-to-date.
[        ] work action resolve exportReleaseConsumerProguardFiles (project :image_picker_android) (Thread[Execution worker Thread 9,5,main]) started.
[        ] FilterShrinkerRulesTransform (Thread[Execution worker Thread 9,5,main]) started.
[        ] Resolve mutations for :flutter_plugin_android_lifecycle:mergeReleaseGeneratedProguardFiles (Thread[Execution worker Thread 6,5,main]) started.
[        ] :flutter_plugin_android_lifecycle:mergeReleaseGeneratedProguardFiles (Thread[Execution worker Thread 6,5,main]) started.
[        ] > Task :flutter_plugin_android_lifecycle:mergeReleaseGeneratedProguardFiles UP-TO-DATE
[        ] Caching disabled for task ':flutter_plugin_android_lifecycle:mergeReleaseGeneratedProguardFiles' because:
[        ]   Build cache is disabled
[        ]   Simple merging task
[        ] Skipping task ':flutter_plugin_android_lifecycle:mergeReleaseGeneratedProguardFiles' as it is up-to-date.
[        ] Resolve mutations for :flutter_plugin_android_lifecycle:exportReleaseConsumerProguardFiles (Thread[Execution worker Thread 6,5,main]) started.
[        ] :flutter_plugin_android_lifecycle:exportReleaseConsumerProguardFiles (Thread[Execution worker Thread 6,5,main]) started.
[        ] > Task :flutter_plugin_android_lifecycle:exportReleaseConsumerProguardFiles UP-TO-DATE
[        ] Caching disabled for task ':flutter_plugin_android_lifecycle:exportReleaseConsumerProguardFiles' because:
[        ]   Build cache is disabled
[        ]   Caching has been disabled for the task
[        ] Skipping task ':flutter_plugin_android_lifecycle:exportReleaseConsumerProguardFiles' as it is up-to-date.
[        ] work action resolve exportReleaseConsumerProguardFiles (project :flutter_plugin_android_lifecycle) (Thread[Execution worker Thread 6,5,main]) started.
[        ] FilterShrinkerRulesTransform (Thread[Execution worker Thread 6,5,main]) started.
[        ] Resolve mutations for :flutter_secure_storage:generateReleaseBuildConfig (Thread[Execution worker Thread 9,5,main]) started.
[        ] :flutter_secure_storage:generateReleaseBuildConfig (Thread[Execution worker Thread 9,5,main]) started.
[        ] > Task :flutter_secure_storage:generateReleaseBuildConfig UP-TO-DATE
[        ] Caching disabled for task ':flutter_secure_storage:generateReleaseBuildConfig' because:
[        ]   Build cache is disabled
[        ] Skipping task ':flutter_secure_storage:generateReleaseBuildConfig' as it is up-to-date.
[        ] Resolve mutations for :flutter_secure_storage:generateReleaseResValues (Thread[Execution worker Thread 9,5,main]) started.
[        ] :flutter_secure_storage:generateReleaseResValues (Thread[Execution worker Thread 9,5,main]) started.
[        ] > Task :flutter_secure_storage:generateReleaseResValues UP-TO-DATE
[        ] Caching disabled for task ':flutter_secure_storage:generateReleaseResValues' because:
[        ]   Build cache is disabled
[        ] Skipping task ':flutter_secure_storage:generateReleaseResValues' as it is up-to-date.
[        ] Resolve mutations for :flutter_secure_storage:generateReleaseResources (Thread[Execution worker Thread 9,5,main]) started.
[        ] :flutter_secure_storage:generateReleaseResources (Thread[Execution worker Thread 9,5,main]) started.
[        ] > Task :flutter_secure_storage:generateReleaseResources UP-TO-DATE
[        ] Caching disabled for task ':flutter_secure_storage:generateReleaseResources' because:
[        ]   Build cache is disabled
[        ] Skipping task ':flutter_secure_storage:generateReleaseResources' as it is up-to-date.
[        ] Resolve mutations for :flutter_secure_storage:packageReleaseResources (Thread[Execution worker Thread 9,5,main]) started.
[        ] :flutter_secure_storage:packageReleaseResources (Thread[Execution worker Thread 9,5,main]) started.
[        ] > Task :flutter_secure_storage:packageReleaseResources UP-TO-DATE
[        ] Caching disabled for task ':flutter_secure_storage:packageReleaseResources' because:
[        ]   Build cache is disabled
[        ] Skipping task ':flutter_secure_storage:packageReleaseResources' as it is up-to-date.
[        ] work action resolve packageReleaseResources (project :flutter_secure_storage) (Thread[Execution worker Thread 9,5,main]) started.
[        ] Resolve mutations for :flutter_secure_storage:parseReleaseLocalResources (Thread[Execution worker Thread 9,5,main]) started.
[        ] :flutter_secure_storage:parseReleaseLocalResources (Thread[Execution worker Thread 9,5,main]) started.
[  +87 ms] > Task :flutter_secure_storage:parseReleaseLocalResources UP-TO-DATE
[        ] Caching disabled for task ':flutter_secure_storage:parseReleaseLocalResources' because:
[        ]   Build cache is disabled
[        ] Skipping task ':flutter_secure_storage:parseReleaseLocalResources' as it is up-to-date.
[        ] Resolve mutations for :flutter_secure_storage:generateReleaseRFile (Thread[Execution worker Thread 9,5,main]) started.
[        ] :flutter_secure_storage:generateReleaseRFile (Thread[Execution worker Thread 9,5,main]) started.
[        ] > Task :flutter_secure_storage:generateReleaseRFile UP-TO-DATE
[        ] Caching disabled for task ':flutter_secure_storage:generateReleaseRFile' because:
[        ]   Build cache is disabled
[        ] Skipping task ':flutter_secure_storage:generateReleaseRFile' as it is up-to-date.
[        ] work action resolve package-aware-r.txt (project :flutter_secure_storage) (Thread[Execution worker Thread 9,5,main]) started.
[        ] Resolve mutations for :flutter_secure_storage:javaPreCompileRelease (Thread[Execution worker Thread 9,5,main]) started.
[        ] :flutter_secure_storage:javaPreCompileRelease (Thread[Execution worker Thread 8,5,main]) started.
[        ] > Task :flutter_secure_storage:javaPreCompileRelease UP-TO-DATE
[        ] Caching disabled for task ':flutter_secure_storage:javaPreCompileRelease' because:
[        ]   Build cache is disabled
[        ] Skipping task ':flutter_secure_storage:javaPreCompileRelease' as it is up-to-date.
[        ] Resolve mutations for :flutter_secure_storage:compileReleaseJavaWithJavac (Thread[Execution worker Thread 8,5,main]) started.
[        ] :flutter_secure_storage:compileReleaseJavaWithJavac (Thread[Execution worker Thread 8,5,main]) started.
[        ] > Task :flutter_secure_storage:compileReleaseJavaWithJavac UP-TO-DATE
[        ] Custom actions are attached to task ':flutter_secure_storage:compileReleaseJavaWithJavac'.
[        ] Caching disabled for task ':flutter_secure_storage:compileReleaseJavaWithJavac' because:
[        ]   Build cache is disabled
[        ] Skipping task ':flutter_secure_storage:compileReleaseJavaWithJavac' as it is up-to-date.
[        ] No compile result for :flutter_secure_storage:compileReleaseJavaWithJavac
[        ] No compile result for :flutter_secure_storage:compileReleaseJavaWithJavac
[        ] No compile result for :flutter_secure_storage:compileReleaseJavaWithJavac
[        ] Resolve mutations for :flutter_secure_storage:mergeReleaseGeneratedProguardFiles (Thread[Execution worker Thread 8,5,main]) started.
[        ] :flutter_secure_storage:mergeReleaseGeneratedProguardFiles (Thread[Execution worker Thread 8,5,main]) started.
[        ] > Task :flutter_secure_storage:mergeReleaseGeneratedProguardFiles UP-TO-DATE
[        ] Caching disabled for task ':flutter_secure_storage:mergeReleaseGeneratedProguardFiles' because:
[        ]   Build cache is disabled
[        ]   Simple merging task
[        ] Skipping task ':flutter_secure_storage:mergeReleaseGeneratedProguardFiles' as it is up-to-date.
[        ] Resolve mutations for :flutter_secure_storage:exportReleaseConsumerProguardFiles (Thread[Execution worker Thread 8,5,main]) started.
[        ] :flutter_secure_storage:exportReleaseConsumerProguardFiles (Thread[Execution worker Thread 8,5,main]) started.
[        ] > Task :flutter_secure_storage:exportReleaseConsumerProguardFiles UP-TO-DATE
[        ] Caching disabled for task ':flutter_secure_storage:exportReleaseConsumerProguardFiles' because:
[        ]   Build cache is disabled
[        ]   Caching has been disabled for the task
[        ] Skipping task ':flutter_secure_storage:exportReleaseConsumerProguardFiles' as it is up-to-date.
[        ] work action resolve exportReleaseConsumerProguardFiles (project :flutter_secure_storage) (Thread[Execution worker Thread 8,5,main]) started.
[        ] FilterShrinkerRulesTransform (Thread[Execution worker Thread 8,5,main]) started.
[        ] Resolve mutations for :geolocator_android:generateReleaseResValues (Thread[Execution worker Thread 4,5,main]) started.
[        ] :geolocator_android:generateReleaseResValues (Thread[Execution worker Thread 4,5,main]) started.
[        ] > Task :geolocator_android:generateReleaseResValues UP-TO-DATE
[        ] Caching disabled for task ':geolocator_android:generateReleaseResValues' because:
[        ]   Build cache is disabled
[        ] Skipping task ':geolocator_android:generateReleaseResValues' as it is up-to-date.
[        ] Resolve mutations for :geolocator_android:generateReleaseResources (Thread[Execution worker Thread 4,5,main]) started.
[        ] :geolocator_android:generateReleaseResources (Thread[Execution worker Thread 4,5,main]) started.
[        ] > Task :geolocator_android:generateReleaseResources UP-TO-DATE
[        ] Caching disabled for task ':geolocator_android:generateReleaseResources' because:
[        ]   Build cache is disabled
[        ] Skipping task ':geolocator_android:generateReleaseResources' as it is up-to-date.
[        ] Resolve mutations for :geolocator_android:packageReleaseResources (Thread[Execution worker Thread 4,5,main]) started.
[        ] :geolocator_android:packageReleaseResources (Thread[Execution worker Thread 4,5,main]) started.
[        ] > Task :geolocator_android:packageReleaseResources UP-TO-DATE
[        ] Caching disabled for task ':geolocator_android:packageReleaseResources' because:
[        ]   Build cache is disabled
[        ] Skipping task ':geolocator_android:packageReleaseResources' as it is up-to-date.
[        ] work action resolve packageReleaseResources (project :geolocator_android) (Thread[Execution worker Thread 4,5,main]) started.
[        ] Resolve mutations for :geolocator_android:parseReleaseLocalResources (Thread[Execution worker Thread 4,5,main]) started.
[        ] :geolocator_android:parseReleaseLocalResources (Thread[Execution worker Thread 4,5,main]) started.
[        ] > Task :geolocator_android:parseReleaseLocalResources UP-TO-DATE
[        ] Caching disabled for task ':geolocator_android:parseReleaseLocalResources' because:
[        ]   Build cache is disabled
[        ] Skipping task ':geolocator_android:parseReleaseLocalResources' as it is up-to-date.
[        ] Resolve mutations for :geolocator_android:generateReleaseRFile (Thread[Execution worker Thread 4,5,main]) started.
[        ] :geolocator_android:generateReleaseRFile (Thread[Execution worker Thread 4,5,main]) started.
[        ] > Task :geolocator_android:generateReleaseRFile UP-TO-DATE
[        ] Caching disabled for task ':geolocator_android:generateReleaseRFile' because:
[        ]   Build cache is disabled
[        ] Skipping task ':geolocator_android:generateReleaseRFile' as it is up-to-date.
[        ] work action resolve package-aware-r.txt (project :geolocator_android) (Thread[Execution worker Thread 4,5,main]) started.
[        ] Resolve mutations for :geolocator_android:javaPreCompileRelease (Thread[Execution worker Thread 4,5,main]) started.
[        ] :geolocator_android:javaPreCompileRelease (Thread[Execution worker Thread 4,5,main]) started.
[        ] > Task :geolocator_android:javaPreCompileRelease UP-TO-DATE
[        ] Caching disabled for task ':geolocator_android:javaPreCompileRelease' because:
[        ]   Build cache is disabled
[        ] Skipping task ':geolocator_android:javaPreCompileRelease' as it is up-to-date.
[        ] Resolve mutations for :geolocator_android:compileReleaseJavaWithJavac (Thread[Execution worker Thread 4,5,main]) started.
[        ] :geolocator_android:compileReleaseJavaWithJavac (Thread[Execution worker Thread 4,5,main]) started.
[  +87 ms] > Task :geolocator_android:compileReleaseJavaWithJavac UP-TO-DATE
[        ] Custom actions are attached to task ':geolocator_android:compileReleaseJavaWithJavac'.
[        ] Caching disabled for task ':geolocator_android:compileReleaseJavaWithJavac' because:
[        ]   Build cache is disabled
[        ] Skipping task ':geolocator_android:compileReleaseJavaWithJavac' as it is up-to-date.
[        ] No compile result for :geolocator_android:compileReleaseJavaWithJavac
[        ] No compile result for :geolocator_android:compileReleaseJavaWithJavac
[        ] No compile result for :geolocator_android:compileReleaseJavaWithJavac
[        ] Resolve mutations for :geolocator_android:mergeReleaseGeneratedProguardFiles (Thread[Execution worker Thread 4,5,main]) started.
[        ] :geolocator_android:mergeReleaseGeneratedProguardFiles (Thread[Execution worker Thread 5,5,main]) started.
[        ] > Task :geolocator_android:mergeReleaseGeneratedProguardFiles UP-TO-DATE
[        ] Caching disabled for task ':geolocator_android:mergeReleaseGeneratedProguardFiles' because:
[        ]   Build cache is disabled
[        ]   Simple merging task
[        ] Skipping task ':geolocator_android:mergeReleaseGeneratedProguardFiles' as it is up-to-date.
[        ] Resolve mutations for :geolocator_android:exportReleaseConsumerProguardFiles (Thread[Execution worker Thread 5,5,main]) started.
[        ] :geolocator_android:exportReleaseConsumerProguardFiles (Thread[Execution worker Thread 5,5,main]) started.
[        ] > Task :geolocator_android:exportReleaseConsumerProguardFiles UP-TO-DATE
[        ] Caching disabled for task ':geolocator_android:exportReleaseConsumerProguardFiles' because:
[        ]   Build cache is disabled
[        ]   Caching has been disabled for the task
[        ] Skipping task ':geolocator_android:exportReleaseConsumerProguardFiles' as it is up-to-date.
[        ] work action resolve exportReleaseConsumerProguardFiles (project :geolocator_android) (Thread[Execution worker Thread 5,5,main]) started.
[        ] FilterShrinkerRulesTransform (Thread[Execution worker Thread 5,5,main]) started.
[        ] Resolve mutations for :mobile_scanner:checkKotlinGradlePluginConfigurationErrors (Thread[Execution worker Thread 2,5,main]) started.
[        ] :mobile_scanner:checkKotlinGradlePluginConfigurationErrors (Thread[Execution worker Thread 2,5,main]) started.
[        ] > Task :mobile_scanner:checkKotlinGradlePluginConfigurationErrors SKIPPED
[        ] Skipping task ':mobile_scanner:checkKotlinGradlePluginConfigurationErrors' as task onlyIf 'errorDiagnostics are present' is false.
[        ] Resolve mutations for :mobile_scanner:generateReleaseResValues (Thread[Execution worker Thread 2,5,main]) started.
[        ] :mobile_scanner:generateReleaseResValues (Thread[Execution worker Thread 2,5,main]) started.
[        ] > Task :mobile_scanner:generateReleaseResValues UP-TO-DATE
[        ] Caching disabled for task ':mobile_scanner:generateReleaseResValues' because:
[        ]   Build cache is disabled
[        ] Skipping task ':mobile_scanner:generateReleaseResValues' as it is up-to-date.
[        ] Resolve mutations for :mobile_scanner:generateReleaseResources (Thread[Execution worker Thread 2,5,main]) started.
[        ] :mobile_scanner:generateReleaseResources (Thread[Execution worker Thread 2,5,main]) started.
[        ] > Task :mobile_scanner:generateReleaseResources UP-TO-DATE
[        ] Caching disabled for task ':mobile_scanner:generateReleaseResources' because:
[        ]   Build cache is disabled
[        ] Skipping task ':mobile_scanner:generateReleaseResources' as it is up-to-date.
[        ] Resolve mutations for :mobile_scanner:packageReleaseResources (Thread[Execution worker Thread 2,5,main]) started.
[        ] :mobile_scanner:packageReleaseResources (Thread[Execution worker Thread 2,5,main]) started.
[        ] > Task :mobile_scanner:packageReleaseResources UP-TO-DATE
[        ] Caching disabled for task ':mobile_scanner:packageReleaseResources' because:
[        ]   Build cache is disabled
[        ] Skipping task ':mobile_scanner:packageReleaseResources' as it is up-to-date.
[        ] work action resolve packageReleaseResources (project :mobile_scanner) (Thread[Execution worker Thread 2,5,main]) started.
[        ] Resolve mutations for :mobile_scanner:parseReleaseLocalResources (Thread[Execution worker Thread 2,5,main]) started.
[        ] :mobile_scanner:parseReleaseLocalResources (Thread[Execution worker Thread 2,5,main]) started.
[        ] > Task :mobile_scanner:parseReleaseLocalResources UP-TO-DATE
[        ] Caching disabled for task ':mobile_scanner:parseReleaseLocalResources' because:
[        ]   Build cache is disabled
[        ] Skipping task ':mobile_scanner:parseReleaseLocalResources' as it is up-to-date.
[        ] Resolve mutations for :mobile_scanner:generateReleaseRFile (Thread[Execution worker Thread 2,5,main]) started.
[        ] :mobile_scanner:generateReleaseRFile (Thread[Execution worker Thread 2,5,main]) started.
[        ] > Task :mobile_scanner:generateReleaseRFile UP-TO-DATE
[        ] Caching disabled for task ':mobile_scanner:generateReleaseRFile' because:
[        ]   Build cache is disabled
[        ] Skipping task ':mobile_scanner:generateReleaseRFile' as it is up-to-date.
[        ] work action resolve package-aware-r.txt (project :mobile_scanner) (Thread[Execution worker Thread 2,5,main]) started.
[        ] Resolve mutations for :mobile_scanner:compileReleaseKotlin (Thread[Execution worker Thread 2,5,main]) started.
[        ] :mobile_scanner:compileReleaseKotlin (Thread[Execution worker Thread 2,5,main]) started.
[  +91 ms] > Task :mobile_scanner:compileReleaseKotlin UP-TO-DATE
[        ] Adding -Xuse-inline-scopes-numbers Kotlin compiler flag for task :mobile_scanner:compileDebugAndroidTestKotlin
[        ] GradleBuildProject.Builder should not be accessed through AnalyticsConfiguratorService after AnalyticsService is created. Analytics information of this build might be incomplete.
[        ] Caching disabled for task ':mobile_scanner:compileReleaseKotlin' because:
[        ]   Build cache is disabled
[        ] Skipping task ':mobile_scanner:compileReleaseKotlin' as it is up-to-date.
[        ] Resolve mutations for :mobile_scanner:javaPreCompileRelease (Thread[Execution worker Thread 2,5,main]) started.
[        ] :mobile_scanner:javaPreCompileRelease (Thread[included builds,5,main]) started.
[        ] > Task :mobile_scanner:javaPreCompileRelease UP-TO-DATE
[        ] Caching disabled for task ':mobile_scanner:javaPreCompileRelease' because:
[        ]   Build cache is disabled
[        ] Skipping task ':mobile_scanner:javaPreCompileRelease' as it is up-to-date.
[        ] Resolve mutations for :mobile_scanner:compileReleaseJavaWithJavac (Thread[included builds,5,main]) started.
[        ] :mobile_scanner:compileReleaseJavaWithJavac (Thread[included builds,5,main]) started.
[        ] > Task :mobile_scanner:compileReleaseJavaWithJavac NO-SOURCE
[        ] Skipping task ':mobile_scanner:compileReleaseJavaWithJavac' as it has no source files and no previous output files.
[        ] Resolve mutations for :mobile_scanner:mergeReleaseGeneratedProguardFiles (Thread[included builds,5,main]) started.
[        ] :mobile_scanner:mergeReleaseGeneratedProguardFiles (Thread[included builds,5,main]) started.
[        ] > Task :mobile_scanner:mergeReleaseGeneratedProguardFiles UP-TO-DATE
[        ] Caching disabled for task ':mobile_scanner:mergeReleaseGeneratedProguardFiles' because:
[        ]   Build cache is disabled
[        ]   Simple merging task
[        ] Skipping task ':mobile_scanner:mergeReleaseGeneratedProguardFiles' as it is up-to-date.
[        ] Resolve mutations for :mobile_scanner:exportReleaseConsumerProguardFiles (Thread[included builds,5,main]) started.
[        ] :mobile_scanner:exportReleaseConsumerProguardFiles (Thread[included builds,5,main]) started.
[        ] > Task :mobile_scanner:exportReleaseConsumerProguardFiles UP-TO-DATE
[        ] Caching disabled for task ':mobile_scanner:exportReleaseConsumerProguardFiles' because:
[        ]   Build cache is disabled
[        ]   Caching has been disabled for the task
[        ] Skipping task ':mobile_scanner:exportReleaseConsumerProguardFiles' as it is up-to-date.
[        ] work action resolve exportReleaseConsumerProguardFiles (project :mobile_scanner) (Thread[included builds,5,main]) started.
[        ] FilterShrinkerRulesTransform (Thread[included builds,5,main]) started.
[        ] Resolve mutations for :package_info_plus:checkKotlinGradlePluginConfigurationErrors (Thread[Execution worker Thread 9,5,main]) started.
[        ] :package_info_plus:checkKotlinGradlePluginConfigurationErrors (Thread[Execution worker Thread 9,5,main]) started.
[        ] > Task :package_info_plus:checkKotlinGradlePluginConfigurationErrors SKIPPED
[        ] Skipping task ':package_info_plus:checkKotlinGradlePluginConfigurationErrors' as task onlyIf 'errorDiagnostics are present' is false.
[        ] Resolve mutations for :package_info_plus:generateReleaseResValues (Thread[Execution worker Thread 9,5,main]) started.
[        ] :package_info_plus:generateReleaseResValues (Thread[Execution worker Thread 9,5,main]) started.
[        ] > Task :package_info_plus:generateReleaseResValues UP-TO-DATE
[        ] Caching disabled for task ':package_info_plus:generateReleaseResValues' because:
[        ]   Build cache is disabled
[        ] Skipping task ':package_info_plus:generateReleaseResValues' as it is up-to-date.
[        ] Resolve mutations for :package_info_plus:generateReleaseResources (Thread[Execution worker Thread 9,5,main]) started.
[        ] :package_info_plus:generateReleaseResources (Thread[Execution worker Thread 9,5,main]) started.
[        ] > Task :package_info_plus:generateReleaseResources UP-TO-DATE
[        ] Caching disabled for task ':package_info_plus:generateReleaseResources' because:
[        ]   Build cache is disabled
[        ] Skipping task ':package_info_plus:generateReleaseResources' as it is up-to-date.
[        ] Resolve mutations for :package_info_plus:packageReleaseResources (Thread[Execution worker Thread 9,5,main]) started.
[        ] :package_info_plus:packageReleaseResources (Thread[Execution worker Thread 9,5,main]) started.
[        ] > Task :package_info_plus:packageReleaseResources UP-TO-DATE
[        ] Caching disabled for task ':package_info_plus:packageReleaseResources' because:
[        ]   Build cache is disabled
[        ] Skipping task ':package_info_plus:packageReleaseResources' as it is up-to-date.
[        ] work action resolve packageReleaseResources (project :package_info_plus) (Thread[Execution worker Thread 9,5,main]) started.
[        ] Resolve mutations for :package_info_plus:parseReleaseLocalResources (Thread[Execution worker Thread 4,5,main]) started.
[        ] :package_info_plus:parseReleaseLocalResources (Thread[Execution worker Thread 4,5,main]) started.
[        ] > Task :package_info_plus:parseReleaseLocalResources UP-TO-DATE
[        ] Caching disabled for task ':package_info_plus:parseReleaseLocalResources' because:
[        ]   Build cache is disabled
[        ] Skipping task ':package_info_plus:parseReleaseLocalResources' as it is up-to-date.
[        ] Resolve mutations for :package_info_plus:generateReleaseRFile (Thread[Execution worker Thread 3,5,main]) started.
[        ] :package_info_plus:generateReleaseRFile (Thread[Execution worker Thread 5,5,main]) started.
[        ] > Task :package_info_plus:generateReleaseRFile UP-TO-DATE
[        ] Caching disabled for task ':package_info_plus:generateReleaseRFile' because:
[        ]   Build cache is disabled
[        ] Skipping task ':package_info_plus:generateReleaseRFile' as it is up-to-date.
[        ] work action resolve package-aware-r.txt (project :package_info_plus) (Thread[Execution worker Thread 5,5,main]) started.
[        ] Resolve mutations for :package_info_plus:compileReleaseKotlin (Thread[Execution worker Thread 5,5,main]) started.
[        ] :package_info_plus:compileReleaseKotlin (Thread[Execution worker Thread 5,5,main]) started.
[  +87 ms] > Task :package_info_plus:compileReleaseKotlin UP-TO-DATE
[        ] Adding -Xuse-inline-scopes-numbers Kotlin compiler flag for task :package_info_plus:compileDebugAndroidTestKotlin
[        ] GradleBuildProject.Builder should not be accessed through AnalyticsConfiguratorService after AnalyticsService is created. Analytics information of this build might be incomplete.
[        ] Caching disabled for task ':package_info_plus:compileReleaseKotlin' because:
[        ]   Build cache is disabled
[        ] Skipping task ':package_info_plus:compileReleaseKotlin' as it is up-to-date.
[        ] Resolve mutations for :package_info_plus:javaPreCompileRelease (Thread[Execution worker Thread 5,5,main]) started.
[        ] :package_info_plus:javaPreCompileRelease (Thread[Execution worker Thread 5,5,main]) started.
[        ] > Task :package_info_plus:javaPreCompileRelease UP-TO-DATE
[        ] Caching disabled for task ':package_info_plus:javaPreCompileRelease' because:
[        ]   Build cache is disabled
[        ] Skipping task ':package_info_plus:javaPreCompileRelease' as it is up-to-date.
[        ] Resolve mutations for :package_info_plus:compileReleaseJavaWithJavac (Thread[Execution worker Thread 5,5,main]) started.
[        ] :package_info_plus:compileReleaseJavaWithJavac (Thread[Execution worker Thread 5,5,main]) started.
[        ] > Task :package_info_plus:compileReleaseJavaWithJavac NO-SOURCE
[        ] Skipping task ':package_info_plus:compileReleaseJavaWithJavac' as it has no source files and no previous output files.
[        ] Resolve mutations for :package_info_plus:mergeReleaseGeneratedProguardFiles (Thread[Execution worker Thread 5,5,main]) started.
[        ] :package_info_plus:mergeReleaseGeneratedProguardFiles (Thread[Execution worker Thread 5,5,main]) started.
[        ] > Task :package_info_plus:mergeReleaseGeneratedProguardFiles UP-TO-DATE
[        ] Caching disabled for task ':package_info_plus:mergeReleaseGeneratedProguardFiles' because:
[        ]   Build cache is disabled
[        ]   Simple merging task
[        ] Skipping task ':package_info_plus:mergeReleaseGeneratedProguardFiles' as it is up-to-date.
[        ] Resolve mutations for :package_info_plus:exportReleaseConsumerProguardFiles (Thread[Execution worker Thread 5,5,main]) started.
[        ] :package_info_plus:exportReleaseConsumerProguardFiles (Thread[Execution worker Thread 5,5,main]) started.
[        ] > Task :package_info_plus:exportReleaseConsumerProguardFiles UP-TO-DATE
[        ] Caching disabled for task ':package_info_plus:exportReleaseConsumerProguardFiles' because:
[        ]   Build cache is disabled
[        ]   Caching has been disabled for the task
[        ] Skipping task ':package_info_plus:exportReleaseConsumerProguardFiles' as it is up-to-date.
[        ] work action resolve exportReleaseConsumerProguardFiles (project :package_info_plus) (Thread[Execution worker Thread 5,5,main]) started.
[        ] FilterShrinkerRulesTransform (Thread[Execution worker Thread 5,5,main]) started.
[        ] Resolve mutations for :path_provider_android:generateReleaseResValues (Thread[Execution worker Thread 8,5,main]) started.
[        ] :path_provider_android:generateReleaseResValues (Thread[Execution worker Thread 8,5,main]) started.
[        ] > Task :path_provider_android:generateReleaseResValues UP-TO-DATE
[        ] Caching disabled for task ':path_provider_android:generateReleaseResValues' because:
[        ]   Build cache is disabled
[        ] Skipping task ':path_provider_android:generateReleaseResValues' as it is up-to-date.
[        ] Resolve mutations for :path_provider_android:generateReleaseResources (Thread[Execution worker Thread 8,5,main]) started.
[        ] :path_provider_android:generateReleaseResources (Thread[Execution worker Thread 8,5,main]) started.
[        ] > Task :path_provider_android:generateReleaseResources UP-TO-DATE
[        ] Caching disabled for task ':path_provider_android:generateReleaseResources' because:
[        ]   Build cache is disabled
[        ] Skipping task ':path_provider_android:generateReleaseResources' as it is up-to-date.
[        ] Resolve mutations for :path_provider_android:packageReleaseResources (Thread[Execution worker Thread 8,5,main]) started.
[        ] :path_provider_android:packageReleaseResources (Thread[Execution worker Thread 8,5,main]) started.
[        ] > Task :path_provider_android:packageReleaseResources UP-TO-DATE
[        ] Caching disabled for task ':path_provider_android:packageReleaseResources' because:
[        ]   Build cache is disabled
[        ] Skipping task ':path_provider_android:packageReleaseResources' as it is up-to-date.
[        ] work action resolve packageReleaseResources (project :path_provider_android) (Thread[Execution worker Thread 8,5,main]) started.
[        ] Resolve mutations for :path_provider_android:parseReleaseLocalResources (Thread[Execution worker Thread 8,5,main]) started.
[        ] :path_provider_android:parseReleaseLocalResources (Thread[Execution worker Thread 2,5,main]) started.
[        ] > Task :path_provider_android:parseReleaseLocalResources UP-TO-DATE
[        ] Caching disabled for task ':path_provider_android:parseReleaseLocalResources' because:
[        ]   Build cache is disabled
[        ] Skipping task ':path_provider_android:parseReleaseLocalResources' as it is up-to-date.
[        ] Resolve mutations for :path_provider_android:generateReleaseRFile (Thread[Execution worker Thread 2,5,main]) started.
[        ] :path_provider_android:generateReleaseRFile (Thread[Execution worker Thread 2,5,main]) started.
[        ] > Task :path_provider_android:generateReleaseRFile UP-TO-DATE
[        ] Caching disabled for task ':path_provider_android:generateReleaseRFile' because:
[        ]   Build cache is disabled
[        ] Skipping task ':path_provider_android:generateReleaseRFile' as it is up-to-date.
[        ] work action resolve package-aware-r.txt (project :path_provider_android) (Thread[Execution worker Thread 2,5,main]) started.
[        ] Resolve mutations for :path_provider_android:javaPreCompileRelease (Thread[Execution worker Thread 2,5,main]) started.
[        ] :path_provider_android:javaPreCompileRelease (Thread[Execution worker Thread 2,5,main]) started.
[        ] > Task :path_provider_android:javaPreCompileRelease UP-TO-DATE
[        ] Caching disabled for task ':path_provider_android:javaPreCompileRelease' because:
[        ]   Build cache is disabled
[        ] Skipping task ':path_provider_android:javaPreCompileRelease' as it is up-to-date.
[        ] Resolve mutations for :path_provider_android:compileReleaseJavaWithJavac (Thread[Execution worker Thread 4,5,main]) started.
[        ] :path_provider_android:compileReleaseJavaWithJavac (Thread[Execution worker Thread 4,5,main]) started.
[        ] > Task :path_provider_android:compileReleaseJavaWithJavac UP-TO-DATE
[        ] Custom actions are attached to task ':path_provider_android:compileReleaseJavaWithJavac'.
[        ] Caching disabled for task ':path_provider_android:compileReleaseJavaWithJavac' because:
[        ]   Build cache is disabled
[        ] Skipping task ':path_provider_android:compileReleaseJavaWithJavac' as it is up-to-date.
[        ] No compile result for :path_provider_android:compileReleaseJavaWithJavac
[        ] No compile result for :path_provider_android:compileReleaseJavaWithJavac
[        ] No compile result for :path_provider_android:compileReleaseJavaWithJavac
[        ] Resolve mutations for :path_provider_android:mergeReleaseGeneratedProguardFiles (Thread[Execution worker Thread 4,5,main]) started.
[        ] :path_provider_android:mergeReleaseGeneratedProguardFiles (Thread[Execution worker Thread 4,5,main]) started.
[        ] > Task :path_provider_android:mergeReleaseGeneratedProguardFiles UP-TO-DATE
[        ] Caching disabled for task ':path_provider_android:mergeReleaseGeneratedProguardFiles' because:
[        ]   Build cache is disabled
[        ]   Simple merging task
[        ] Skipping task ':path_provider_android:mergeReleaseGeneratedProguardFiles' as it is up-to-date.
[        ] Resolve mutations for :path_provider_android:exportReleaseConsumerProguardFiles (Thread[Execution worker Thread 4,5,main]) started.
[        ] :path_provider_android:exportReleaseConsumerProguardFiles (Thread[included builds,5,main]) started.
[        ] > Task :path_provider_android:exportReleaseConsumerProguardFiles UP-TO-DATE
[        ] Caching disabled for task ':path_provider_android:exportReleaseConsumerProguardFiles' because:
[        ]   Build cache is disabled
[        ]   Caching has been disabled for the task
[        ] Skipping task ':path_provider_android:exportReleaseConsumerProguardFiles' as it is up-to-date.
[        ] work action resolve exportReleaseConsumerProguardFiles (project :path_provider_android) (Thread[included builds,5,main]) started.
[        ] FilterShrinkerRulesTransform (Thread[Execution worker Thread 2,5,main]) started.
[        ] Resolve mutations for :shared_preferences_android:checkKotlinGradlePluginConfigurationErrors (Thread[included builds,5,main]) started.
[        ] :shared_preferences_android:checkKotlinGradlePluginConfigurationErrors (Thread[included builds,5,main]) started.
[        ] > Task :shared_preferences_android:checkKotlinGradlePluginConfigurationErrors SKIPPED
[        ] Skipping task ':shared_preferences_android:checkKotlinGradlePluginConfigurationErrors' as task onlyIf 'errorDiagnostics are present' is false.
[        ] Resolve mutations for :shared_preferences_android:generateReleaseResValues (Thread[Execution worker Thread 11,5,main]) started.
[        ] :shared_preferences_android:generateReleaseResValues (Thread[Execution worker Thread 11,5,main]) started.
[        ] > Task :shared_preferences_android:generateReleaseResValues UP-TO-DATE
[        ] Caching disabled for task ':shared_preferences_android:generateReleaseResValues' because:
[        ]   Build cache is disabled
[        ] Skipping task ':shared_preferences_android:generateReleaseResValues' as it is up-to-date.
[        ] Resolve mutations for :shared_preferences_android:generateReleaseResources (Thread[Execution worker Thread 11,5,main]) started.
[        ] :shared_preferences_android:generateReleaseResources (Thread[Execution worker Thread 11,5,main]) started.
[        ] > Task :shared_preferences_android:generateReleaseResources UP-TO-DATE
[        ] Caching disabled for task ':shared_preferences_android:generateReleaseResources' because:
[        ]   Build cache is disabled
[        ] Skipping task ':shared_preferences_android:generateReleaseResources' as it is up-to-date.
[        ] Resolve mutations for :shared_preferences_android:packageReleaseResources (Thread[Execution worker Thread 11,5,main]) started.
[        ] :shared_preferences_android:packageReleaseResources (Thread[Execution worker Thread 11,5,main]) started.
[  +82 ms] > Task :shared_preferences_android:packageReleaseResources UP-TO-DATE
[        ] Caching disabled for task ':shared_preferences_android:packageReleaseResources' because:
[        ]   Build cache is disabled
[        ] Skipping task ':shared_preferences_android:packageReleaseResources' as it is up-to-date.
[        ] work action resolve packageReleaseResources (project :shared_preferences_android) (Thread[Execution worker Thread 11,5,main]) started.
[        ] Resolve mutations for :shared_preferences_android:parseReleaseLocalResources (Thread[Execution worker Thread 11,5,main]) started.
[        ] :shared_preferences_android:parseReleaseLocalResources (Thread[Execution worker Thread 11,5,main]) started.
[        ] > Task :shared_preferences_android:parseReleaseLocalResources UP-TO-DATE
[        ] Caching disabled for task ':shared_preferences_android:parseReleaseLocalResources' because:
[        ]   Build cache is disabled
[        ] Skipping task ':shared_preferences_android:parseReleaseLocalResources' as it is up-to-date.
[        ] Resolve mutations for :shared_preferences_android:generateReleaseRFile (Thread[included builds,5,main]) started.
[        ] :shared_preferences_android:generateReleaseRFile (Thread[included builds,5,main]) started.
[        ] > Task :shared_preferences_android:generateReleaseRFile UP-TO-DATE
[        ] Caching disabled for task ':shared_preferences_android:generateReleaseRFile' because:
[        ]   Build cache is disabled
[        ] Skipping task ':shared_preferences_android:generateReleaseRFile' as it is up-to-date.
[        ] work action resolve package-aware-r.txt (project :shared_preferences_android) (Thread[included builds,5,main]) started.
[        ] Resolve mutations for :shared_preferences_android:compileReleaseKotlin (Thread[included builds,5,main]) started.
[        ] :shared_preferences_android:compileReleaseKotlin (Thread[included builds,5,main]) started.
[  +98 ms] > Task :shared_preferences_android:compileReleaseKotlin UP-TO-DATE
[        ] Adding -Xuse-inline-scopes-numbers Kotlin compiler flag for task :shared_preferences_android:compileDebugAndroidTestKotlin
[        ] GradleBuildProject.Builder should not be accessed through AnalyticsConfiguratorService after AnalyticsService is created. Analytics information of this build might be incomplete.
[        ] Caching disabled for task ':shared_preferences_android:compileReleaseKotlin' because:
[        ]   Build cache is disabled
[        ] Skipping task ':shared_preferences_android:compileReleaseKotlin' as it is up-to-date.
[        ] Resolve mutations for :shared_preferences_android:javaPreCompileRelease (Thread[included builds,5,main]) started.
[        ] :shared_preferences_android:javaPreCompileRelease (Thread[included builds,5,main]) started.
[        ] > Task :shared_preferences_android:javaPreCompileRelease UP-TO-DATE
[        ] Caching disabled for task ':shared_preferences_android:javaPreCompileRelease' because:
[        ]   Build cache is disabled
[        ] Skipping task ':shared_preferences_android:javaPreCompileRelease' as it is up-to-date.
[        ] Resolve mutations for :shared_preferences_android:compileReleaseJavaWithJavac (Thread[included builds,5,main]) started.
[        ] :shared_preferences_android:compileReleaseJavaWithJavac (Thread[included builds,5,main]) started.
[        ] > Task :shared_preferences_android:compileReleaseJavaWithJavac UP-TO-DATE
[        ] Custom actions are attached to task ':shared_preferences_android:compileReleaseJavaWithJavac'.
[        ] Caching disabled for task ':shared_preferences_android:compileReleaseJavaWithJavac' because:
[        ]   Build cache is disabled
[        ] Skipping task ':shared_preferences_android:compileReleaseJavaWithJavac' as it is up-to-date.
[        ] No compile result for :shared_preferences_android:compileReleaseJavaWithJavac
[        ] No compile result for :shared_preferences_android:compileReleaseJavaWithJavac
[        ] No compile result for :shared_preferences_android:compileReleaseJavaWithJavac
[        ] Resolve mutations for :shared_preferences_android:mergeReleaseGeneratedProguardFiles (Thread[included builds,5,main]) started.
[        ] :shared_preferences_android:mergeReleaseGeneratedProguardFiles (Thread[included builds,5,main]) started.
[        ] > Task :shared_preferences_android:mergeReleaseGeneratedProguardFiles UP-TO-DATE
[        ] Caching disabled for task ':shared_preferences_android:mergeReleaseGeneratedProguardFiles' because:
[        ]   Build cache is disabled
[        ]   Simple merging task
[        ] Skipping task ':shared_preferences_android:mergeReleaseGeneratedProguardFiles' as it is up-to-date.
[        ] Resolve mutations for :shared_preferences_android:exportReleaseConsumerProguardFiles (Thread[included builds,5,main]) started.
[        ] :shared_preferences_android:exportReleaseConsumerProguardFiles (Thread[included builds,5,main]) started.
[        ] > Task :shared_preferences_android:exportReleaseConsumerProguardFiles UP-TO-DATE
[        ] Caching disabled for task ':shared_preferences_android:exportReleaseConsumerProguardFiles' because:
[        ]   Build cache is disabled
[        ]   Caching has been disabled for the task
[        ] Skipping task ':shared_preferences_android:exportReleaseConsumerProguardFiles' as it is up-to-date.
[        ] work action resolve exportReleaseConsumerProguardFiles (project :shared_preferences_android) (Thread[included builds,5,main]) started.
[        ] FilterShrinkerRulesTransform (Thread[included builds,5,main]) started.
[        ] Resolve mutations for :sqflite_android:generateReleaseResValues (Thread[Execution worker Thread 11,5,main]) started.
[        ] :sqflite_android:generateReleaseResValues (Thread[included builds,5,main]) started.
[        ] > Task :sqflite_android:generateReleaseResValues UP-TO-DATE
[        ] Caching disabled for task ':sqflite_android:generateReleaseResValues' because:
[        ]   Build cache is disabled
[        ] Skipping task ':sqflite_android:generateReleaseResValues' as it is up-to-date.
[        ] Resolve mutations for :sqflite_android:generateReleaseResources (Thread[Execution worker Thread 11,5,main]) started.
[        ] :sqflite_android:generateReleaseResources (Thread[Execution worker Thread 7,5,main]) started.
[        ] > Task :sqflite_android:generateReleaseResources UP-TO-DATE
[        ] Caching disabled for task ':sqflite_android:generateReleaseResources' because:
[        ]   Build cache is disabled
[        ] Skipping task ':sqflite_android:generateReleaseResources' as it is up-to-date.
[        ] Resolve mutations for :sqflite_android:packageReleaseResources (Thread[Execution worker Thread 11,5,main]) started.
[        ] :sqflite_android:packageReleaseResources (Thread[Execution worker Thread 11,5,main]) started.
[        ] > Task :sqflite_android:packageReleaseResources UP-TO-DATE
[        ] Caching disabled for task ':sqflite_android:packageReleaseResources' because:
[        ]   Build cache is disabled
[        ] Skipping task ':sqflite_android:packageReleaseResources' as it is up-to-date.
[        ] work action resolve packageReleaseResources (project :sqflite_android) (Thread[Execution worker Thread 11,5,main]) started.
[        ] Resolve mutations for :sqflite_android:parseReleaseLocalResources (Thread[Execution worker Thread 11,5,main]) started.
[        ] :sqflite_android:parseReleaseLocalResources (Thread[Execution worker,5,main]) started.
[        ] > Task :sqflite_android:parseReleaseLocalResources UP-TO-DATE
[        ] Caching disabled for task ':sqflite_android:parseReleaseLocalResources' because:
[        ]   Build cache is disabled
[        ] Skipping task ':sqflite_android:parseReleaseLocalResources' as it is up-to-date.
[        ] Resolve mutations for :sqflite_android:generateReleaseRFile (Thread[Execution worker,5,main]) started.
[        ] :sqflite_android:generateReleaseRFile (Thread[included builds,5,main]) started.
[        ] > Task :sqflite_android:generateReleaseRFile UP-TO-DATE
[        ] Caching disabled for task ':sqflite_android:generateReleaseRFile' because:
[        ]   Build cache is disabled
[        ] Skipping task ':sqflite_android:generateReleaseRFile' as it is up-to-date.
[        ] work action resolve package-aware-r.txt (project :sqflite_android) (Thread[included builds,5,main]) started.
[        ] Resolve mutations for :sqflite_android:javaPreCompileRelease (Thread[included builds,5,main]) started.
[        ] :sqflite_android:javaPreCompileRelease (Thread[included builds,5,main]) started.
[        ] > Task :sqflite_android:javaPreCompileRelease UP-TO-DATE
[        ] Caching disabled for task ':sqflite_android:javaPreCompileRelease' because:
[        ]   Build cache is disabled
[        ] Skipping task ':sqflite_android:javaPreCompileRelease' as it is up-to-date.
[        ] Resolve mutations for :sqflite_android:compileReleaseJavaWithJavac (Thread[included builds,5,main]) started.
[        ] :sqflite_android:compileReleaseJavaWithJavac (Thread[included builds,5,main]) started.
[        ] > Task :sqflite_android:compileReleaseJavaWithJavac UP-TO-DATE
[        ] Custom actions are attached to task ':sqflite_android:compileReleaseJavaWithJavac'.
[        ] Caching disabled for task ':sqflite_android:compileReleaseJavaWithJavac' because:
[        ]   Build cache is disabled
[        ] Skipping task ':sqflite_android:compileReleaseJavaWithJavac' as it is up-to-date.
[        ] No compile result for :sqflite_android:compileReleaseJavaWithJavac
[        ] No compile result for :sqflite_android:compileReleaseJavaWithJavac
[        ] No compile result for :sqflite_android:compileReleaseJavaWithJavac
[        ] Resolve mutations for :sqflite_android:mergeReleaseGeneratedProguardFiles (Thread[included builds,5,main]) started.
[        ] :sqflite_android:mergeReleaseGeneratedProguardFiles (Thread[Execution worker Thread 11,5,main]) started.
[        ] > Task :sqflite_android:mergeReleaseGeneratedProguardFiles UP-TO-DATE
[        ] Caching disabled for task ':sqflite_android:mergeReleaseGeneratedProguardFiles' because:
[        ]   Build cache is disabled
[        ]   Simple merging task
[        ] Skipping task ':sqflite_android:mergeReleaseGeneratedProguardFiles' as it is up-to-date.
[        ] Resolve mutations for :sqflite_android:exportReleaseConsumerProguardFiles (Thread[included builds,5,main]) started.
[        ] :sqflite_android:exportReleaseConsumerProguardFiles (Thread[included builds,5,main]) started.
[        ] > Task :sqflite_android:exportReleaseConsumerProguardFiles UP-TO-DATE
[        ] Caching disabled for task ':sqflite_android:exportReleaseConsumerProguardFiles' because:
[        ]   Build cache is disabled
[        ]   Caching has been disabled for the task
[        ] Skipping task ':sqflite_android:exportReleaseConsumerProguardFiles' as it is up-to-date.
[        ] work action resolve exportReleaseConsumerProguardFiles (project :sqflite_android) (Thread[included builds,5,main]) started.
[        ] Resolve mutations for :url_launcher_android:generateReleaseBuildConfig (Thread[included builds,5,main]) started.
[        ] FilterShrinkerRulesTransform (Thread[Execution worker Thread 7,5,main]) started.
[        ] :url_launcher_android:generateReleaseBuildConfig (Thread[included builds,5,main]) started.
[        ] > Task :url_launcher_android:generateReleaseBuildConfig UP-TO-DATE
[        ] Caching disabled for task ':url_launcher_android:generateReleaseBuildConfig' because:
[        ]   Build cache is disabled
[        ] Skipping task ':url_launcher_android:generateReleaseBuildConfig' as it is up-to-date.
[        ] Resolve mutations for :url_launcher_android:generateReleaseResValues (Thread[Execution worker Thread 7,5,main]) started.
[        ] :url_launcher_android:generateReleaseResValues (Thread[Execution worker Thread 3,5,main]) started.
[        ] > Task :url_launcher_android:generateReleaseResValues UP-TO-DATE
[        ] Caching disabled for task ':url_launcher_android:generateReleaseResValues' because:
[        ]   Build cache is disabled
[        ] Skipping task ':url_launcher_android:generateReleaseResValues' as it is up-to-date.
[        ] Resolve mutations for :url_launcher_android:generateReleaseResources (Thread[Execution worker Thread 3,5,main]) started.
[        ] :url_launcher_android:generateReleaseResources (Thread[Execution worker Thread 3,5,main]) started.
[        ] > Task :url_launcher_android:generateReleaseResources UP-TO-DATE
[        ] Caching disabled for task ':url_launcher_android:generateReleaseResources' because:
[        ]   Build cache is disabled
[        ] Skipping task ':url_launcher_android:generateReleaseResources' as it is up-to-date.
[        ] Resolve mutations for :url_launcher_android:packageReleaseResources (Thread[Execution worker Thread 4,5,main]) started.
[        ] :url_launcher_android:packageReleaseResources (Thread[Execution worker Thread 4,5,main]) started.
[  +83 ms] > Task :url_launcher_android:packageReleaseResources UP-TO-DATE
[        ] Caching disabled for task ':url_launcher_android:packageReleaseResources' because:
[        ]   Build cache is disabled
[        ] Skipping task ':url_launcher_android:packageReleaseResources' as it is up-to-date.
[        ] work action resolve packageReleaseResources (project :url_launcher_android) (Thread[Execution worker Thread 4,5,main]) started.
[        ] Resolve mutations for :url_launcher_android:parseReleaseLocalResources (Thread[Execution worker Thread 4,5,main]) started.
[        ] :url_launcher_android:parseReleaseLocalResources (Thread[included builds,5,main]) started.
[        ] > Task :url_launcher_android:parseReleaseLocalResources UP-TO-DATE
[        ] Caching disabled for task ':url_launcher_android:parseReleaseLocalResources' because:
[        ]   Build cache is disabled
[        ] Skipping task ':url_launcher_android:parseReleaseLocalResources' as it is up-to-date.
[        ] Resolve mutations for :url_launcher_android:generateReleaseRFile (Thread[included builds,5,main]) started.
[        ] :url_launcher_android:generateReleaseRFile (Thread[included builds,5,main]) started.
[        ] > Task :url_launcher_android:generateReleaseRFile UP-TO-DATE
[        ] Caching disabled for task ':url_launcher_android:generateReleaseRFile' because:
[        ]   Build cache is disabled
[        ] Skipping task ':url_launcher_android:generateReleaseRFile' as it is up-to-date.
[        ] work action resolve package-aware-r.txt (project :url_launcher_android) (Thread[Execution worker Thread 5,5,main]) started.
[        ] Resolve mutations for :url_launcher_android:javaPreCompileRelease (Thread[Execution worker Thread 5,5,main]) started.
[        ] :url_launcher_android:javaPreCompileRelease (Thread[Execution worker Thread 6,5,main]) started.
[        ] > Task :url_launcher_android:javaPreCompileRelease UP-TO-DATE
[        ] Caching disabled for task ':url_launcher_android:javaPreCompileRelease' because:
[        ]   Build cache is disabled
[        ] Skipping task ':url_launcher_android:javaPreCompileRelease' as it is up-to-date.
[        ] Resolve mutations for :url_launcher_android:compileReleaseJavaWithJavac (Thread[Execution worker Thread 6,5,main]) started.
[        ] :url_launcher_android:compileReleaseJavaWithJavac (Thread[Execution worker Thread 6,5,main]) started.
[        ] > Task :url_launcher_android:compileReleaseJavaWithJavac UP-TO-DATE
[        ] Custom actions are attached to task ':url_launcher_android:compileReleaseJavaWithJavac'.
[        ] Caching disabled for task ':url_launcher_android:compileReleaseJavaWithJavac' because:
[        ]   Build cache is disabled
[        ] Skipping task ':url_launcher_android:compileReleaseJavaWithJavac' as it is up-to-date.
[        ] No compile result for :url_launcher_android:compileReleaseJavaWithJavac
[        ] No compile result for :url_launcher_android:compileReleaseJavaWithJavac
[        ] No compile result for :url_launcher_android:compileReleaseJavaWithJavac
[        ] Resolve mutations for :url_launcher_android:mergeReleaseGeneratedProguardFiles (Thread[Execution worker Thread 6,5,main]) started.
[        ] :url_launcher_android:mergeReleaseGeneratedProguardFiles (Thread[Execution worker Thread 7,5,main]) started.
[        ] > Task :url_launcher_android:mergeReleaseGeneratedProguardFiles UP-TO-DATE
[        ] Caching disabled for task ':url_launcher_android:mergeReleaseGeneratedProguardFiles' because:
[        ]   Build cache is disabled
[        ]   Simple merging task
[        ] Skipping task ':url_launcher_android:mergeReleaseGeneratedProguardFiles' as it is up-to-date.
[        ] Resolve mutations for :url_launcher_android:exportReleaseConsumerProguardFiles (Thread[Execution worker Thread 7,5,main]) started.
[        ] :url_launcher_android:exportReleaseConsumerProguardFiles (Thread[Execution worker Thread 7,5,main]) started.
[        ] > Task :url_launcher_android:exportReleaseConsumerProguardFiles UP-TO-DATE
[        ] Caching disabled for task ':url_launcher_android:exportReleaseConsumerProguardFiles' because:
[        ]   Build cache is disabled
[        ]   Caching has been disabled for the task
[        ] Skipping task ':url_launcher_android:exportReleaseConsumerProguardFiles' as it is up-to-date.
[        ] work action resolve exportReleaseConsumerProguardFiles (project :url_launcher_android) (Thread[Execution worker Thread 7,5,main]) started.
[        ] FilterShrinkerRulesTransform (Thread[Execution worker Thread 2,5,main]) started.
[        ] Resolve mutations for :app:buildKotlinToolingMetadata (Thread[Execution worker Thread 7,5,main]) started.
[        ] :app:buildKotlinToolingMetadata (Thread[Execution worker Thread 7,5,main]) started.
[        ] > Task :app:buildKotlinToolingMetadata UP-TO-DATE
[        ] Caching disabled for task ':app:buildKotlinToolingMetadata' because:
[        ]   Build cache is disabled
[        ]   Caching has been disabled for the task
[        ] Skipping task ':app:buildKotlinToolingMetadata' as it is up-to-date.
[        ] Resolve mutations for :app:checkReleaseDuplicateClasses (Thread[Execution worker Thread 7,5,main]) started.
[        ] :app:checkReleaseDuplicateClasses (Thread[Execution worker Thread 6,5,main]) started.
[        ] > Task :app:checkReleaseDuplicateClasses UP-TO-DATE
[        ] Caching disabled for task ':app:checkReleaseDuplicateClasses' because:
[        ]   Build cache is disabled
[        ]   Caching has been disabled for the task
[        ] Skipping task ':app:checkReleaseDuplicateClasses' as it is up-to-date.
[        ] Resolve mutations for :app:checkKotlinGradlePluginConfigurationErrors (Thread[Execution worker Thread 6,5,main]) started.
[        ] :app:checkKotlinGradlePluginConfigurationErrors (Thread[included builds,5,main]) started.
[        ] > Task :app:checkKotlinGradlePluginConfigurationErrors SKIPPED
[        ] Skipping task ':app:checkKotlinGradlePluginConfigurationErrors' as task onlyIf 'errorDiagnostics are present' is false.
[        ] Resolve mutations for :file_picker:writeReleaseAarMetadata (Thread[included builds,5,main]) started.
[        ] :file_picker:writeReleaseAarMetadata (Thread[Execution worker,5,main]) started.
[        ] > Task :file_picker:writeReleaseAarMetadata UP-TO-DATE
[        ] Caching disabled for task ':file_picker:writeReleaseAarMetadata' because:
[        ]   Build cache is disabled
[        ]   Caching has been disabled for the task
[        ] Skipping task ':file_picker:writeReleaseAarMetadata' as it is up-to-date.
[        ] work action resolve aar-metadata.properties (project :file_picker) (Thread[Execution worker,5,main]) started.
[        ] Resolve mutations for :flutter_local_notifications:writeReleaseAarMetadata (Thread[Execution worker,5,main]) started.
[        ] :flutter_local_notifications:writeReleaseAarMetadata (Thread[Execution worker,5,main]) started.
[        ] > Task :flutter_local_notifications:writeReleaseAarMetadata UP-TO-DATE
[        ] Caching disabled for task ':flutter_local_notifications:writeReleaseAarMetadata' because:
[        ]   Build cache is disabled
[        ]   Caching has been disabled for the task
[        ] Skipping task ':flutter_local_notifications:writeReleaseAarMetadata' as it is up-to-date.
[        ] work action resolve aar-metadata.properties (project :flutter_local_notifications) (Thread[Execution worker,5,main]) started.
[        ] Resolve mutations for :flutter_plugin_android_lifecycle:writeReleaseAarMetadata (Thread[Execution worker,5,main]) started.
[        ] :flutter_plugin_android_lifecycle:writeReleaseAarMetadata (Thread[Execution worker,5,main]) started.
[        ] > Task :flutter_plugin_android_lifecycle:writeReleaseAarMetadata UP-TO-DATE
[        ] Caching disabled for task ':flutter_plugin_android_lifecycle:writeReleaseAarMetadata' because:
[        ]   Build cache is disabled
[        ]   Caching has been disabled for the task
[        ] Skipping task ':flutter_plugin_android_lifecycle:writeReleaseAarMetadata' as it is up-to-date.
[        ] work action resolve aar-metadata.properties (project :flutter_plugin_android_lifecycle) (Thread[Execution worker,5,main]) started.
[        ] Resolve mutations for :flutter_secure_storage:writeReleaseAarMetadata (Thread[Execution worker,5,main]) started.
[        ] :flutter_secure_storage:writeReleaseAarMetadata (Thread[Execution worker,5,main]) started.
[        ] > Task :flutter_secure_storage:writeReleaseAarMetadata UP-TO-DATE
[        ] Caching disabled for task ':flutter_secure_storage:writeReleaseAarMetadata' because:
[        ]   Build cache is disabled
[        ]   Caching has been disabled for the task
[        ] Skipping task ':flutter_secure_storage:writeReleaseAarMetadata' as it is up-to-date.
[        ] work action resolve aar-metadata.properties (project :flutter_secure_storage) (Thread[Execution worker,5,main]) started.
[        ] Resolve mutations for :geolocator_android:writeReleaseAarMetadata (Thread[Execution worker,5,main]) started.
[        ] :geolocator_android:writeReleaseAarMetadata (Thread[Execution worker,5,main]) started.
[        ] > Task :geolocator_android:writeReleaseAarMetadata UP-TO-DATE
[        ] Caching disabled for task ':geolocator_android:writeReleaseAarMetadata' because:
[        ]   Build cache is disabled
[        ]   Caching has been disabled for the task
[        ] Skipping task ':geolocator_android:writeReleaseAarMetadata' as it is up-to-date.
[        ] work action resolve aar-metadata.properties (project :geolocator_android) (Thread[Execution worker,5,main]) started.
[        ] Resolve mutations for :image_picker_android:writeReleaseAarMetadata (Thread[Execution worker,5,main]) started.
[        ] :image_picker_android:writeReleaseAarMetadata (Thread[Execution worker,5,main]) started.
[        ] > Task :image_picker_android:writeReleaseAarMetadata UP-TO-DATE
[        ] Caching disabled for task ':image_picker_android:writeReleaseAarMetadata' because:
[        ]   Build cache is disabled
[        ]   Caching has been disabled for the task
[        ] Skipping task ':image_picker_android:writeReleaseAarMetadata' as it is up-to-date.
[        ] work action resolve aar-metadata.properties (project :image_picker_android) (Thread[Execution worker,5,main]) started.
[        ] Resolve mutations for :mobile_scanner:writeReleaseAarMetadata (Thread[Execution worker,5,main]) started.
[        ] :mobile_scanner:writeReleaseAarMetadata (Thread[Execution worker,5,main]) started.
[        ] > Task :mobile_scanner:writeReleaseAarMetadata UP-TO-DATE
[        ] Caching disabled for task ':mobile_scanner:writeReleaseAarMetadata' because:
[        ]   Build cache is disabled
[        ]   Caching has been disabled for the task
[        ] Skipping task ':mobile_scanner:writeReleaseAarMetadata' as it is up-to-date.
[        ] work action resolve aar-metadata.properties (project :mobile_scanner) (Thread[Execution worker,5,main]) started.
[        ] Resolve mutations for :package_info_plus:writeReleaseAarMetadata (Thread[Execution worker,5,main]) started.
[        ] :package_info_plus:writeReleaseAarMetadata (Thread[Execution worker,5,main]) started.
[        ] > Task :package_info_plus:writeReleaseAarMetadata UP-TO-DATE
[        ] Caching disabled for task ':package_info_plus:writeReleaseAarMetadata' because:
[        ]   Build cache is disabled
[        ]   Caching has been disabled for the task
[        ] Skipping task ':package_info_plus:writeReleaseAarMetadata' as it is up-to-date.
[        ] work action resolve aar-metadata.properties (project :package_info_plus) (Thread[Execution worker,5,main]) started.
[        ] Resolve mutations for :path_provider_android:writeReleaseAarMetadata (Thread[Execution worker,5,main]) started.
[        ] :path_provider_android:writeReleaseAarMetadata (Thread[Execution worker,5,main]) started.
[        ] > Task :path_provider_android:writeReleaseAarMetadata UP-TO-DATE
[        ] Caching disabled for task ':path_provider_android:writeReleaseAarMetadata' because:
[        ]   Build cache is disabled
[        ]   Caching has been disabled for the task
[        ] Skipping task ':path_provider_android:writeReleaseAarMetadata' as it is up-to-date.
[        ] work action resolve aar-metadata.properties (project :path_provider_android) (Thread[Execution worker,5,main]) started.
[        ] Resolve mutations for :shared_preferences_android:writeReleaseAarMetadata (Thread[Execution worker,5,main]) started.
[        ] :shared_preferences_android:writeReleaseAarMetadata (Thread[Execution worker,5,main]) started.
[        ] > Task :shared_preferences_android:writeReleaseAarMetadata UP-TO-DATE
[        ] Caching disabled for task ':shared_preferences_android:writeReleaseAarMetadata' because:
[        ]   Build cache is disabled
[        ]   Caching has been disabled for the task
[        ] Skipping task ':shared_preferences_android:writeReleaseAarMetadata' as it is up-to-date.
[        ] work action resolve aar-metadata.properties (project :shared_preferences_android) (Thread[Execution worker,5,main]) started.
[        ] Resolve mutations for :sqflite_android:writeReleaseAarMetadata (Thread[Execution worker,5,main]) started.
[        ] :sqflite_android:writeReleaseAarMetadata (Thread[Execution worker,5,main]) started.
[        ] > Task :sqflite_android:writeReleaseAarMetadata UP-TO-DATE
[        ] Caching disabled for task ':sqflite_android:writeReleaseAarMetadata' because:
[        ]   Build cache is disabled
[        ]   Caching has been disabled for the task
[        ] Skipping task ':sqflite_android:writeReleaseAarMetadata' as it is up-to-date.
[        ] work action resolve aar-metadata.properties (project :sqflite_android) (Thread[Execution worker,5,main]) started.
[        ] Resolve mutations for :url_launcher_android:writeReleaseAarMetadata (Thread[Execution worker Thread 8,5,main]) started.
[        ] :url_launcher_android:writeReleaseAarMetadata (Thread[Execution worker Thread 8,5,main]) started.
[        ] > Task :url_launcher_android:writeReleaseAarMetadata UP-TO-DATE
[        ] Caching disabled for task ':url_launcher_android:writeReleaseAarMetadata' because:
[        ]   Build cache is disabled
[        ]   Caching has been disabled for the task
[        ] Skipping task ':url_launcher_android:writeReleaseAarMetadata' as it is up-to-date.
[        ] work action resolve aar-metadata.properties (project :url_launcher_android) (Thread[Execution worker Thread 8,5,main]) started.
[        ] Resolve mutations for :app:checkReleaseAarMetadata (Thread[Execution worker Thread 5,5,main]) started.
[        ] :app:checkReleaseAarMetadata (Thread[Execution worker Thread 5,5,main]) started.
[  +83 ms] > Task :app:checkReleaseAarMetadata UP-TO-DATE
[        ] Caching disabled for task ':app:checkReleaseAarMetadata' because:
[        ]   Build cache is disabled
[        ]   Caching has been disabled for the task
[        ] Skipping task ':app:checkReleaseAarMetadata' as it is up-to-date.
[        ] Resolve mutations for :app:cleanMergeReleaseAssets (Thread[Execution worker Thread 5,5,main]) started.
[        ] :app:cleanMergeReleaseAssets (Thread[Execution worker Thread 5,5,main]) started.
[        ] > Task :app:cleanMergeReleaseAssets
[        ] Caching disabled for task ':app:cleanMergeReleaseAssets' because:
[        ]   Build cache is disabled
[        ] Task ':app:cleanMergeReleaseAssets' is not up-to-date because:
[        ]   Task has not declared any outputs despite executing actions.
[        ] Resolve mutations for :app:mergeReleaseShaders (Thread[Execution worker Thread 5,5,main]) started.
[        ] :app:mergeReleaseShaders (Thread[Execution worker Thread 5,5,main]) started.
[        ] > Task :app:mergeReleaseShaders UP-TO-DATE
[        ] Caching disabled for task ':app:mergeReleaseShaders' because:
[        ]   Build cache is disabled
[        ]   Simple merging task
[        ] Skipping task ':app:mergeReleaseShaders' as it is up-to-date.
[        ] Resolve mutations for :app:compileReleaseShaders (Thread[Execution worker Thread 5,5,main]) started.
[        ] :app:compileReleaseShaders (Thread[Execution worker Thread 5,5,main]) started.
[        ] > Task :app:compileReleaseShaders NO-SOURCE
[        ] Skipping task ':app:compileReleaseShaders' as it has no source files and no previous output files.
[        ] Resolve mutations for :app:generateReleaseAssets (Thread[Execution worker Thread 5,5,main]) started.
[        ] :app:generateReleaseAssets (Thread[Execution worker Thread 5,5,main]) started.
[        ] > Task :app:generateReleaseAssets UP-TO-DATE
[        ] Skipping task ':app:generateReleaseAssets' as it has no actions.
[        ] Resolve mutations for :file_picker:mergeReleaseShaders (Thread[Execution worker Thread 7,5,main]) started.
[        ] :file_picker:mergeReleaseShaders (Thread[Execution worker Thread 7,5,main]) started.
[        ] > Task :file_picker:mergeReleaseShaders UP-TO-DATE
[        ] Caching disabled for task ':file_picker:mergeReleaseShaders' because:
[        ]   Build cache is disabled
[        ]   Simple merging task
[        ] Skipping task ':file_picker:mergeReleaseShaders' as it is up-to-date.
[        ] Resolve mutations for :file_picker:compileReleaseShaders (Thread[Execution worker Thread 7,5,main]) started.
[        ] :file_picker:compileReleaseShaders (Thread[Execution worker Thread 6,5,main]) started.
[        ] > Task :file_picker:compileReleaseShaders NO-SOURCE
[        ] Skipping task ':file_picker:compileReleaseShaders' as it has no source files and no previous output files.
[        ] Resolve mutations for :file_picker:generateReleaseAssets (Thread[Execution worker Thread 6,5,main]) started.
[        ] :file_picker:generateReleaseAssets (Thread[Execution worker Thread 6,5,main]) started.
[        ] > Task :file_picker:generateReleaseAssets UP-TO-DATE
[        ] Skipping task ':file_picker:generateReleaseAssets' as it has no actions.
[        ] Resolve mutations for :file_picker:mergeReleaseAssets (Thread[Execution worker Thread 6,5,main]) started.
[        ] :file_picker:mergeReleaseAssets (Thread[Execution worker Thread 6,5,main]) started.
[        ] > Task :file_picker:mergeReleaseAssets UP-TO-DATE
[        ] Caching disabled for task ':file_picker:mergeReleaseAssets' because:
[        ]   Build cache is disabled
[        ]   Simple merging task
[        ] Skipping task ':file_picker:mergeReleaseAssets' as it is up-to-date.
[        ] work action resolve mergeReleaseAssets (project :file_picker) (Thread[Execution worker Thread 6,5,main]) started.
[        ] Resolve mutations for :flutter_local_notifications:mergeReleaseShaders (Thread[Execution worker Thread 6,5,main]) started.
[        ] :flutter_local_notifications:mergeReleaseShaders (Thread[Execution worker Thread 6,5,main]) started.
[        ] > Task :flutter_local_notifications:mergeReleaseShaders UP-TO-DATE
[        ] Caching disabled for task ':flutter_local_notifications:mergeReleaseShaders' because:
[        ]   Build cache is disabled
[        ]   Simple merging task
[        ] Skipping task ':flutter_local_notifications:mergeReleaseShaders' as it is up-to-date.
[        ] Resolve mutations for :flutter_local_notifications:compileReleaseShaders (Thread[Execution worker Thread 6,5,main]) started.
[        ] :flutter_local_notifications:compileReleaseShaders (Thread[Execution worker Thread 10,5,main]) started.
[        ] > Task :flutter_local_notifications:compileReleaseShaders NO-SOURCE
[        ] Skipping task ':flutter_local_notifications:compileReleaseShaders' as it has no source files and no previous output files.
[        ] Resolve mutations for :flutter_local_notifications:generateReleaseAssets (Thread[Execution worker Thread 10,5,main]) started.
[        ] :flutter_local_notifications:generateReleaseAssets (Thread[Execution worker Thread 2,5,main]) started.
[        ] > Task :flutter_local_notifications:generateReleaseAssets UP-TO-DATE
[        ] Skipping task ':flutter_local_notifications:generateReleaseAssets' as it has no actions.
[        ] Resolve mutations for :flutter_local_notifications:mergeReleaseAssets (Thread[Execution worker Thread 2,5,main]) started.
[        ] :flutter_local_notifications:mergeReleaseAssets (Thread[Execution worker Thread 2,5,main]) started.
[        ] > Task :flutter_local_notifications:mergeReleaseAssets UP-TO-DATE
[        ] Caching disabled for task ':flutter_local_notifications:mergeReleaseAssets' because:
[        ]   Build cache is disabled
[        ]   Simple merging task
[        ] Skipping task ':flutter_local_notifications:mergeReleaseAssets' as it is up-to-date.
[        ] work action resolve mergeReleaseAssets (project :flutter_local_notifications) (Thread[Execution worker Thread 2,5,main]) started.
[        ] Resolve mutations for :flutter_plugin_android_lifecycle:mergeReleaseShaders (Thread[Execution worker Thread 2,5,main]) started.
[        ] :flutter_plugin_android_lifecycle:mergeReleaseShaders (Thread[Execution worker Thread 2,5,main]) started.
[        ] > Task :flutter_plugin_android_lifecycle:mergeReleaseShaders UP-TO-DATE
[        ] Caching disabled for task ':flutter_plugin_android_lifecycle:mergeReleaseShaders' because:
[        ]   Build cache is disabled
[        ]   Simple merging task
[        ] Skipping task ':flutter_plugin_android_lifecycle:mergeReleaseShaders' as it is up-to-date.
[        ] Resolve mutations for :flutter_plugin_android_lifecycle:compileReleaseShaders (Thread[Execution worker Thread 2,5,main]) started.
[        ] :flutter_plugin_android_lifecycle:compileReleaseShaders (Thread[Execution worker Thread 2,5,main]) started.
[        ] > Task :flutter_plugin_android_lifecycle:compileReleaseShaders NO-SOURCE
[        ] Skipping task ':flutter_plugin_android_lifecycle:compileReleaseShaders' as it has no source files and no previous output files.
[        ] Resolve mutations for :flutter_plugin_android_lifecycle:generateReleaseAssets (Thread[Execution worker Thread 2,5,main]) started.
[        ] :flutter_plugin_android_lifecycle:generateReleaseAssets (Thread[Execution worker Thread 7,5,main]) started.
[        ] > Task :flutter_plugin_android_lifecycle:generateReleaseAssets UP-TO-DATE
[        ] Skipping task ':flutter_plugin_android_lifecycle:generateReleaseAssets' as it has no actions.
[        ] Resolve mutations for :flutter_plugin_android_lifecycle:mergeReleaseAssets (Thread[Execution worker Thread 7,5,main]) started.
[        ] :flutter_plugin_android_lifecycle:mergeReleaseAssets (Thread[Execution worker Thread 7,5,main]) started.
[        ] > Task :flutter_plugin_android_lifecycle:mergeReleaseAssets UP-TO-DATE
[        ] Caching disabled for task ':flutter_plugin_android_lifecycle:mergeReleaseAssets' because:
[        ]   Build cache is disabled
[        ]   Simple merging task
[        ] Skipping task ':flutter_plugin_android_lifecycle:mergeReleaseAssets' as it is up-to-date.
[        ] work action resolve mergeReleaseAssets (project :flutter_plugin_android_lifecycle) (Thread[Execution worker Thread 7,5,main]) started.
[        ] Resolve mutations for :flutter_secure_storage:mergeReleaseShaders (Thread[Execution worker Thread 7,5,main]) started.
[        ] :flutter_secure_storage:mergeReleaseShaders (Thread[Execution worker Thread 7,5,main]) started.
[        ] > Task :flutter_secure_storage:mergeReleaseShaders UP-TO-DATE
[        ] Caching disabled for task ':flutter_secure_storage:mergeReleaseShaders' because:
[        ]   Build cache is disabled
[        ]   Simple merging task
[        ] Skipping task ':flutter_secure_storage:mergeReleaseShaders' as it is up-to-date.
[        ] Resolve mutations for :flutter_secure_storage:compileReleaseShaders (Thread[Execution worker Thread 7,5,main]) started.
[        ] :flutter_secure_storage:compileReleaseShaders (Thread[Execution worker Thread 2,5,main]) started.
[        ] > Task :flutter_secure_storage:compileReleaseShaders NO-SOURCE
[        ] Skipping task ':flutter_secure_storage:compileReleaseShaders' as it has no source files and no previous output files.
[        ] Resolve mutations for :flutter_secure_storage:generateReleaseAssets (Thread[Execution worker Thread 2,5,main]) started.
[        ] :flutter_secure_storage:generateReleaseAssets (Thread[included builds,5,main]) started.
[        ] > Task :flutter_secure_storage:generateReleaseAssets UP-TO-DATE
[        ] Skipping task ':flutter_secure_storage:generateReleaseAssets' as it has no actions.
[        ] Resolve mutations for :flutter_secure_storage:mergeReleaseAssets (Thread[included builds,5,main]) started.
[        ] :flutter_secure_storage:mergeReleaseAssets (Thread[included builds,5,main]) started.
[        ] > Task :flutter_secure_storage:mergeReleaseAssets UP-TO-DATE
[        ] Caching disabled for task ':flutter_secure_storage:mergeReleaseAssets' because:
[        ]   Build cache is disabled
[        ]   Simple merging task
[        ] Skipping task ':flutter_secure_storage:mergeReleaseAssets' as it is up-to-date.
[        ] work action resolve mergeReleaseAssets (project :flutter_secure_storage) (Thread[included builds,5,main]) started.
[        ] Resolve mutations for :geolocator_android:mergeReleaseShaders (Thread[included builds,5,main]) started.
[        ] :geolocator_android:mergeReleaseShaders (Thread[included builds,5,main]) started.
[        ] > Task :geolocator_android:mergeReleaseShaders UP-TO-DATE
[        ] Caching disabled for task ':geolocator_android:mergeReleaseShaders' because:
[        ]   Build cache is disabled
[        ]   Simple merging task
[        ] Skipping task ':geolocator_android:mergeReleaseShaders' as it is up-to-date.
[        ] Resolve mutations for :geolocator_android:compileReleaseShaders (Thread[included builds,5,main]) started.
[        ] :geolocator_android:compileReleaseShaders (Thread[included builds,5,main]) started.
[        ] > Task :geolocator_android:compileReleaseShaders NO-SOURCE
[        ] Skipping task ':geolocator_android:compileReleaseShaders' as it has no source files and no previous output files.
[        ] Resolve mutations for :geolocator_android:generateReleaseAssets (Thread[included builds,5,main]) started.
[        ] :geolocator_android:generateReleaseAssets (Thread[included builds,5,main]) started.
[        ] > Task :geolocator_android:generateReleaseAssets UP-TO-DATE
[        ] Skipping task ':geolocator_android:generateReleaseAssets' as it has no actions.
[        ] Resolve mutations for :geolocator_android:mergeReleaseAssets (Thread[included builds,5,main]) started.
[        ] :geolocator_android:mergeReleaseAssets (Thread[included builds,5,main]) started.
[        ] > Task :geolocator_android:mergeReleaseAssets UP-TO-DATE
[        ] Caching disabled for task ':geolocator_android:mergeReleaseAssets' because:
[        ]   Build cache is disabled
[        ]   Simple merging task
[        ] Skipping task ':geolocator_android:mergeReleaseAssets' as it is up-to-date.
[        ] work action resolve mergeReleaseAssets (project :geolocator_android) (Thread[included builds,5,main]) started.
[        ] Resolve mutations for :image_picker_android:mergeReleaseShaders (Thread[included builds,5,main]) started.
[        ] :image_picker_android:mergeReleaseShaders (Thread[Execution worker Thread 9,5,main]) started.
[        ] > Task :image_picker_android:mergeReleaseShaders UP-TO-DATE
[        ] Caching disabled for task ':image_picker_android:mergeReleaseShaders' because:
[        ]   Build cache is disabled
[        ]   Simple merging task
[        ] Skipping task ':image_picker_android:mergeReleaseShaders' as it is up-to-date.
[        ] Resolve mutations for :image_picker_android:compileReleaseShaders (Thread[Execution worker Thread 9,5,main]) started.
[        ] :image_picker_android:compileReleaseShaders (Thread[Execution worker Thread 9,5,main]) started.
[        ] > Task :image_picker_android:compileReleaseShaders NO-SOURCE
[        ] Skipping task ':image_picker_android:compileReleaseShaders' as it has no source files and no previous output files.
[        ] Resolve mutations for :image_picker_android:generateReleaseAssets (Thread[Execution worker Thread 9,5,main]) started.
[        ] :image_picker_android:generateReleaseAssets (Thread[Execution worker Thread 9,5,main]) started.
[        ] > Task :image_picker_android:generateReleaseAssets UP-TO-DATE
[        ] Skipping task ':image_picker_android:generateReleaseAssets' as it has no actions.
[        ] Resolve mutations for :image_picker_android:mergeReleaseAssets (Thread[Execution worker Thread 9,5,main]) started.
[        ] :image_picker_android:mergeReleaseAssets (Thread[Execution worker Thread 9,5,main]) started.
[        ] > Task :image_picker_android:mergeReleaseAssets UP-TO-DATE
[        ] Caching disabled for task ':image_picker_android:mergeReleaseAssets' because:
[        ]   Build cache is disabled
[        ]   Simple merging task
[        ] Skipping task ':image_picker_android:mergeReleaseAssets' as it is up-to-date.
[        ] work action resolve mergeReleaseAssets (project :image_picker_android) (Thread[Execution worker Thread 9,5,main]) started.
[        ] Resolve mutations for :mobile_scanner:mergeReleaseShaders (Thread[Execution worker Thread 9,5,main]) started.
[        ] :mobile_scanner:mergeReleaseShaders (Thread[Execution worker Thread 9,5,main]) started.
[        ] > Task :mobile_scanner:mergeReleaseShaders UP-TO-DATE
[        ] Caching disabled for task ':mobile_scanner:mergeReleaseShaders' because:
[        ]   Build cache is disabled
[        ]   Simple merging task
[        ] Skipping task ':mobile_scanner:mergeReleaseShaders' as it is up-to-date.
[        ] Resolve mutations for :mobile_scanner:compileReleaseShaders (Thread[Execution worker Thread 9,5,main]) started.
[        ] :mobile_scanner:compileReleaseShaders (Thread[Execution worker Thread 8,5,main]) started.
[        ] > Task :mobile_scanner:compileReleaseShaders NO-SOURCE
[        ] Skipping task ':mobile_scanner:compileReleaseShaders' as it has no source files and no previous output files.
[        ] Resolve mutations for :mobile_scanner:generateReleaseAssets (Thread[Execution worker Thread 8,5,main]) started.
[        ] :mobile_scanner:generateReleaseAssets (Thread[Execution worker,5,main]) started.
[        ] > Task :mobile_scanner:generateReleaseAssets UP-TO-DATE
[        ] Skipping task ':mobile_scanner:generateReleaseAssets' as it has no actions.
[        ] Resolve mutations for :mobile_scanner:mergeReleaseAssets (Thread[Execution worker,5,main]) started.
[        ] :mobile_scanner:mergeReleaseAssets (Thread[Execution worker Thread 10,5,main]) started.
[        ] > Task :mobile_scanner:mergeReleaseAssets UP-TO-DATE
[        ] Caching disabled for task ':mobile_scanner:mergeReleaseAssets' because:
[        ]   Build cache is disabled
[        ]   Simple merging task
[        ] Skipping task ':mobile_scanner:mergeReleaseAssets' as it is up-to-date.
[        ] work action resolve mergeReleaseAssets (project :mobile_scanner) (Thread[Execution worker Thread 10,5,main]) started.
[        ] Resolve mutations for :package_info_plus:mergeReleaseShaders (Thread[Execution worker Thread 10,5,main]) started.
[        ] :package_info_plus:mergeReleaseShaders (Thread[Execution worker Thread 10,5,main]) started.
[        ] > Task :package_info_plus:mergeReleaseShaders UP-TO-DATE
[        ] Caching disabled for task ':package_info_plus:mergeReleaseShaders' because:
[        ]   Build cache is disabled
[        ]   Simple merging task
[        ] Skipping task ':package_info_plus:mergeReleaseShaders' as it is up-to-date.
[        ] Resolve mutations for :package_info_plus:compileReleaseShaders (Thread[Execution worker Thread 10,5,main]) started.
[        ] :package_info_plus:compileReleaseShaders (Thread[Execution worker Thread 7,5,main]) started.
[        ] > Task :package_info_plus:compileReleaseShaders NO-SOURCE
[        ] Skipping task ':package_info_plus:compileReleaseShaders' as it has no source files and no previous output files.
[        ] Resolve mutations for :package_info_plus:generateReleaseAssets (Thread[Execution worker Thread 7,5,main]) started.
[        ] :package_info_plus:generateReleaseAssets (Thread[Execution worker Thread 7,5,main]) started.
[        ] > Task :package_info_plus:generateReleaseAssets UP-TO-DATE
[        ] Skipping task ':package_info_plus:generateReleaseAssets' as it has no actions.
[        ] Resolve mutations for :package_info_plus:mergeReleaseAssets (Thread[Execution worker Thread 10,5,main]) started.
[        ] :package_info_plus:mergeReleaseAssets (Thread[Execution worker Thread 10,5,main]) started.
[        ] > Task :package_info_plus:mergeReleaseAssets UP-TO-DATE
[        ] Caching disabled for task ':package_info_plus:mergeReleaseAssets' because:
[        ]   Build cache is disabled
[        ]   Simple merging task
[        ] Skipping task ':package_info_plus:mergeReleaseAssets' as it is up-to-date.
[        ] work action resolve mergeReleaseAssets (project :package_info_plus) (Thread[Execution worker Thread 10,5,main]) started.
[        ] Resolve mutations for :path_provider_android:mergeReleaseShaders (Thread[Execution worker,5,main]) started.
[        ] :path_provider_android:mergeReleaseShaders (Thread[Execution worker,5,main]) started.
[        ] > Task :path_provider_android:mergeReleaseShaders UP-TO-DATE
[        ] Caching disabled for task ':path_provider_android:mergeReleaseShaders' because:
[        ]   Build cache is disabled
[        ]   Simple merging task
[        ] Skipping task ':path_provider_android:mergeReleaseShaders' as it is up-to-date.
[        ] Resolve mutations for :path_provider_android:compileReleaseShaders (Thread[Execution worker,5,main]) started.
[        ] :path_provider_android:compileReleaseShaders (Thread[Execution worker,5,main]) started.
[        ] > Task :path_provider_android:compileReleaseShaders NO-SOURCE
[        ] Skipping task ':path_provider_android:compileReleaseShaders' as it has no source files and no previous output files.
[        ] Resolve mutations for :path_provider_android:generateReleaseAssets (Thread[Execution worker,5,main]) started.
[        ] :path_provider_android:generateReleaseAssets (Thread[Execution worker,5,main]) started.
[        ] > Task :path_provider_android:generateReleaseAssets UP-TO-DATE
[        ] Skipping task ':path_provider_android:generateReleaseAssets' as it has no actions.
[        ] Resolve mutations for :path_provider_android:mergeReleaseAssets (Thread[Execution worker,5,main]) started.
[        ] :path_provider_android:mergeReleaseAssets (Thread[Execution worker,5,main]) started.
[        ] > Task :path_provider_android:mergeReleaseAssets UP-TO-DATE
[        ] Caching disabled for task ':path_provider_android:mergeReleaseAssets' because:
[        ]   Build cache is disabled
[        ]   Simple merging task
[        ] Skipping task ':path_provider_android:mergeReleaseAssets' as it is up-to-date.
[  +69 ms] work action resolve mergeReleaseAssets (project :path_provider_android) (Thread[Execution worker,5,main]) started.
[        ] Resolve mutations for :shared_preferences_android:mergeReleaseShaders (Thread[Execution worker,5,main]) started.
[        ] :shared_preferences_android:mergeReleaseShaders (Thread[Execution worker,5,main]) started.
[        ] > Task :shared_preferences_android:mergeReleaseShaders UP-TO-DATE
[        ] Caching disabled for task ':shared_preferences_android:mergeReleaseShaders' because:
[        ]   Build cache is disabled
[        ]   Simple merging task
[        ] Skipping task ':shared_preferences_android:mergeReleaseShaders' as it is up-to-date.
[        ] Resolve mutations for :shared_preferences_android:compileReleaseShaders (Thread[Execution worker,5,main]) started.
[        ] :shared_preferences_android:compileReleaseShaders (Thread[Execution worker,5,main]) started.
[        ] > Task :shared_preferences_android:compileReleaseShaders NO-SOURCE
[        ] Skipping task ':shared_preferences_android:compileReleaseShaders' as it has no source files and no previous output files.
[        ] Resolve mutations for :shared_preferences_android:generateReleaseAssets (Thread[Execution worker,5,main]) started.
[        ] :shared_preferences_android:generateReleaseAssets (Thread[Execution worker,5,main]) started.
[        ] > Task :shared_preferences_android:generateReleaseAssets UP-TO-DATE
[        ] Skipping task ':shared_preferences_android:generateReleaseAssets' as it has no actions.
[        ] Resolve mutations for :shared_preferences_android:mergeReleaseAssets (Thread[Execution worker,5,main]) started.
[        ] :shared_preferences_android:mergeReleaseAssets (Thread[Execution worker,5,main]) started.
[        ] > Task :shared_preferences_android:mergeReleaseAssets UP-TO-DATE
[        ] Caching disabled for task ':shared_preferences_android:mergeReleaseAssets' because:
[        ]   Build cache is disabled
[        ]   Simple merging task
[        ] Skipping task ':shared_preferences_android:mergeReleaseAssets' as it is up-to-date.
[        ] work action resolve mergeReleaseAssets (project :shared_preferences_android) (Thread[Execution worker,5,main]) started.
[        ] Resolve mutations for :sqflite_android:mergeReleaseShaders (Thread[Execution worker,5,main]) started.
[        ] :sqflite_android:mergeReleaseShaders (Thread[Execution worker,5,main]) started.
[        ] > Task :sqflite_android:mergeReleaseShaders UP-TO-DATE
[        ] Caching disabled for task ':sqflite_android:mergeReleaseShaders' because:
[        ]   Build cache is disabled
[        ]   Simple merging task
[        ] Skipping task ':sqflite_android:mergeReleaseShaders' as it is up-to-date.
[        ] Resolve mutations for :sqflite_android:compileReleaseShaders (Thread[Execution worker,5,main]) started.
[        ] :sqflite_android:compileReleaseShaders (Thread[included builds,5,main]) started.
[        ] > Task :sqflite_android:compileReleaseShaders NO-SOURCE
[        ] Skipping task ':sqflite_android:compileReleaseShaders' as it has no source files and no previous output files.
[        ] Resolve mutations for :sqflite_android:generateReleaseAssets (Thread[included builds,5,main]) started.
[        ] :sqflite_android:generateReleaseAssets (Thread[included builds,5,main]) started.
[        ] > Task :sqflite_android:generateReleaseAssets UP-TO-DATE
[        ] Skipping task ':sqflite_android:generateReleaseAssets' as it has no actions.
[        ] Resolve mutations for :sqflite_android:mergeReleaseAssets (Thread[Execution worker Thread 9,5,main]) started.
[        ] :sqflite_android:mergeReleaseAssets (Thread[Execution worker Thread 9,5,main]) started.
[        ] > Task :sqflite_android:mergeReleaseAssets UP-TO-DATE
[        ] Caching disabled for task ':sqflite_android:mergeReleaseAssets' because:
[        ]   Build cache is disabled
[        ]   Simple merging task
[        ] Skipping task ':sqflite_android:mergeReleaseAssets' as it is up-to-date.
[        ] work action resolve mergeReleaseAssets (project :sqflite_android) (Thread[Execution worker Thread 9,5,main]) started.
[        ] Resolve mutations for :url_launcher_android:mergeReleaseShaders (Thread[Execution worker Thread 9,5,main]) started.
[        ] :url_launcher_android:mergeReleaseShaders (Thread[Execution worker Thread 9,5,main]) started.
[        ] > Task :url_launcher_android:mergeReleaseShaders UP-TO-DATE
[        ] Caching disabled for task ':url_launcher_android:mergeReleaseShaders' because:
[        ]   Build cache is disabled
[        ]   Simple merging task
[        ] Skipping task ':url_launcher_android:mergeReleaseShaders' as it is up-to-date.
[        ] Resolve mutations for :url_launcher_android:compileReleaseShaders (Thread[Execution worker Thread 9,5,main]) started.
[        ] :url_launcher_android:compileReleaseShaders (Thread[Execution worker Thread 9,5,main]) started.
[        ] > Task :url_launcher_android:compileReleaseShaders NO-SOURCE
[        ] Skipping task ':url_launcher_android:compileReleaseShaders' as it has no source files and no previous output files.
[        ] Resolve mutations for :url_launcher_android:generateReleaseAssets (Thread[Execution worker Thread 9,5,main]) started.
[        ] :url_launcher_android:generateReleaseAssets (Thread[Execution worker Thread 9,5,main]) started.
[        ] > Task :url_launcher_android:generateReleaseAssets UP-TO-DATE
[        ] Skipping task ':url_launcher_android:generateReleaseAssets' as it has no actions.
[        ] Resolve mutations for :url_launcher_android:mergeReleaseAssets (Thread[Execution worker Thread 9,5,main]) started.
[        ] :url_launcher_android:mergeReleaseAssets (Thread[Execution worker Thread 9,5,main]) started.
[        ] > Task :url_launcher_android:mergeReleaseAssets UP-TO-DATE
[        ] Caching disabled for task ':url_launcher_android:mergeReleaseAssets' because:
[        ]   Build cache is disabled
[        ]   Simple merging task
[        ] Skipping task ':url_launcher_android:mergeReleaseAssets' as it is up-to-date.
[        ] work action resolve mergeReleaseAssets (project :url_launcher_android) (Thread[Execution worker Thread 9,5,main]) started.
[        ] Resolve mutations for :app:mergeReleaseAssets (Thread[Execution worker Thread 9,5,main]) started.
[        ] :app:mergeReleaseAssets (Thread[Execution worker Thread 9,5,main]) started.
[        ] > Task :app:mergeReleaseAssets
[        ] Caching disabled for task ':app:mergeReleaseAssets' because:
[        ]   Build cache is disabled
[        ]   Simple merging task
[        ] Task ':app:mergeReleaseAssets' is not up-to-date because:
[        ]   Output property 'outputDir' file C:\Users\GHANEM\Desktop\project_flutter\football\build\app\intermediates\assets\release\mergeReleaseAssets has been removed.
[        ]   Output property 'outputDir' file C:\Users\GHANEM\Desktop\project_flutter\football\build\app\intermediates\assets\release\mergeReleaseAssets\mlkit_barcode_models has been removed.
[        ]   Output property 'outputDir' file C:\Users\GHANEM\Desktop\project_flutter\football\build\app\intermediates\assets\release\mergeReleaseAssets\mlkit_barcode_models\barcode_ssd_mobilenet_v1_dmp25_quant.tflite has been removed.
[        ]   and more...
[        ] The input changes require a full rebuild for incremental task ':app:mergeReleaseAssets'.
[        ] Resolve mutations for :app:copyFlutterAssetsRelease (Thread[Execution worker Thread 9,5,main]) started.
[        ] :app:copyFlutterAssetsRelease (Thread[Execution worker Thread 9,5,main]) started.
[  +89 ms] > Task :app:copyFlutterAssetsRelease
[        ] Caching disabled for task ':app:copyFlutterAssetsRelease' because:
[        ]   Build cache is disabled
[        ]   Not worth caching
[        ] Task ':app:copyFlutterAssetsRelease' is not up-to-date because:
[        ]   Output property 'destinationDir' file C:\Users\GHANEM\Desktop\project_flutter\football\build\app\intermediates\assets\release\mergeReleaseAssets\flutter_assets has been removed.
[        ]   Output property 'destinationDir' file C:\Users\GHANEM\Desktop\project_flutter\football\build\app\intermediates\assets\release\mergeReleaseAssets\flutter_assets\AssetManifest.bin has been removed.
[        ]   Output property 'destinationDir' file C:\Users\GHANEM\Desktop\project_flutter\football\build\app\intermediates\assets\release\mergeReleaseAssets\flutter_assets\FontManifest.json has been removed.
[        ]   and more...
[        ] Resolve mutations for :app:generateReleaseResValues (Thread[Execution worker Thread 5,5,main]) started.
[        ] :app:generateReleaseResValues (Thread[Execution worker Thread 5,5,main]) started.
[        ] > Task :app:generateReleaseResValues UP-TO-DATE
[        ] Caching disabled for task ':app:generateReleaseResValues' because:
[        ]   Build cache is disabled
[        ] Skipping task ':app:generateReleaseResValues' as it is up-to-date.
[        ] Resolve mutations for :app:mapReleaseSourceSetPaths (Thread[Execution worker Thread 5,5,main]) started.
[        ] :app:mapReleaseSourceSetPaths (Thread[Execution worker Thread 5,5,main]) started.
[        ] > Task :app:mapReleaseSourceSetPaths UP-TO-DATE
[        ] Caching disabled for task ':app:mapReleaseSourceSetPaths' because:
[        ]   Build cache is disabled
[        ]   Caching has been disabled for the task
[        ] Skipping task ':app:mapReleaseSourceSetPaths' as it is up-to-date.
[        ] Resolve mutations for :app:generateReleaseResources (Thread[Execution worker Thread 5,5,main]) started.
[        ] :app:generateReleaseResources (Thread[Execution worker Thread 8,5,main]) started.
[        ] > Task :app:generateReleaseResources UP-TO-DATE
[        ] Caching disabled for task ':app:generateReleaseResources' because:
[        ]   Build cache is disabled
[        ] Skipping task ':app:generateReleaseResources' as it is up-to-date.
[        ] Resolve mutations for :app:mergeReleaseResources (Thread[Execution worker Thread 8,5,main]) started.
[        ] :app:mergeReleaseResources (Thread[Execution worker Thread 8,5,main]) started.
[  +95 ms] > Task :app:mergeReleaseResources UP-TO-DATE
[        ] Caching disabled for task ':app:mergeReleaseResources' because:
[        ]   Build cache is disabled
[        ] Skipping task ':app:mergeReleaseResources' as it is up-to-date.
[        ] Resolve mutations for :app:packageReleaseResources (Thread[Execution worker Thread 8,5,main]) started.
[        ] :app:packageReleaseResources (Thread[Execution worker Thread 8,5,main]) started.
[        ] > Task :app:packageReleaseResources UP-TO-DATE
[        ] Caching disabled for task ':app:packageReleaseResources' because:
[        ]   Build cache is disabled
[        ] Skipping task ':app:packageReleaseResources' as it is up-to-date.
[        ] Resolve mutations for :app:parseReleaseLocalResources (Thread[Execution worker Thread 5,5,main]) started.
[        ] :app:parseReleaseLocalResources (Thread[Execution worker Thread 5,5,main]) started.
[        ] > Task :app:parseReleaseLocalResources UP-TO-DATE
[        ] Caching disabled for task ':app:parseReleaseLocalResources' because:
[        ]   Build cache is disabled
[        ] Skipping task ':app:parseReleaseLocalResources' as it is up-to-date.
[        ] Resolve mutations for :app:createReleaseCompatibleScreenManifests (Thread[Execution worker Thread 5,5,main]) started.
[        ] :app:createReleaseCompatibleScreenManifests (Thread[Execution worker Thread 5,5,main]) started.
[        ] > Task :app:createReleaseCompatibleScreenManifests UP-TO-DATE
[        ] Caching disabled for task ':app:createReleaseCompatibleScreenManifests' because:
[        ]   Build cache is disabled
[        ]   Caching has been disabled for the task
[        ] Skipping task ':app:createReleaseCompatibleScreenManifests' as it is up-to-date.
[        ] Resolve mutations for :app:extractDeepLinksRelease (Thread[Execution worker Thread 5,5,main]) started.
[        ] :app:extractDeepLinksRelease (Thread[Execution worker Thread 5,5,main]) started.
[        ] > Task :app:extractDeepLinksRelease UP-TO-DATE
[        ] Caching disabled for task ':app:extractDeepLinksRelease' because:
[        ]   Build cache is disabled
[        ] Skipping task ':app:extractDeepLinksRelease' as it is up-to-date.
[        ] Resolve mutations for :file_picker:extractDeepLinksRelease (Thread[Execution worker Thread 5,5,main]) started.
[        ] :file_picker:extractDeepLinksRelease (Thread[Execution worker Thread 5,5,main]) started.
[        ] > Task :file_picker:extractDeepLinksRelease UP-TO-DATE
[        ] Caching disabled for task ':file_picker:extractDeepLinksRelease' because:
[        ]   Build cache is disabled
[        ] Skipping task ':file_picker:extractDeepLinksRelease' as it is up-to-date.
[        ] work action resolve navigation.json (project :file_picker) (Thread[Execution worker Thread 5,5,main]) started.
[        ] Resolve mutations for :file_picker:processReleaseManifest (Thread[Execution worker Thread 3,5,main]) started.
[        ] :file_picker:processReleaseManifest (Thread[Execution worker Thread 3,5,main]) started.
[        ] > Task :file_picker:processReleaseManifest UP-TO-DATE
[        ] Caching disabled for task ':file_picker:processReleaseManifest' because:
[        ]   Build cache is disabled
[        ] Skipping task ':file_picker:processReleaseManifest' as it is up-to-date.
[        ] work action resolve AndroidManifest.xml (project :file_picker) (Thread[Execution worker Thread 3,5,main]) started.
[        ] Resolve mutations for :flutter_local_notifications:extractDeepLinksRelease (Thread[Execution worker Thread 5,5,main]) started.
[        ] :flutter_local_notifications:extractDeepLinksRelease (Thread[Execution worker Thread 5,5,main]) started.
[        ] > Task :flutter_local_notifications:extractDeepLinksRelease UP-TO-DATE
[        ] Caching disabled for task ':flutter_local_notifications:extractDeepLinksRelease' because:
[        ]   Build cache is disabled
[        ] Skipping task ':flutter_local_notifications:extractDeepLinksRelease' as it is up-to-date.
[        ] work action resolve navigation.json (project :flutter_local_notifications) (Thread[Execution worker Thread 5,5,main]) started.
[        ] Resolve mutations for :flutter_local_notifications:processReleaseManifest (Thread[Execution worker Thread 5,5,main]) started.
[        ] :flutter_local_notifications:processReleaseManifest (Thread[Execution worker Thread 5,5,main]) started.
[        ] > Task :flutter_local_notifications:processReleaseManifest UP-TO-DATE
[        ] Caching disabled for task ':flutter_local_notifications:processReleaseManifest' because:
[        ]   Build cache is disabled
[        ] Skipping task ':flutter_local_notifications:processReleaseManifest' as it is up-to-date.
[        ] work action resolve AndroidManifest.xml (project :flutter_local_notifications) (Thread[Execution worker Thread 5,5,main]) started.
[        ] Resolve mutations for :flutter_plugin_android_lifecycle:extractDeepLinksRelease (Thread[Execution worker Thread 5,5,main]) started.
[        ] :flutter_plugin_android_lifecycle:extractDeepLinksRelease (Thread[Execution worker Thread 5,5,main]) started.
[        ] > Task :flutter_plugin_android_lifecycle:extractDeepLinksRelease UP-TO-DATE
[        ] Caching disabled for task ':flutter_plugin_android_lifecycle:extractDeepLinksRelease' because:
[        ]   Build cache is disabled
[        ] Skipping task ':flutter_plugin_android_lifecycle:extractDeepLinksRelease' as it is up-to-date.
[        ] work action resolve navigation.json (project :flutter_plugin_android_lifecycle) (Thread[Execution worker Thread 11,5,main]) started.
[        ] Resolve mutations for :flutter_plugin_android_lifecycle:processReleaseManifest (Thread[Execution worker Thread 11,5,main]) started.
[        ] :flutter_plugin_android_lifecycle:processReleaseManifest (Thread[Execution worker Thread 11,5,main]) started.
[        ] > Task :flutter_plugin_android_lifecycle:processReleaseManifest UP-TO-DATE
[        ] Caching disabled for task ':flutter_plugin_android_lifecycle:processReleaseManifest' because:
[        ]   Build cache is disabled
[        ] Skipping task ':flutter_plugin_android_lifecycle:processReleaseManifest' as it is up-to-date.
[        ] work action resolve AndroidManifest.xml (project :flutter_plugin_android_lifecycle) (Thread[Execution worker Thread 11,5,main]) started.
[        ] Resolve mutations for :flutter_secure_storage:extractDeepLinksRelease (Thread[Execution worker Thread 11,5,main]) started.
[        ] :flutter_secure_storage:extractDeepLinksRelease (Thread[Execution worker Thread 11,5,main]) started.
[        ] > Task :flutter_secure_storage:extractDeepLinksRelease UP-TO-DATE
[        ] Caching disabled for task ':flutter_secure_storage:extractDeepLinksRelease' because:
[        ]   Build cache is disabled
[        ] Skipping task ':flutter_secure_storage:extractDeepLinksRelease' as it is up-to-date.
[        ] work action resolve navigation.json (project :flutter_secure_storage) (Thread[Execution worker Thread 11,5,main]) started.
[        ] Resolve mutations for :flutter_secure_storage:processReleaseManifest (Thread[Execution worker Thread 11,5,main]) started.
[        ] :flutter_secure_storage:processReleaseManifest (Thread[Execution worker,5,main]) started.
[        ] > Task :flutter_secure_storage:processReleaseManifest UP-TO-DATE
[        ] Caching disabled for task ':flutter_secure_storage:processReleaseManifest' because:
[        ]   Build cache is disabled
[        ] Skipping task ':flutter_secure_storage:processReleaseManifest' as it is up-to-date.
[        ] work action resolve AndroidManifest.xml (project :flutter_secure_storage) (Thread[Execution worker,5,main]) started.
[   +1 ms] Resolve mutations for :geolocator_android:extractDeepLinksRelease (Thread[Execution worker,5,main]) started.
[        ] :geolocator_android:extractDeepLinksRelease (Thread[Execution worker,5,main]) started.
[        ] > Task :geolocator_android:extractDeepLinksRelease UP-TO-DATE
[        ] Caching disabled for task ':geolocator_android:extractDeepLinksRelease' because:
[        ]   Build cache is disabled
[        ] Skipping task ':geolocator_android:extractDeepLinksRelease' as it is up-to-date.
[        ] work action resolve navigation.json (project :geolocator_android) (Thread[Execution worker,5,main]) started.
[        ] Resolve mutations for :geolocator_android:processReleaseManifest (Thread[included builds,5,main]) started.
[        ] :geolocator_android:processReleaseManifest (Thread[Execution worker Thread 7,5,main]) started.
[        ] > Task :geolocator_android:processReleaseManifest UP-TO-DATE
[        ] Caching disabled for task ':geolocator_android:processReleaseManifest' because:
[        ]   Build cache is disabled
[        ] Skipping task ':geolocator_android:processReleaseManifest' as it is up-to-date.
[        ] work action resolve AndroidManifest.xml (project :geolocator_android) (Thread[Execution worker Thread 7,5,main]) started.
[        ] Resolve mutations for :image_picker_android:extractDeepLinksRelease (Thread[Execution worker Thread 7,5,main]) started.
[        ] :image_picker_android:extractDeepLinksRelease (Thread[Execution worker Thread 11,5,main]) started.
[        ] > Task :image_picker_android:extractDeepLinksRelease UP-TO-DATE
[        ] Caching disabled for task ':image_picker_android:extractDeepLinksRelease' because:
[        ]   Build cache is disabled
[        ] Skipping task ':image_picker_android:extractDeepLinksRelease' as it is up-to-date.
[        ] work action resolve navigation.json (project :image_picker_android) (Thread[Execution worker Thread 11,5,main]) started.
[        ] Resolve mutations for :image_picker_android:processReleaseManifest (Thread[Execution worker,5,main]) started.
[        ] :image_picker_android:processReleaseManifest (Thread[Execution worker Thread 4,5,main]) started.
[        ] > Task :image_picker_android:processReleaseManifest UP-TO-DATE
[        ] Caching disabled for task ':image_picker_android:processReleaseManifest' because:
[        ]   Build cache is disabled
[        ] Skipping task ':image_picker_android:processReleaseManifest' as it is up-to-date.
[        ] work action resolve AndroidManifest.xml (project :image_picker_android) (Thread[Execution worker Thread 4,5,main]) started.
[        ] Resolve mutations for :mobile_scanner:extractDeepLinksRelease (Thread[Execution worker Thread 7,5,main]) started.
[        ] :mobile_scanner:extractDeepLinksRelease (Thread[Execution worker Thread 7,5,main]) started.
[        ] > Task :mobile_scanner:extractDeepLinksRelease UP-TO-DATE
[        ] Caching disabled for task ':mobile_scanner:extractDeepLinksRelease' because:
[        ]   Build cache is disabled
[        ] Skipping task ':mobile_scanner:extractDeepLinksRelease' as it is up-to-date.
[        ] work action resolve navigation.json (project :mobile_scanner) (Thread[Execution worker Thread 7,5,main]) started.
[        ] Resolve mutations for :mobile_scanner:processReleaseManifest (Thread[Execution worker Thread 7,5,main]) started.
[        ] :mobile_scanner:processReleaseManifest (Thread[Execution worker Thread 7,5,main]) started.
[  +83 ms] > Task :mobile_scanner:processReleaseManifest UP-TO-DATE
[        ] Caching disabled for task ':mobile_scanner:processReleaseManifest' because:
[        ]   Build cache is disabled
[        ] Skipping task ':mobile_scanner:processReleaseManifest' as it is up-to-date.
[        ] work action resolve AndroidManifest.xml (project :mobile_scanner) (Thread[Execution worker Thread 7,5,main]) started.
[        ] Resolve mutations for :package_info_plus:extractDeepLinksRelease (Thread[Execution worker Thread 6,5,main]) started.
[        ] :package_info_plus:extractDeepLinksRelease (Thread[Execution worker Thread 6,5,main]) started.
[        ] > Task :package_info_plus:extractDeepLinksRelease UP-TO-DATE
[        ] Caching disabled for task ':package_info_plus:extractDeepLinksRelease' because:
[        ]   Build cache is disabled
[        ] Skipping task ':package_info_plus:extractDeepLinksRelease' as it is up-to-date.
[        ] work action resolve navigation.json (project :package_info_plus) (Thread[Execution worker Thread 6,5,main]) started.
[        ] Resolve mutations for :package_info_plus:processReleaseManifest (Thread[Execution worker Thread 6,5,main]) started.
[        ] :package_info_plus:processReleaseManifest (Thread[Execution worker Thread 6,5,main]) started.
[        ] > Task :package_info_plus:processReleaseManifest UP-TO-DATE
[        ] Caching disabled for task ':package_info_plus:processReleaseManifest' because:
[        ]   Build cache is disabled
[        ] Skipping task ':package_info_plus:processReleaseManifest' as it is up-to-date.
[        ] work action resolve AndroidManifest.xml (project :package_info_plus) (Thread[Execution worker Thread 6,5,main]) started.
[        ] Resolve mutations for :path_provider_android:extractDeepLinksRelease (Thread[Execution worker Thread 6,5,main]) started.
[        ] :path_provider_android:extractDeepLinksRelease (Thread[Execution worker Thread 6,5,main]) started.
[        ] > Task :path_provider_android:extractDeepLinksRelease UP-TO-DATE
[        ] Caching disabled for task ':path_provider_android:extractDeepLinksRelease' because:
[        ]   Build cache is disabled
[        ] Skipping task ':path_provider_android:extractDeepLinksRelease' as it is up-to-date.
[        ] work action resolve navigation.json (project :path_provider_android) (Thread[Execution worker Thread 6,5,main]) started.
[        ] Resolve mutations for :path_provider_android:processReleaseManifest (Thread[included builds,5,main]) started.
[        ] :path_provider_android:processReleaseManifest (Thread[included builds,5,main]) started.
[        ] > Task :path_provider_android:processReleaseManifest UP-TO-DATE
[        ] Caching disabled for task ':path_provider_android:processReleaseManifest' because:
[        ]   Build cache is disabled
[        ] Skipping task ':path_provider_android:processReleaseManifest' as it is up-to-date.
[        ] work action resolve AndroidManifest.xml (project :path_provider_android) (Thread[included builds,5,main]) started.
[        ] Resolve mutations for :shared_preferences_android:extractDeepLinksRelease (Thread[included builds,5,main]) started.
[        ] :shared_preferences_android:extractDeepLinksRelease (Thread[Execution worker,5,main]) started.
[        ] > Task :shared_preferences_android:extractDeepLinksRelease UP-TO-DATE
[        ] Caching disabled for task ':shared_preferences_android:extractDeepLinksRelease' because:
[        ]   Build cache is disabled
[        ] Skipping task ':shared_preferences_android:extractDeepLinksRelease' as it is up-to-date.
[        ] work action resolve navigation.json (project :shared_preferences_android) (Thread[Execution worker,5,main]) started.
[        ] Resolve mutations for :shared_preferences_android:processReleaseManifest (Thread[Execution worker,5,main]) started.
[        ] :shared_preferences_android:processReleaseManifest (Thread[Execution worker,5,main]) started.
[        ] > Task :shared_preferences_android:processReleaseManifest UP-TO-DATE
[        ] Caching disabled for task ':shared_preferences_android:processReleaseManifest' because:
[        ]   Build cache is disabled
[        ] Skipping task ':shared_preferences_android:processReleaseManifest' as it is up-to-date.
[        ] work action resolve AndroidManifest.xml (project :shared_preferences_android) (Thread[Execution worker,5,main]) started.
[        ] Resolve mutations for :sqflite_android:extractDeepLinksRelease (Thread[Execution worker,5,main]) started.
[        ] :sqflite_android:extractDeepLinksRelease (Thread[Execution worker,5,main]) started.
[        ] > Task :sqflite_android:extractDeepLinksRelease UP-TO-DATE
[        ] Caching disabled for task ':sqflite_android:extractDeepLinksRelease' because:
[        ]   Build cache is disabled
[        ] Skipping task ':sqflite_android:extractDeepLinksRelease' as it is up-to-date.
[        ] work action resolve navigation.json (project :sqflite_android) (Thread[Execution worker,5,main]) started.
[        ] Resolve mutations for :sqflite_android:processReleaseManifest (Thread[Execution worker,5,main]) started.
[        ] :sqflite_android:processReleaseManifest (Thread[Execution worker,5,main]) started.
[        ] > Task :sqflite_android:processReleaseManifest UP-TO-DATE
[        ] Caching disabled for task ':sqflite_android:processReleaseManifest' because:
[        ]   Build cache is disabled
[        ] Skipping task ':sqflite_android:processReleaseManifest' as it is up-to-date.
[        ] work action resolve AndroidManifest.xml (project :sqflite_android) (Thread[Execution worker,5,main]) started.
[        ] Resolve mutations for :url_launcher_android:extractDeepLinksRelease (Thread[Execution worker Thread 10,5,main]) started.
[        ] :url_launcher_android:extractDeepLinksRelease (Thread[Execution worker Thread 10,5,main]) started.
[        ] > Task :url_launcher_android:extractDeepLinksRelease UP-TO-DATE
[        ] Caching disabled for task ':url_launcher_android:extractDeepLinksRelease' because:
[        ]   Build cache is disabled
[        ] Skipping task ':url_launcher_android:extractDeepLinksRelease' as it is up-to-date.
[        ] work action resolve navigation.json (project :url_launcher_android) (Thread[Execution worker Thread 10,5,main]) started.
[        ] Resolve mutations for :url_launcher_android:processReleaseManifest (Thread[Execution worker Thread 10,5,main]) started.
[        ] :url_launcher_android:processReleaseManifest (Thread[Execution worker Thread 10,5,main]) started.
[        ] > Task :url_launcher_android:processReleaseManifest UP-TO-DATE
[        ] Caching disabled for task ':url_launcher_android:processReleaseManifest' because:
[        ]   Build cache is disabled
[        ] Skipping task ':url_launcher_android:processReleaseManifest' as it is up-to-date.
[        ] work action resolve AndroidManifest.xml (project :url_launcher_android) (Thread[Execution worker Thread 10,5,main]) started.
[        ] Resolve mutations for :app:processReleaseMainManifest (Thread[Execution worker Thread 10,5,main]) started.
[        ] :app:processReleaseMainManifest (Thread[Execution worker Thread 10,5,main]) started.
[        ] > Task :app:processReleaseMainManifest UP-TO-DATE
[        ] Caching disabled for task ':app:processReleaseMainManifest' because:
[        ]   Build cache is disabled
[        ] Skipping task ':app:processReleaseMainManifest' as it is up-to-date.
[        ] Resolve mutations for :app:outputReleaseAppLinkSettings (Thread[Execution worker Thread 10,5,main]) started.
[        ] :app:outputReleaseAppLinkSettings (Thread[Execution worker Thread 10,5,main]) started.
[        ] > Task :app:outputReleaseAppLinkSettings UP-TO-DATE
[        ] Caching disabled for task ':app:outputReleaseAppLinkSettings' because:
[        ]   Build cache is disabled
[        ]   Caching has not been enabled for the task
[        ] Skipping task ':app:outputReleaseAppLinkSettings' as it is up-to-date.
[        ] Resolve mutations for :app:processReleaseManifest (Thread[Execution worker Thread 10,5,main]) started.
[        ] :app:processReleaseManifest (Thread[Execution worker Thread 8,5,main]) started.
[        ] > Task :app:processReleaseManifest UP-TO-DATE
[        ] Caching disabled for task ':app:processReleaseManifest' because:
[        ]   Build cache is disabled
[        ] Skipping task ':app:processReleaseManifest' as it is up-to-date.
[        ] Resolve mutations for :app:processReleaseManifestForPackage (Thread[Execution worker Thread 8,5,main]) started.
[        ] :app:processReleaseManifestForPackage (Thread[Execution worker Thread 8,5,main]) started.
[        ] > Task :app:processReleaseManifestForPackage UP-TO-DATE
[        ] Custom actions are attached to task ':app:processReleaseManifestForPackage'.
[        ] Caching disabled for task ':app:processReleaseManifestForPackage' because:
[        ]   Build cache is disabled
[        ] Skipping task ':app:processReleaseManifestForPackage' as it is up-to-date.
[        ] Resolve mutations for :app:processReleaseResources (Thread[Execution worker Thread 8,5,main]) started.
[        ] :app:processReleaseResources (Thread[included builds,5,main]) started.
[  +87 ms] > Task :app:processReleaseResources UP-TO-DATE
[        ] Caching disabled for task ':app:processReleaseResources' because:
[        ]   Build cache is disabled
[        ] Skipping task ':app:processReleaseResources' as it is up-to-date.
[        ] Resolve mutations for :file_picker:bundleLibCompileToJarRelease (Thread[included builds,5,main]) started.
[        ] :file_picker:bundleLibCompileToJarRelease (Thread[included builds,5,main]) started.
[        ] > Task :file_picker:bundleLibCompileToJarRelease UP-TO-DATE
[        ] Caching disabled for task ':file_picker:bundleLibCompileToJarRelease' because:
[        ]   Build cache is disabled
[        ]   Simple merging task
[        ] Skipping task ':file_picker:bundleLibCompileToJarRelease' as it is up-to-date.
[        ] work action resolve classes.jar (project :file_picker) (Thread[included builds,5,main]) started.
[        ] Resolve mutations for :flutter_local_notifications:bundleLibCompileToJarRelease (Thread[included builds,5,main]) started.
[        ] :flutter_local_notifications:bundleLibCompileToJarRelease (Thread[included builds,5,main]) started.
[        ] > Task :flutter_local_notifications:bundleLibCompileToJarRelease UP-TO-DATE
[        ] Caching disabled for task ':flutter_local_notifications:bundleLibCompileToJarRelease' because:
[        ]   Build cache is disabled
[        ]   Simple merging task
[        ] Skipping task ':flutter_local_notifications:bundleLibCompileToJarRelease' as it is up-to-date.
[        ] work action resolve classes.jar (project :flutter_local_notifications) (Thread[included builds,5,main]) started.
[        ] Resolve mutations for :flutter_secure_storage:bundleLibCompileToJarRelease (Thread[included builds,5,main]) started.
[        ] :flutter_secure_storage:bundleLibCompileToJarRelease (Thread[included builds,5,main]) started.
[        ] > Task :flutter_secure_storage:bundleLibCompileToJarRelease UP-TO-DATE
[        ] Caching disabled for task ':flutter_secure_storage:bundleLibCompileToJarRelease' because:
[        ]   Build cache is disabled
[        ]   Simple merging task
[        ] Skipping task ':flutter_secure_storage:bundleLibCompileToJarRelease' as it is up-to-date.
[        ] work action resolve classes.jar (project :flutter_secure_storage) (Thread[included builds,5,main]) started.
[        ] Resolve mutations for :geolocator_android:bundleLibCompileToJarRelease (Thread[included builds,5,main]) started.
[        ] :geolocator_android:bundleLibCompileToJarRelease (Thread[included builds,5,main]) started.
[        ] > Task :geolocator_android:bundleLibCompileToJarRelease UP-TO-DATE
[        ] Caching disabled for task ':geolocator_android:bundleLibCompileToJarRelease' because:
[        ]   Build cache is disabled
[        ]   Simple merging task
[        ] Skipping task ':geolocator_android:bundleLibCompileToJarRelease' as it is up-to-date.
[        ] work action resolve classes.jar (project :geolocator_android) (Thread[included builds,5,main]) started.
[        ] Resolve mutations for :image_picker_android:bundleLibCompileToJarRelease (Thread[included builds,5,main]) started.
[        ] :image_picker_android:bundleLibCompileToJarRelease (Thread[included builds,5,main]) started.
[        ] > Task :image_picker_android:bundleLibCompileToJarRelease UP-TO-DATE
[        ] Caching disabled for task ':image_picker_android:bundleLibCompileToJarRelease' because:
[        ]   Build cache is disabled
[        ]   Simple merging task
[        ] Skipping task ':image_picker_android:bundleLibCompileToJarRelease' as it is up-to-date.
[        ] work action resolve classes.jar (project :image_picker_android) (Thread[included builds,5,main]) started.
[        ] Resolve mutations for :mobile_scanner:bundleLibCompileToJarRelease (Thread[included builds,5,main]) started.
[        ] :mobile_scanner:bundleLibCompileToJarRelease (Thread[included builds,5,main]) started.
[        ] > Task :mobile_scanner:bundleLibCompileToJarRelease UP-TO-DATE
[        ] Caching disabled for task ':mobile_scanner:bundleLibCompileToJarRelease' because:
[        ]   Build cache is disabled
[        ]   Simple merging task
[        ] Skipping task ':mobile_scanner:bundleLibCompileToJarRelease' as it is up-to-date.
[        ] work action resolve classes.jar (project :mobile_scanner) (Thread[included builds,5,main]) started.
[        ] Resolve mutations for :package_info_plus:bundleLibCompileToJarRelease (Thread[included builds,5,main]) started.
[        ] :package_info_plus:bundleLibCompileToJarRelease (Thread[included builds,5,main]) started.
[        ] > Task :package_info_plus:bundleLibCompileToJarRelease UP-TO-DATE
[        ] Caching disabled for task ':package_info_plus:bundleLibCompileToJarRelease' because:
[        ]   Build cache is disabled
[        ]   Simple merging task
[        ] Skipping task ':package_info_plus:bundleLibCompileToJarRelease' as it is up-to-date.
[        ] work action resolve classes.jar (project :package_info_plus) (Thread[included builds,5,main]) started.
[        ] Resolve mutations for :path_provider_android:bundleLibCompileToJarRelease (Thread[Execution worker Thread 6,5,main]) started.
[        ] :path_provider_android:bundleLibCompileToJarRelease (Thread[Execution worker Thread 6,5,main]) started.
[        ] > Task :path_provider_android:bundleLibCompileToJarRelease UP-TO-DATE
[        ] Caching disabled for task ':path_provider_android:bundleLibCompileToJarRelease' because:
[        ]   Build cache is disabled
[        ]   Simple merging task
[        ] Skipping task ':path_provider_android:bundleLibCompileToJarRelease' as it is up-to-date.
[        ] work action resolve classes.jar (project :path_provider_android) (Thread[Execution worker Thread 6,5,main]) started.
[        ] Resolve mutations for :shared_preferences_android:bundleLibCompileToJarRelease (Thread[Execution worker Thread 6,5,main]) started.
[        ] :shared_preferences_android:bundleLibCompileToJarRelease (Thread[Execution worker Thread 6,5,main]) started.
[        ] > Task :shared_preferences_android:bundleLibCompileToJarRelease UP-TO-DATE
[        ] Caching disabled for task ':shared_preferences_android:bundleLibCompileToJarRelease' because:
[        ]   Build cache is disabled
[        ]   Simple merging task
[        ] Skipping task ':shared_preferences_android:bundleLibCompileToJarRelease' as it is up-to-date.
[        ] work action resolve classes.jar (project :shared_preferences_android) (Thread[Execution worker Thread 8,5,main]) started.
[        ] Resolve mutations for :sqflite_android:bundleLibCompileToJarRelease (Thread[Execution worker Thread 8,5,main]) started.
[        ] :sqflite_android:bundleLibCompileToJarRelease (Thread[Execution worker Thread 8,5,main]) started.
[        ] > Task :sqflite_android:bundleLibCompileToJarRelease UP-TO-DATE
[        ] Caching disabled for task ':sqflite_android:bundleLibCompileToJarRelease' because:
[        ]   Build cache is disabled
[        ]   Simple merging task
[        ] Skipping task ':sqflite_android:bundleLibCompileToJarRelease' as it is up-to-date.
[        ] work action resolve classes.jar (project :sqflite_android) (Thread[Execution worker Thread 8,5,main]) started.
[        ] Resolve mutations for :url_launcher_android:bundleLibCompileToJarRelease (Thread[Execution worker Thread 8,5,main]) started.
[        ] :url_launcher_android:bundleLibCompileToJarRelease (Thread[Execution worker Thread 8,5,main]) started.
[        ] > Task :url_launcher_android:bundleLibCompileToJarRelease UP-TO-DATE
[        ] Caching disabled for task ':url_launcher_android:bundleLibCompileToJarRelease' because:
[        ]   Build cache is disabled
[        ]   Simple merging task
[        ] Skipping task ':url_launcher_android:bundleLibCompileToJarRelease' as it is up-to-date.
[        ] work action resolve classes.jar (project :url_launcher_android) (Thread[Execution worker Thread 6,5,main]) started.
[        ] Resolve mutations for :app:compileReleaseKotlin (Thread[Execution worker Thread 6,5,main]) started.
[        ] :app:compileReleaseKotlin (Thread[Execution worker Thread 6,5,main]) started.
[        ] > Task :app:compileReleaseKotlin UP-TO-DATE
[        ] Adding -Xuse-inline-scopes-numbers Kotlin compiler flag for task :app:compileDebugAndroidTestKotlin
[        ] GradleBuildProject.Builder should not be accessed through AnalyticsConfiguratorService after AnalyticsService is created. Analytics information of this build might be incomplete.
[        ] Caching disabled for task ':app:compileReleaseKotlin' because:
[        ]   Build cache is disabled
[        ] Skipping task ':app:compileReleaseKotlin' as it is up-to-date.
[        ] Resolve mutations for :app:javaPreCompileRelease (Thread[Execution worker Thread 6,5,main]) started.
[        ] :app:javaPreCompileRelease (Thread[Execution worker Thread 6,5,main]) started.
[        ] > Task :app:javaPreCompileRelease UP-TO-DATE
[        ] Caching disabled for task ':app:javaPreCompileRelease' because:
[        ]   Build cache is disabled
[        ] Skipping task ':app:javaPreCompileRelease' as it is up-to-date.
[        ] Resolve mutations for :app:compileReleaseJavaWithJavac (Thread[Execution worker Thread 6,5,main]) started.
[        ] :app:compileReleaseJavaWithJavac (Thread[Execution worker Thread 6,5,main]) started.
[        ] > Task :app:compileReleaseJavaWithJavac UP-TO-DATE
[        ] Custom actions are attached to task ':app:compileReleaseJavaWithJavac'.
[        ] Caching disabled for task ':app:compileReleaseJavaWithJavac' because:
[        ]   Build cache is disabled
[        ] Skipping task ':app:compileReleaseJavaWithJavac' as it is up-to-date.
[        ] No compile result for :app:compileReleaseJavaWithJavac
[        ] No compile result for :app:compileReleaseJavaWithJavac
[        ] No compile result for :app:compileReleaseJavaWithJavac
[        ] Resolve mutations for :file_picker:bundleLibRuntimeToJarRelease (Thread[Execution worker Thread 6,5,main]) started.
[        ] :file_picker:bundleLibRuntimeToJarRelease (Thread[Execution worker Thread 6,5,main]) started.
[        ] > Task :file_picker:bundleLibRuntimeToJarRelease UP-TO-DATE
[        ] Caching disabled for task ':file_picker:bundleLibRuntimeToJarRelease' because:
[        ]   Build cache is disabled
[        ]   Simple merging task
[        ] Skipping task ':file_picker:bundleLibRuntimeToJarRelease' as it is up-to-date.
[        ] work action resolve classes.jar (project :file_picker) (Thread[Execution worker Thread 7,5,main]) started.
[        ] Resolve mutations for :flutter_local_notifications:bundleLibRuntimeToJarRelease (Thread[Execution worker Thread 7,5,main]) started.
[        ] :flutter_local_notifications:bundleLibRuntimeToJarRelease (Thread[Execution worker Thread 7,5,main]) started.
[        ] > Task :flutter_local_notifications:bundleLibRuntimeToJarRelease UP-TO-DATE
[        ] Caching disabled for task ':flutter_local_notifications:bundleLibRuntimeToJarRelease' because:
[        ]   Build cache is disabled
[        ]   Simple merging task
[        ] Skipping task ':flutter_local_notifications:bundleLibRuntimeToJarRelease' as it is up-to-date.
[        ] work action resolve classes.jar (project :flutter_local_notifications) (Thread[Execution worker Thread 7,5,main]) started.
[        ] Resolve mutations for :flutter_plugin_android_lifecycle:bundleLibRuntimeToJarRelease (Thread[Execution worker Thread 7,5,main]) started.
[        ] :flutter_plugin_android_lifecycle:bundleLibRuntimeToJarRelease (Thread[Execution worker Thread 7,5,main]) started.
[        ] > Task :flutter_plugin_android_lifecycle:bundleLibRuntimeToJarRelease UP-TO-DATE
[        ] Caching disabled for task ':flutter_plugin_android_lifecycle:bundleLibRuntimeToJarRelease' because:
[        ]   Build cache is disabled
[        ]   Simple merging task
[        ] Skipping task ':flutter_plugin_android_lifecycle:bundleLibRuntimeToJarRelease' as it is up-to-date.
[        ] work action resolve classes.jar (project :flutter_plugin_android_lifecycle) (Thread[Execution worker Thread 7,5,main]) started.
[        ] Resolve mutations for :flutter_secure_storage:bundleLibRuntimeToJarRelease (Thread[Execution worker Thread 4,5,main]) started.
[        ] :flutter_secure_storage:bundleLibRuntimeToJarRelease (Thread[Execution worker Thread 4,5,main]) started.
[        ] > Task :flutter_secure_storage:bundleLibRuntimeToJarRelease UP-TO-DATE
[        ] Caching disabled for task ':flutter_secure_storage:bundleLibRuntimeToJarRelease' because:
[        ]   Build cache is disabled
[        ]   Simple merging task
[        ] Skipping task ':flutter_secure_storage:bundleLibRuntimeToJarRelease' as it is up-to-date.
[        ] work action resolve classes.jar (project :flutter_secure_storage) (Thread[Execution worker Thread 4,5,main]) started.
[        ] Resolve mutations for :geolocator_android:bundleLibRuntimeToJarRelease (Thread[Execution worker Thread 4,5,main]) started.
[        ] :geolocator_android:bundleLibRuntimeToJarRelease (Thread[Execution worker Thread 4,5,main]) started.
[        ] > Task :geolocator_android:bundleLibRuntimeToJarRelease UP-TO-DATE
[        ] Caching disabled for task ':geolocator_android:bundleLibRuntimeToJarRelease' because:
[        ]   Build cache is disabled
[        ]   Simple merging task
[        ] Skipping task ':geolocator_android:bundleLibRuntimeToJarRelease' as it is up-to-date.
[        ] work action resolve classes.jar (project :geolocator_android) (Thread[Execution worker Thread 4,5,main]) started.
[        ] Resolve mutations for :image_picker_android:bundleLibRuntimeToJarRelease (Thread[Execution worker Thread 4,5,main]) started.
[        ] :image_picker_android:bundleLibRuntimeToJarRelease (Thread[Execution worker Thread 4,5,main]) started.
[        ] > Task :image_picker_android:bundleLibRuntimeToJarRelease UP-TO-DATE
[        ] Caching disabled for task ':image_picker_android:bundleLibRuntimeToJarRelease' because:
[        ]   Build cache is disabled
[        ]   Simple merging task
[        ] Skipping task ':image_picker_android:bundleLibRuntimeToJarRelease' as it is up-to-date.
[        ] work action resolve classes.jar (project :image_picker_android) (Thread[Execution worker Thread 4,5,main]) started.
[        ] Resolve mutations for :mobile_scanner:bundleLibRuntimeToJarRelease (Thread[Execution worker Thread 7,5,main]) started.
[        ] :mobile_scanner:bundleLibRuntimeToJarRelease (Thread[Execution worker Thread 10,5,main]) started.
[        ] > Task :mobile_scanner:bundleLibRuntimeToJarRelease UP-TO-DATE
[        ] Caching disabled for task ':mobile_scanner:bundleLibRuntimeToJarRelease' because:
[        ]   Build cache is disabled
[        ]   Simple merging task
[        ] Skipping task ':mobile_scanner:bundleLibRuntimeToJarRelease' as it is up-to-date.
[        ] work action resolve classes.jar (project :mobile_scanner) (Thread[Execution worker Thread 10,5,main]) started.
[        ] Resolve mutations for :package_info_plus:bundleLibRuntimeToJarRelease (Thread[Execution worker Thread 5,5,main]) started.
[        ] :package_info_plus:bundleLibRuntimeToJarRelease (Thread[Execution worker Thread 5,5,main]) started.
[        ] > Task :package_info_plus:bundleLibRuntimeToJarRelease UP-TO-DATE
[        ] Caching disabled for task ':package_info_plus:bundleLibRuntimeToJarRelease' because:
[        ]   Build cache is disabled
[        ]   Simple merging task
[        ] Skipping task ':package_info_plus:bundleLibRuntimeToJarRelease' as it is up-to-date.
[        ] work action resolve classes.jar (project :package_info_plus) (Thread[Execution worker Thread 5,5,main]) started.
[        ] Resolve mutations for :path_provider_android:bundleLibRuntimeToJarRelease (Thread[Execution worker Thread 11,5,main]) started.
[        ] :path_provider_android:bundleLibRuntimeToJarRelease (Thread[Execution worker Thread 11,5,main]) started.
[        ] > Task :path_provider_android:bundleLibRuntimeToJarRelease UP-TO-DATE
[        ] Caching disabled for task ':path_provider_android:bundleLibRuntimeToJarRelease' because:
[        ]   Build cache is disabled
[        ]   Simple merging task
[        ] Skipping task ':path_provider_android:bundleLibRuntimeToJarRelease' as it is up-to-date.
[        ] work action resolve classes.jar (project :path_provider_android) (Thread[Execution worker Thread 11,5,main]) started.
[        ] Resolve mutations for :shared_preferences_android:bundleLibRuntimeToJarRelease (Thread[Execution worker Thread 11,5,main]) started.
[        ] :shared_preferences_android:bundleLibRuntimeToJarRelease (Thread[Execution worker Thread 11,5,main]) started.
[  +74 ms] > Task :shared_preferences_android:bundleLibRuntimeToJarRelease UP-TO-DATE
[        ] Caching disabled for task ':shared_preferences_android:bundleLibRuntimeToJarRelease' because:
[        ]   Build cache is disabled
[        ]   Simple merging task
[        ] Skipping task ':shared_preferences_android:bundleLibRuntimeToJarRelease' as it is up-to-date.
[        ] work action resolve classes.jar (project :shared_preferences_android) (Thread[Execution worker Thread 7,5,main]) started.
[        ] Resolve mutations for :sqflite_android:bundleLibRuntimeToJarRelease (Thread[Execution worker Thread 7,5,main]) started.
[        ] :sqflite_android:bundleLibRuntimeToJarRelease (Thread[Execution worker Thread 7,5,main]) started.
[        ] > Task :sqflite_android:bundleLibRuntimeToJarRelease UP-TO-DATE
[        ] Caching disabled for task ':sqflite_android:bundleLibRuntimeToJarRelease' because:
[        ]   Build cache is disabled
[        ]   Simple merging task
[        ] Skipping task ':sqflite_android:bundleLibRuntimeToJarRelease' as it is up-to-date.
[        ] work action resolve classes.jar (project :sqflite_android) (Thread[Execution worker Thread 7,5,main]) started.
[        ] Resolve mutations for :url_launcher_android:bundleLibRuntimeToJarRelease (Thread[Execution worker Thread 7,5,main]) started.
[        ] :url_launcher_android:bundleLibRuntimeToJarRelease (Thread[Execution worker Thread 7,5,main]) started.
[        ] > Task :url_launcher_android:bundleLibRuntimeToJarRelease UP-TO-DATE
[        ] Caching disabled for task ':url_launcher_android:bundleLibRuntimeToJarRelease' because:
[        ]   Build cache is disabled
[        ]   Simple merging task
[        ] Skipping task ':url_launcher_android:bundleLibRuntimeToJarRelease' as it is up-to-date.
[        ] work action resolve classes.jar (project :url_launcher_android) (Thread[Execution worker Thread 7,5,main]) started.
[        ] Resolve mutations for :app:expandReleaseArtProfileWildcards (Thread[Execution worker Thread 2,5,main]) started.
[        ] :app:expandReleaseArtProfileWildcards (Thread[Execution worker Thread 5,5,main]) started.
[        ] > Task :app:expandReleaseArtProfileWildcards UP-TO-DATE
[        ] Caching disabled for task ':app:expandReleaseArtProfileWildcards' because:
[        ]   Build cache is disabled
[        ] Skipping task ':app:expandReleaseArtProfileWildcards' as it is up-to-date.
[        ] Resolve mutations for :app:extractProguardFiles (Thread[Execution worker Thread 5,5,main]) started.
[        ] :app:extractProguardFiles (Thread[Execution worker Thread 5,5,main]) started.
[        ] > Task :app:extractProguardFiles UP-TO-DATE
[        ] Caching disabled for task ':app:extractProguardFiles' because:
[        ]   Build cache is disabled
[        ]   Fast task
[        ] Skipping task ':app:extractProguardFiles' as it is up-to-date.
[        ] Resolve mutations for :app:mergeReleaseGeneratedProguardFiles (Thread[Execution worker Thread 5,5,main]) started.
[        ] :app:mergeReleaseGeneratedProguardFiles (Thread[Execution worker Thread 2,5,main]) started.
[        ] > Task :app:mergeReleaseGeneratedProguardFiles UP-TO-DATE
[        ] Caching disabled for task ':app:mergeReleaseGeneratedProguardFiles' because:
[        ]   Build cache is disabled
[        ]   Simple merging task
[        ] Skipping task ':app:mergeReleaseGeneratedProguardFiles' as it is up-to-date.
[        ] Resolve mutations for :app:processReleaseJavaRes (Thread[Execution worker Thread 2,5,main]) started.
[        ] :app:processReleaseJavaRes (Thread[Execution worker Thread 2,5,main]) started.
[        ] > Task :app:processReleaseJavaRes UP-TO-DATE
[        ] file or directory 'C:\Users\GHANEM\Desktop\project_flutter\football\android\app\src\main\resources', not found
[        ] file or directory 'C:\Users\GHANEM\Desktop\project_flutter\football\android\app\src\release\resources', not found
[        ] file or directory 'C:\Users\GHANEM\Desktop\project_flutter\football\android\app\src\main\resources', not found
[        ] file or directory 'C:\Users\GHANEM\Desktop\project_flutter\football\android\app\src\release\resources', not found
[        ] Caching disabled for task ':app:processReleaseJavaRes' because:
[        ]   Build cache is disabled
[        ]   Caching has been disabled for the task
[        ] Skipping task ':app:processReleaseJavaRes' as it is up-to-date.
[        ] Resolve mutations for :file_picker:processReleaseJavaRes (Thread[Execution worker Thread 2,5,main]) started.
[        ] :file_picker:processReleaseJavaRes (Thread[Execution worker Thread 2,5,main]) started.
[        ] > Task :file_picker:processReleaseJavaRes UP-TO-DATE
[        ] file or directory 'C:\Users\GHANEM\AppData\Local\Pub\Cache\hosted\pub.dev\file_picker-10.3.10\android\src\main\resources', not found
[        ] file or directory 'C:\Users\GHANEM\AppData\Local\Pub\Cache\hosted\pub.dev\file_picker-10.3.10\android\src\release\resources', not found
[        ] file or directory 'C:\Users\GHANEM\AppData\Local\Pub\Cache\hosted\pub.dev\file_picker-10.3.10\android\src\main\resources', not found
[        ] file or directory 'C:\Users\GHANEM\AppData\Local\Pub\Cache\hosted\pub.dev\file_picker-10.3.10\android\src\release\resources', not found
[        ] Caching disabled for task ':file_picker:processReleaseJavaRes' because:
[        ]   Build cache is disabled
[        ]   Caching has been disabled for the task
[        ] Skipping task ':file_picker:processReleaseJavaRes' as it is up-to-date.
[        ] work action resolve out (project :file_picker) (Thread[Execution worker Thread 2,5,main]) started.
[        ] Resolve mutations for :flutter_local_notifications:processReleaseJavaRes (Thread[Execution worker Thread 2,5,main]) started.
[        ] :flutter_local_notifications:processReleaseJavaRes (Thread[Execution worker Thread 2,5,main]) started.
[        ] > Task :flutter_local_notifications:processReleaseJavaRes NO-SOURCE
[        ] file or directory 'C:\Users\GHANEM\AppData\Local\Pub\Cache\hosted\pub.dev\flutter_local_notifications-21.0.0\android\src\main\resources', not found
[        ] file or directory 'C:\Users\GHANEM\AppData\Local\Pub\Cache\hosted\pub.dev\flutter_local_notifications-21.0.0\android\src\release\resources', not found
[        ] Skipping task ':flutter_local_notifications:processReleaseJavaRes' as it has no source files and no previous output files.
[        ] work action resolve out (project :flutter_local_notifications) (Thread[Execution worker Thread 5,5,main]) started.
[        ] Resolve mutations for :flutter_plugin_android_lifecycle:processReleaseJavaRes (Thread[Execution worker Thread 5,5,main]) started.
[        ] :flutter_plugin_android_lifecycle:processReleaseJavaRes (Thread[Execution worker Thread 11,5,main]) started.
[        ] > Task :flutter_plugin_android_lifecycle:processReleaseJavaRes NO-SOURCE
[        ] file or directory 'C:\Users\GHANEM\AppData\Local\Pub\Cache\hosted\pub.dev\flutter_plugin_android_lifecycle-2.0.33\android\src\main\resources', not found
[        ] file or directory 'C:\Users\GHANEM\AppData\Local\Pub\Cache\hosted\pub.dev\flutter_plugin_android_lifecycle-2.0.33\android\src\release\resources', not found
[        ] Skipping task ':flutter_plugin_android_lifecycle:processReleaseJavaRes' as it has no source files and no previous output files.
[        ] work action resolve out (project :flutter_plugin_android_lifecycle) (Thread[Execution worker Thread 11,5,main]) started.
[        ] Resolve mutations for :flutter_secure_storage:processReleaseJavaRes (Thread[Execution worker Thread 11,5,main]) started.
[        ] :flutter_secure_storage:processReleaseJavaRes (Thread[Execution worker Thread 11,5,main]) started.
[        ] > Task :flutter_secure_storage:processReleaseJavaRes NO-SOURCE
[        ] file or directory 'C:\Users\GHANEM\AppData\Local\Pub\Cache\hosted\pub.dev\flutter_secure_storage-9.2.4\android\src\main\resources', not found
[        ] file or directory 'C:\Users\GHANEM\AppData\Local\Pub\Cache\hosted\pub.dev\flutter_secure_storage-9.2.4\android\src\release\resources', not found
[        ] Skipping task ':flutter_secure_storage:processReleaseJavaRes' as it has no source files and no previous output files.
[        ] work action resolve out (project :flutter_secure_storage) (Thread[Execution worker Thread 11,5,main]) started.
[        ] Resolve mutations for :geolocator_android:processReleaseJavaRes (Thread[Execution worker Thread 11,5,main]) started.
[        ] :geolocator_android:processReleaseJavaRes (Thread[Execution worker Thread 11,5,main]) started.
[        ] > Task :geolocator_android:processReleaseJavaRes NO-SOURCE
[        ] file or directory 'C:\Users\GHANEM\AppData\Local\Pub\Cache\hosted\pub.dev\geolocator_android-5.0.2\android\src\main\resources', not found
[        ] file or directory 'C:\Users\GHANEM\AppData\Local\Pub\Cache\hosted\pub.dev\geolocator_android-5.0.2\android\src\release\resources', not found
[        ] Skipping task ':geolocator_android:processReleaseJavaRes' as it has no source files and no previous output files.
[        ] work action resolve out (project :geolocator_android) (Thread[Execution worker Thread 11,5,main]) started.
[        ] Resolve mutations for :image_picker_android:processReleaseJavaRes (Thread[Execution worker Thread 3,5,main]) started.
[        ] :image_picker_android:processReleaseJavaRes (Thread[Execution worker Thread 3,5,main]) started.
[        ] > Task :image_picker_android:processReleaseJavaRes NO-SOURCE
[        ] file or directory 'C:\Users\GHANEM\AppData\Local\Pub\Cache\hosted\pub.dev\image_picker_android-0.8.13+14\android\src\main\resources', not found
[        ] file or directory 'C:\Users\GHANEM\AppData\Local\Pub\Cache\hosted\pub.dev\image_picker_android-0.8.13+14\android\src\release\resources', not found
[        ] Skipping task ':image_picker_android:processReleaseJavaRes' as it has no source files and no previous output files.
[        ] work action resolve out (project :image_picker_android) (Thread[Execution worker Thread 3,5,main]) started.
[        ] Resolve mutations for :mobile_scanner:processReleaseJavaRes (Thread[Execution worker Thread 3,5,main]) started.
[        ] :mobile_scanner:processReleaseJavaRes (Thread[Execution worker Thread 10,5,main]) started.
[        ] > Task :mobile_scanner:processReleaseJavaRes UP-TO-DATE
[        ] file or directory 'C:\Users\GHANEM\AppData\Local\Pub\Cache\hosted\pub.dev\mobile_scanner-7.2.0\android\src\main\resources', not found
[        ] file or directory 'C:\Users\GHANEM\AppData\Local\Pub\Cache\hosted\pub.dev\mobile_scanner-7.2.0\android\src\release\resources', not found
[        ] file or directory 'C:\Users\GHANEM\AppData\Local\Pub\Cache\hosted\pub.dev\mobile_scanner-7.2.0\android\src\main\resources', not found
[        ] file or directory 'C:\Users\GHANEM\AppData\Local\Pub\Cache\hosted\pub.dev\mobile_scanner-7.2.0\android\src\release\resources', not found
[        ] Caching disabled for task ':mobile_scanner:processReleaseJavaRes' because:
[        ]   Build cache is disabled
[        ]   Caching has been disabled for the task
[        ] Skipping task ':mobile_scanner:processReleaseJavaRes' as it is up-to-date.
[        ] work action resolve out (project :mobile_scanner) (Thread[Execution worker Thread 10,5,main]) started.
[        ] Resolve mutations for :package_info_plus:processReleaseJavaRes (Thread[Execution worker Thread 10,5,main]) started.
[        ] :package_info_plus:processReleaseJavaRes (Thread[Execution worker Thread 10,5,main]) started.
[        ] > Task :package_info_plus:processReleaseJavaRes UP-TO-DATE
[        ] file or directory 'C:\Users\GHANEM\AppData\Local\Pub\Cache\hosted\pub.dev\package_info_plus-9.0.1\android\src\main\resources', not found
[        ] file or directory 'C:\Users\GHANEM\AppData\Local\Pub\Cache\hosted\pub.dev\package_info_plus-9.0.1\android\src\release\resources', not found
[        ] file or directory 'C:\Users\GHANEM\AppData\Local\Pub\Cache\hosted\pub.dev\package_info_plus-9.0.1\android\src\main\resources', not found
[        ] file or directory 'C:\Users\GHANEM\AppData\Local\Pub\Cache\hosted\pub.dev\package_info_plus-9.0.1\android\src\release\resources', not found
[        ] Caching disabled for task ':package_info_plus:processReleaseJavaRes' because:
[        ]   Build cache is disabled
[        ]   Caching has been disabled for the task
[        ] Skipping task ':package_info_plus:processReleaseJavaRes' as it is up-to-date.
[        ] work action resolve out (project :package_info_plus) (Thread[Execution worker Thread 10,5,main]) started.
[        ] Resolve mutations for :path_provider_android:processReleaseJavaRes (Thread[Execution worker Thread 10,5,main]) started.
[        ] :path_provider_android:processReleaseJavaRes (Thread[Execution worker Thread 10,5,main]) started.
[        ] > Task :path_provider_android:processReleaseJavaRes NO-SOURCE
[        ] file or directory 'C:\Users\GHANEM\AppData\Local\Pub\Cache\hosted\pub.dev\path_provider_android-2.2.22\android\src\main\resources', not found
[        ] file or directory 'C:\Users\GHANEM\AppData\Local\Pub\Cache\hosted\pub.dev\path_provider_android-2.2.22\android\src\release\resources', not found
[        ] Skipping task ':path_provider_android:processReleaseJavaRes' as it has no source files and no previous output files.
[        ] work action resolve out (project :path_provider_android) (Thread[Execution worker Thread 10,5,main]) started.
[        ] Resolve mutations for :shared_preferences_android:processReleaseJavaRes (Thread[Execution worker Thread 10,5,main]) started.
[        ] :shared_preferences_android:processReleaseJavaRes (Thread[Execution worker Thread 6,5,main]) started.
[        ] > Task :shared_preferences_android:processReleaseJavaRes UP-TO-DATE
[        ] file or directory 'C:\Users\GHANEM\AppData\Local\Pub\Cache\hosted\pub.dev\shared_preferences_android-2.4.23\android\src\main\resources', not found
[        ] file or directory 'C:\Users\GHANEM\AppData\Local\Pub\Cache\hosted\pub.dev\shared_preferences_android-2.4.23\android\src\release\resources', not found
[        ] file or directory 'C:\Users\GHANEM\AppData\Local\Pub\Cache\hosted\pub.dev\shared_preferences_android-2.4.23\android\src\main\resources', not found
[        ] file or directory 'C:\Users\GHANEM\AppData\Local\Pub\Cache\hosted\pub.dev\shared_preferences_android-2.4.23\android\src\release\resources', not found
[        ] Caching disabled for task ':shared_preferences_android:processReleaseJavaRes' because:
[        ]   Build cache is disabled
[        ]   Caching has been disabled for the task
[        ] Skipping task ':shared_preferences_android:processReleaseJavaRes' as it is up-to-date.
[        ] work action resolve out (project :shared_preferences_android) (Thread[Execution worker Thread 6,5,main]) started.
[        ] Resolve mutations for :sqflite_android:processReleaseJavaRes (Thread[Execution worker Thread 6,5,main]) started.
[        ] :sqflite_android:processReleaseJavaRes (Thread[Execution worker Thread 6,5,main]) started.
[        ] > Task :sqflite_android:processReleaseJavaRes NO-SOURCE
[        ] file or directory 'C:\Users\GHANEM\AppData\Local\Pub\Cache\hosted\pub.dev\sqflite_android-2.4.2+2\android\src\main\resources', not found
[        ] file or directory 'C:\Users\GHANEM\AppData\Local\Pub\Cache\hosted\pub.dev\sqflite_android-2.4.2+2\android\src\release\resources', not found
[        ] Skipping task ':sqflite_android:processReleaseJavaRes' as it has no source files and no previous output files.
[        ] work action resolve out (project :sqflite_android) (Thread[Execution worker Thread 6,5,main]) started.
[        ] Resolve mutations for :url_launcher_android:processReleaseJavaRes (Thread[Execution worker Thread 6,5,main]) started.
[        ] :url_launcher_android:processReleaseJavaRes (Thread[Execution worker Thread 6,5,main]) started.
[        ] > Task :url_launcher_android:processReleaseJavaRes NO-SOURCE
[        ] file or directory 'C:\Users\GHANEM\AppData\Local\Pub\Cache\hosted\pub.dev\url_launcher_android-6.3.29\android\src\main\resources', not found
[        ] file or directory 'C:\Users\GHANEM\AppData\Local\Pub\Cache\hosted\pub.dev\url_launcher_android-6.3.29\android\src\release\resources', not found
[        ] Skipping task ':url_launcher_android:processReleaseJavaRes' as it has no source files and no previous output files.
[        ] work action resolve out (project :url_launcher_android) (Thread[Execution worker Thread 6,5,main]) started.
[        ] Resolve mutations for :app:mergeReleaseJavaResource (Thread[Execution worker Thread 6,5,main]) started.
[        ] :app:mergeReleaseJavaResource (Thread[Execution worker Thread 6,5,main]) started.
[  +79 ms] > Task :app:mergeReleaseJavaResource UP-TO-DATE
[        ] Caching disabled for task ':app:mergeReleaseJavaResource' because:
[        ]   Build cache is disabled
[        ]   Caching has been disabled for the task
[        ] Skipping task ':app:mergeReleaseJavaResource' as it is up-to-date.
[        ] Resolve mutations for :app:mergeReleaseStartupProfile (Thread[Execution worker Thread 6,5,main]) started.
[        ] :app:mergeReleaseStartupProfile (Thread[Execution worker Thread 6,5,main]) started.
[        ] > Task :app:mergeReleaseStartupProfile UP-TO-DATE
[        ] Caching disabled for task ':app:mergeReleaseStartupProfile' because:
[        ]   Build cache is disabled
[        ]   Simple merging task
[        ] Skipping task ':app:mergeReleaseStartupProfile' as it is up-to-date.
[        ] Resolve mutations for :app:minifyReleaseWithR8 (Thread[Execution worker Thread 6,5,main]) started.
[        ] :app:minifyReleaseWithR8 (Thread[Execution worker Thread 6,5,main]) started.
[        ] > Task :app:minifyReleaseWithR8 UP-TO-DATE
[        ] Caching disabled for task ':app:minifyReleaseWithR8' because:
[        ]   Build cache is disabled
[        ] Skipping task ':app:minifyReleaseWithR8' as it is up-to-date.
[        ] Resolve mutations for :app:l8DexDesugarLibRelease (Thread[Execution worker Thread 6,5,main]) started.
[        ] :app:l8DexDesugarLibRelease (Thread[Execution worker Thread 6,5,main]) started.
[        ] > Task :app:l8DexDesugarLibRelease UP-TO-DATE
[        ] Caching disabled for task ':app:l8DexDesugarLibRelease' because:
[        ]   Build cache is disabled
[        ] Skipping task ':app:l8DexDesugarLibRelease' as it is up-to-date.
[        ] Resolve mutations for :app:configureCMakeRelease[arm64-v8a] (Thread[Execution worker Thread 6,5,main]) started.
[        ] :app:configureCMakeRelease[arm64-v8a] (Thread[Execution worker Thread 10,5,main]) started.
[        ] > Task :app:configureCMakeRelease[arm64-v8a]
[        ] Caching disabled for task ':app:configureCMakeRelease[arm64-v8a]' because:
[        ]   Build cache is disabled
[        ]   Caching has been disabled for the task
[        ] Task ':app:configureCMakeRelease[arm64-v8a]' is not up-to-date because:
[        ]   Task.upToDateWhen is false.
[        ] C/C++: C:\flutter\packages\flutter_tools\gradle\src\main\scripts\CMakeLists.txt release|arm64-v8a : Start JSON generation. Platform version: 24 min SDK version: arm64-v8a
[        ] C/C++: C:\flutter\packages\flutter_tools\gradle\src\main\scripts\CMakeLists.txt release|arm64-v8a : JSON 'C:\Users\GHANEM\Desktop\project_flutter\football\build\.cxx\release\5d1a213a\arm64-v8a\android_gradle_build.json' was up-to-date
[        ] C/C++: C:\flutter\packages\flutter_tools\gradle\src\main\scripts\CMakeLists.txt release|arm64-v8a : JSON generation completed without problems
[        ] C/C++: C:\flutter\packages\flutter_tools\gradle\src\main\scripts\CMakeLists.txt release|arm64-v8a : Writing build model to C:\Users\GHANEM\Desktop\project_flutter\football\build\app\intermediates\cxx\release\5d1a213a\logs\arm64-v8a\build_model.json
[        ] Resolve mutations for :app:buildCMakeRelease[arm64-v8a] (Thread[Execution worker Thread 10,5,main]) started.
[        ] :app:buildCMakeRelease[arm64-v8a] (Thread[Execution worker Thread 3,5,main]) started.
[        ] > Task :app:buildCMakeRelease[arm64-v8a]
[        ] Caching disabled for task ':app:buildCMakeRelease[arm64-v8a]' because:
[        ]   Build cache is disabled
[        ]   Caching has been disabled for the task
[        ] Task ':app:buildCMakeRelease[arm64-v8a]' is not up-to-date because:
[        ]   Task.upToDateWhen is false.
[        ] C/C++: starting build
[        ] C/C++: reading expected JSONs
[        ] C/C++: done reading expected JSONs
[        ] C/C++: executing build commands for targets that produce .so files or executables
[        ] C/C++: evaluate miniconfig
[        ] C/C++: no libraries
[        ] Resolve mutations for :app:configureCMakeRelease[armeabi-v7a] (Thread[Execution worker Thread 3,5,main]) started.
[        ] :app:configureCMakeRelease[armeabi-v7a] (Thread[Execution worker Thread 3,5,main]) started.
[        ] > Task :app:configureCMakeRelease[armeabi-v7a]
[        ] Caching disabled for task ':app:configureCMakeRelease[armeabi-v7a]' because:
[        ]   Build cache is disabled
[        ]   Caching has been disabled for the task
[        ] Task ':app:configureCMakeRelease[armeabi-v7a]' is not up-to-date because:
[        ]   Task.upToDateWhen is false.
[        ] C/C++: C:\flutter\packages\flutter_tools\gradle\src\main\scripts\CMakeLists.txt release|armeabi-v7a : Start JSON generation. Platform version: 24 min SDK version: armeabi-v7a
[        ] C/C++: C:\flutter\packages\flutter_tools\gradle\src\main\scripts\CMakeLists.txt release|armeabi-v7a : JSON 'C:\Users\GHANEM\Desktop\project_flutter\football\build\.cxx\release\5d1a213a\armeabi-v7a\android_gradle_build.json' was up-to-date
[        ] C/C++: C:\flutter\packages\flutter_tools\gradle\src\main\scripts\CMakeLists.txt release|armeabi-v7a : JSON generation completed without problems
[        ] C/C++: C:\flutter\packages\flutter_tools\gradle\src\main\scripts\CMakeLists.txt release|armeabi-v7a : Writing build model to C:\Users\GHANEM\Desktop\project_flutter\football\build\app\intermediates\cxx\release\5d1a213a\logs\armeabi-v7a\build_model.json
[        ] Resolve mutations for :app:buildCMakeRelease[armeabi-v7a] (Thread[Execution worker Thread 3,5,main]) started.
[  +92 ms] :app:buildCMakeRelease[armeabi-v7a] (Thread[Execution worker Thread 9,5,main]) started.
[        ] > Task :app:buildCMakeRelease[armeabi-v7a]
[        ] Caching disabled for task ':app:buildCMakeRelease[armeabi-v7a]' because:
[        ]   Build cache is disabled
[        ]   Caching has been disabled for the task
[        ] Task ':app:buildCMakeRelease[armeabi-v7a]' is not up-to-date because:
[        ]   Task.upToDateWhen is false.
[        ] C/C++: starting build
[        ] C/C++: reading expected JSONs
[        ] C/C++: done reading expected JSONs
[        ] C/C++: executing build commands for targets that produce .so files or executables
[        ] C/C++: evaluate miniconfig
[        ] C/C++: no libraries
[        ] Resolve mutations for :app:configureCMakeRelease[x86_64] (Thread[Execution worker Thread 3,5,main]) started.
[        ] :app:configureCMakeRelease[x86_64] (Thread[Execution worker Thread 3,5,main]) started.
[        ] > Task :app:configureCMakeRelease[x86_64]
[        ] Caching disabled for task ':app:configureCMakeRelease[x86_64]' because:
[        ]   Build cache is disabled
[        ]   Caching has been disabled for the task
[        ] Task ':app:configureCMakeRelease[x86_64]' is not up-to-date because:
[        ]   Task.upToDateWhen is false.
[        ] C/C++: C:\flutter\packages\flutter_tools\gradle\src\main\scripts\CMakeLists.txt release|x86_64 : Start JSON generation. Platform version: 24 min SDK version: x86_64
[        ] C/C++: C:\flutter\packages\flutter_tools\gradle\src\main\scripts\CMakeLists.txt release|x86_64 : JSON 'C:\Users\GHANEM\Desktop\project_flutter\football\build\.cxx\release\5d1a213a\x86_64\android_gradle_build.json' was up-to-date
[        ] C/C++: C:\flutter\packages\flutter_tools\gradle\src\main\scripts\CMakeLists.txt release|x86_64 : JSON generation completed without problems
[        ] C/C++: C:\flutter\packages\flutter_tools\gradle\src\main\scripts\CMakeLists.txt release|x86_64 : Writing build model to C:\Users\GHANEM\Desktop\project_flutter\football\build\app\intermediates\cxx\release\5d1a213a\logs\x86_64\build_model.json
[        ] Resolve mutations for :app:buildCMakeRelease[x86_64] (Thread[Execution worker Thread 3,5,main]) started.
[        ] :app:buildCMakeRelease[x86_64] (Thread[Execution worker Thread 3,5,main]) started.
[        ] > Task :app:buildCMakeRelease[x86_64]
[        ] Caching disabled for task ':app:buildCMakeRelease[x86_64]' because:
[        ]   Build cache is disabled
[        ]   Caching has been disabled for the task
[        ] Task ':app:buildCMakeRelease[x86_64]' is not up-to-date because:
[        ]   Task.upToDateWhen is false.
[        ] C/C++: starting build
[        ] C/C++: reading expected JSONs
[        ] C/C++: done reading expected JSONs
[        ] C/C++: executing build commands for targets that produce .so files or executables
[        ] C/C++: evaluate miniconfig
[        ] C/C++: no libraries
[        ] Resolve mutations for :app:mergeReleaseJniLibFolders (Thread[Execution worker Thread 3,5,main]) started.
[        ] :app:mergeReleaseJniLibFolders (Thread[Execution worker Thread 3,5,main]) started.
[        ] > Task :app:mergeReleaseJniLibFolders UP-TO-DATE
[        ] Caching disabled for task ':app:mergeReleaseJniLibFolders' because:
[        ]   Build cache is disabled
[        ]   Simple merging task
[        ] Skipping task ':app:mergeReleaseJniLibFolders' as it is up-to-date.
[        ] Resolve mutations for :file_picker:mergeReleaseJniLibFolders (Thread[Execution worker Thread 3,5,main]) started.
[        ] :file_picker:mergeReleaseJniLibFolders (Thread[Execution worker Thread 3,5,main]) started.
[        ] > Task :file_picker:mergeReleaseJniLibFolders UP-TO-DATE
[        ] Caching disabled for task ':file_picker:mergeReleaseJniLibFolders' because:
[        ]   Build cache is disabled
[        ]   Simple merging task
[        ] Skipping task ':file_picker:mergeReleaseJniLibFolders' as it is up-to-date.
[        ] Resolve mutations for :file_picker:mergeReleaseNativeLibs (Thread[Execution worker Thread 3,5,main]) started.
[        ] :file_picker:mergeReleaseNativeLibs (Thread[Execution worker Thread 3,5,main]) started.
[        ] > Task :file_picker:mergeReleaseNativeLibs NO-SOURCE
[        ] Skipping task ':file_picker:mergeReleaseNativeLibs' as it has no source files and no previous output files.
[        ] Resolve mutations for :file_picker:copyReleaseJniLibsProjectOnly (Thread[Execution worker Thread 3,5,main]) started.
[        ] :file_picker:copyReleaseJniLibsProjectOnly (Thread[Execution worker Thread 9,5,main]) started.
[        ] > Task :file_picker:copyReleaseJniLibsProjectOnly UP-TO-DATE
[        ] Caching disabled for task ':file_picker:copyReleaseJniLibsProjectOnly' because:
[        ]   Build cache is disabled
[        ]   Caching has been disabled for the task
[        ] Skipping task ':file_picker:copyReleaseJniLibsProjectOnly' as it is up-to-date.
[        ] work action resolve jni (project :file_picker) (Thread[Execution worker Thread 9,5,main]) started.
[        ] Resolve mutations for :flutter_local_notifications:mergeReleaseJniLibFolders (Thread[Execution worker Thread 11,5,main]) started.
[        ] :flutter_local_notifications:mergeReleaseJniLibFolders (Thread[Execution worker Thread 11,5,main]) started.
[        ] > Task :flutter_local_notifications:mergeReleaseJniLibFolders UP-TO-DATE
[        ] Caching disabled for task ':flutter_local_notifications:mergeReleaseJniLibFolders' because:
[        ]   Build cache is disabled
[        ]   Simple merging task
[        ] Skipping task ':flutter_local_notifications:mergeReleaseJniLibFolders' as it is up-to-date.
[        ] Resolve mutations for :flutter_local_notifications:mergeReleaseNativeLibs (Thread[Execution worker Thread 11,5,main]) started.
[        ] :flutter_local_notifications:mergeReleaseNativeLibs (Thread[Execution worker Thread 7,5,main]) started.
[        ] > Task :flutter_local_notifications:mergeReleaseNativeLibs NO-SOURCE
[        ] Skipping task ':flutter_local_notifications:mergeReleaseNativeLibs' as it has no source files and no previous output files.
[        ] Resolve mutations for :flutter_local_notifications:copyReleaseJniLibsProjectOnly (Thread[Execution worker Thread 7,5,main]) started.
[        ] :flutter_local_notifications:copyReleaseJniLibsProjectOnly (Thread[Execution worker Thread 7,5,main]) started.
[        ] > Task :flutter_local_notifications:copyReleaseJniLibsProjectOnly UP-TO-DATE
[        ] Caching disabled for task ':flutter_local_notifications:copyReleaseJniLibsProjectOnly' because:
[        ]   Build cache is disabled
[        ]   Caching has been disabled for the task
[        ] Skipping task ':flutter_local_notifications:copyReleaseJniLibsProjectOnly' as it is up-to-date.
[        ] work action resolve jni (project :flutter_local_notifications) (Thread[Execution worker Thread 7,5,main]) started.
[        ] Resolve mutations for :flutter_plugin_android_lifecycle:mergeReleaseJniLibFolders (Thread[Execution worker Thread 7,5,main]) started.
[        ] :flutter_plugin_android_lifecycle:mergeReleaseJniLibFolders (Thread[Execution worker Thread 7,5,main]) started.
[        ] > Task :flutter_plugin_android_lifecycle:mergeReleaseJniLibFolders UP-TO-DATE
[        ] Caching disabled for task ':flutter_plugin_android_lifecycle:mergeReleaseJniLibFolders' because:
[        ]   Build cache is disabled
[        ]   Simple merging task
[        ] Skipping task ':flutter_plugin_android_lifecycle:mergeReleaseJniLibFolders' as it is up-to-date.
[        ] Resolve mutations for :flutter_plugin_android_lifecycle:mergeReleaseNativeLibs (Thread[Execution worker Thread 7,5,main]) started.
[        ] :flutter_plugin_android_lifecycle:mergeReleaseNativeLibs (Thread[Execution worker Thread 9,5,main]) started.
[        ] > Task :flutter_plugin_android_lifecycle:mergeReleaseNativeLibs NO-SOURCE
[        ] Skipping task ':flutter_plugin_android_lifecycle:mergeReleaseNativeLibs' as it has no source files and no previous output files.
[        ] Resolve mutations for :flutter_plugin_android_lifecycle:copyReleaseJniLibsProjectOnly (Thread[Execution worker Thread 9,5,main]) started.
[        ] :flutter_plugin_android_lifecycle:copyReleaseJniLibsProjectOnly (Thread[Execution worker Thread 9,5,main]) started.
[        ] > Task :flutter_plugin_android_lifecycle:copyReleaseJniLibsProjectOnly UP-TO-DATE
[        ] Caching disabled for task ':flutter_plugin_android_lifecycle:copyReleaseJniLibsProjectOnly' because:
[        ]   Build cache is disabled
[        ]   Caching has been disabled for the task
[        ] Skipping task ':flutter_plugin_android_lifecycle:copyReleaseJniLibsProjectOnly' as it is up-to-date.
[        ] work action resolve jni (project :flutter_plugin_android_lifecycle) (Thread[Execution worker Thread 9,5,main]) started.
[        ] Resolve mutations for :flutter_secure_storage:mergeReleaseJniLibFolders (Thread[Execution worker Thread 9,5,main]) started.
[        ] :flutter_secure_storage:mergeReleaseJniLibFolders (Thread[Execution worker Thread 9,5,main]) started.
[        ] > Task :flutter_secure_storage:mergeReleaseJniLibFolders UP-TO-DATE
[        ] Caching disabled for task ':flutter_secure_storage:mergeReleaseJniLibFolders' because:
[        ]   Build cache is disabled
[        ]   Simple merging task
[        ] Skipping task ':flutter_secure_storage:mergeReleaseJniLibFolders' as it is up-to-date.
[        ] Resolve mutations for :flutter_secure_storage:mergeReleaseNativeLibs (Thread[Execution worker Thread 9,5,main]) started.
[        ] :flutter_secure_storage:mergeReleaseNativeLibs (Thread[Execution worker Thread 9,5,main]) started.
[        ] > Task :flutter_secure_storage:mergeReleaseNativeLibs NO-SOURCE
[        ] Skipping task ':flutter_secure_storage:mergeReleaseNativeLibs' as it has no source files and no previous output files.
[        ] Resolve mutations for :flutter_secure_storage:copyReleaseJniLibsProjectOnly (Thread[Execution worker Thread 9,5,main]) started.
[        ] :flutter_secure_storage:copyReleaseJniLibsProjectOnly (Thread[Execution worker Thread 9,5,main]) started.
[        ] > Task :flutter_secure_storage:copyReleaseJniLibsProjectOnly UP-TO-DATE
[        ] Caching disabled for task ':flutter_secure_storage:copyReleaseJniLibsProjectOnly' because:
[        ]   Build cache is disabled
[        ]   Caching has been disabled for the task
[        ] Skipping task ':flutter_secure_storage:copyReleaseJniLibsProjectOnly' as it is up-to-date.
[        ] work action resolve jni (project :flutter_secure_storage) (Thread[Execution worker Thread 9,5,main]) started.
[        ] Resolve mutations for :geolocator_android:mergeReleaseJniLibFolders (Thread[Execution worker Thread 7,5,main]) started.
[        ] :geolocator_android:mergeReleaseJniLibFolders (Thread[Execution worker Thread 7,5,main]) started.
[        ] > Task :geolocator_android:mergeReleaseJniLibFolders UP-TO-DATE
[        ] Caching disabled for task ':geolocator_android:mergeReleaseJniLibFolders' because:
[        ]   Build cache is disabled
[        ]   Simple merging task
[        ] Skipping task ':geolocator_android:mergeReleaseJniLibFolders' as it is up-to-date.
[        ] Resolve mutations for :geolocator_android:mergeReleaseNativeLibs (Thread[Execution worker Thread 7,5,main]) started.
[        ] :geolocator_android:mergeReleaseNativeLibs (Thread[Execution worker Thread 7,5,main]) started.
[        ] > Task :geolocator_android:mergeReleaseNativeLibs NO-SOURCE
[        ] Skipping task ':geolocator_android:mergeReleaseNativeLibs' as it has no source files and no previous output files.
[        ] Resolve mutations for :geolocator_android:copyReleaseJniLibsProjectOnly (Thread[Execution worker Thread 7,5,main]) started.
[        ] :geolocator_android:copyReleaseJniLibsProjectOnly (Thread[Execution worker Thread 3,5,main]) started.
[        ] > Task :geolocator_android:copyReleaseJniLibsProjectOnly UP-TO-DATE
[        ] Caching disabled for task ':geolocator_android:copyReleaseJniLibsProjectOnly' because:
[        ]   Build cache is disabled
[        ]   Caching has been disabled for the task
[        ] Skipping task ':geolocator_android:copyReleaseJniLibsProjectOnly' as it is up-to-date.
[        ] work action resolve jni (project :geolocator_android) (Thread[Execution worker Thread 7,5,main]) started.
[        ] Resolve mutations for :image_picker_android:mergeReleaseJniLibFolders (Thread[Execution worker Thread 7,5,main]) started.
[        ] :image_picker_android:mergeReleaseJniLibFolders (Thread[Execution worker Thread 7,5,main]) started.
[        ] > Task :image_picker_android:mergeReleaseJniLibFolders UP-TO-DATE
[        ] Caching disabled for task ':image_picker_android:mergeReleaseJniLibFolders' because:
[        ]   Build cache is disabled
[        ]   Simple merging task
[        ] Skipping task ':image_picker_android:mergeReleaseJniLibFolders' as it is up-to-date.
[        ] Resolve mutations for :image_picker_android:mergeReleaseNativeLibs (Thread[Execution worker Thread 7,5,main]) started.
[        ] :image_picker_android:mergeReleaseNativeLibs (Thread[Execution worker Thread 7,5,main]) started.
[        ] > Task :image_picker_android:mergeReleaseNativeLibs NO-SOURCE
[        ] Skipping task ':image_picker_android:mergeReleaseNativeLibs' as it has no source files and no previous output files.
[        ] Resolve mutations for :image_picker_android:copyReleaseJniLibsProjectOnly (Thread[Execution worker Thread 7,5,main]) started.
[        ] :image_picker_android:copyReleaseJniLibsProjectOnly (Thread[Execution worker Thread 7,5,main]) started.
[        ] > Task :image_picker_android:copyReleaseJniLibsProjectOnly UP-TO-DATE
[        ] Caching disabled for task ':image_picker_android:copyReleaseJniLibsProjectOnly' because:
[        ]   Build cache is disabled
[        ]   Caching has been disabled for the task
[        ] Skipping task ':image_picker_android:copyReleaseJniLibsProjectOnly' as it is up-to-date.
[        ] work action resolve jni (project :image_picker_android) (Thread[Execution worker Thread 7,5,main]) started.
[        ] Resolve mutations for :mobile_scanner:mergeReleaseJniLibFolders (Thread[Execution worker Thread 7,5,main]) started.
[        ] :mobile_scanner:mergeReleaseJniLibFolders (Thread[Execution worker Thread 7,5,main]) started.
[        ] > Task :mobile_scanner:mergeReleaseJniLibFolders UP-TO-DATE
[        ] Caching disabled for task ':mobile_scanner:mergeReleaseJniLibFolders' because:
[        ]   Build cache is disabled
[        ]   Simple merging task
[        ] Skipping task ':mobile_scanner:mergeReleaseJniLibFolders' as it is up-to-date.
[        ] Resolve mutations for :mobile_scanner:mergeReleaseNativeLibs (Thread[Execution worker Thread 7,5,main]) started.
[        ] :mobile_scanner:mergeReleaseNativeLibs (Thread[Execution worker Thread 7,5,main]) started.
[        ] > Task :mobile_scanner:mergeReleaseNativeLibs NO-SOURCE
[        ] Skipping task ':mobile_scanner:mergeReleaseNativeLibs' as it has no source files and no previous output files.
[        ] Resolve mutations for :mobile_scanner:copyReleaseJniLibsProjectOnly (Thread[Execution worker Thread 7,5,main]) started.
[        ] :mobile_scanner:copyReleaseJniLibsProjectOnly (Thread[Execution worker Thread 10,5,main]) started.
[        ] > Task :mobile_scanner:copyReleaseJniLibsProjectOnly UP-TO-DATE
[        ] Caching disabled for task ':mobile_scanner:copyReleaseJniLibsProjectOnly' because:
[        ]   Build cache is disabled
[        ]   Caching has been disabled for the task
[        ] Skipping task ':mobile_scanner:copyReleaseJniLibsProjectOnly' as it is up-to-date.
[        ] work action resolve jni (project :mobile_scanner) (Thread[Execution worker Thread 10,5,main]) started.
[        ] Resolve mutations for :package_info_plus:mergeReleaseJniLibFolders (Thread[Execution worker Thread 10,5,main]) started.
[        ] :package_info_plus:mergeReleaseJniLibFolders (Thread[Execution worker Thread 8,5,main]) started.
[        ] > Task :package_info_plus:mergeReleaseJniLibFolders UP-TO-DATE
[        ] Caching disabled for task ':package_info_plus:mergeReleaseJniLibFolders' because:
[        ]   Build cache is disabled
[        ]   Simple merging task
[        ] Skipping task ':package_info_plus:mergeReleaseJniLibFolders' as it is up-to-date.
[        ] Resolve mutations for :package_info_plus:mergeReleaseNativeLibs (Thread[Execution worker Thread 8,5,main]) started.
[        ] :package_info_plus:mergeReleaseNativeLibs (Thread[Execution worker Thread 8,5,main]) started.
[        ] > Task :package_info_plus:mergeReleaseNativeLibs NO-SOURCE
[        ] Skipping task ':package_info_plus:mergeReleaseNativeLibs' as it has no source files and no previous output files.
[        ] Resolve mutations for :package_info_plus:copyReleaseJniLibsProjectOnly (Thread[Execution worker Thread 8,5,main]) started.
[        ] :package_info_plus:copyReleaseJniLibsProjectOnly (Thread[Execution worker Thread 8,5,main]) started.
[        ] > Task :package_info_plus:copyReleaseJniLibsProjectOnly UP-TO-DATE
[        ] Caching disabled for task ':package_info_plus:copyReleaseJniLibsProjectOnly' because:
[        ]   Build cache is disabled
[        ]   Caching has been disabled for the task
[        ] Skipping task ':package_info_plus:copyReleaseJniLibsProjectOnly' as it is up-to-date.
[        ] work action resolve jni (project :package_info_plus) (Thread[Execution worker Thread 8,5,main]) started.
[        ] Resolve mutations for :path_provider_android:mergeReleaseJniLibFolders (Thread[Execution worker Thread 6,5,main]) started.
[        ] :path_provider_android:mergeReleaseJniLibFolders (Thread[Execution worker,5,main]) started.
[  +82 ms] > Task :path_provider_android:mergeReleaseJniLibFolders UP-TO-DATE
[        ] Caching disabled for task ':path_provider_android:mergeReleaseJniLibFolders' because:
[        ]   Build cache is disabled
[        ]   Simple merging task
[        ] Skipping task ':path_provider_android:mergeReleaseJniLibFolders' as it is up-to-date.
[        ] Resolve mutations for :path_provider_android:mergeReleaseNativeLibs (Thread[Execution worker,5,main]) started.
[        ] :path_provider_android:mergeReleaseNativeLibs (Thread[Execution worker Thread 9,5,main]) started.
[        ] > Task :path_provider_android:mergeReleaseNativeLibs NO-SOURCE
[        ] Skipping task ':path_provider_android:mergeReleaseNativeLibs' as it has no source files and no previous output files.
[        ] Resolve mutations for :path_provider_android:copyReleaseJniLibsProjectOnly (Thread[Execution worker Thread 9,5,main]) started.
[        ] :path_provider_android:copyReleaseJniLibsProjectOnly (Thread[Execution worker Thread 9,5,main]) started.
[        ] > Task :path_provider_android:copyReleaseJniLibsProjectOnly UP-TO-DATE
[        ] Caching disabled for task ':path_provider_android:copyReleaseJniLibsProjectOnly' because:
[        ]   Build cache is disabled
[        ]   Caching has been disabled for the task
[        ] Skipping task ':path_provider_android:copyReleaseJniLibsProjectOnly' as it is up-to-date.
[        ] work action resolve jni (project :path_provider_android) (Thread[Execution worker Thread 9,5,main]) started.
[        ] Resolve mutations for :shared_preferences_android:mergeReleaseJniLibFolders (Thread[Execution worker Thread 9,5,main]) started.
[        ] :shared_preferences_android:mergeReleaseJniLibFolders (Thread[Execution worker Thread 9,5,main]) started.
[        ] > Task :shared_preferences_android:mergeReleaseJniLibFolders UP-TO-DATE
[        ] Caching disabled for task ':shared_preferences_android:mergeReleaseJniLibFolders' because:
[        ]   Build cache is disabled
[        ]   Simple merging task
[        ] Skipping task ':shared_preferences_android:mergeReleaseJniLibFolders' as it is up-to-date.
[        ] Resolve mutations for :shared_preferences_android:mergeReleaseNativeLibs (Thread[Execution worker Thread 9,5,main]) started.
[        ] :shared_preferences_android:mergeReleaseNativeLibs (Thread[Execution worker Thread 9,5,main]) started.
[        ] > Task :shared_preferences_android:mergeReleaseNativeLibs NO-SOURCE
[        ] Skipping task ':shared_preferences_android:mergeReleaseNativeLibs' as it has no source files and no previous output files.
[        ] Resolve mutations for :shared_preferences_android:copyReleaseJniLibsProjectOnly (Thread[Execution worker Thread 9,5,main]) started.
[        ] :shared_preferences_android:copyReleaseJniLibsProjectOnly (Thread[Execution worker Thread 9,5,main]) started.
[        ] > Task :shared_preferences_android:copyReleaseJniLibsProjectOnly UP-TO-DATE
[        ] Caching disabled for task ':shared_preferences_android:copyReleaseJniLibsProjectOnly' because:
[        ]   Build cache is disabled
[        ]   Caching has been disabled for the task
[        ] Skipping task ':shared_preferences_android:copyReleaseJniLibsProjectOnly' as it is up-to-date.
[        ] work action resolve jni (project :shared_preferences_android) (Thread[Execution worker Thread 9,5,main]) started.
[        ] Resolve mutations for :sqflite_android:mergeReleaseJniLibFolders (Thread[Execution worker Thread 10,5,main]) started.
[        ] :sqflite_android:mergeReleaseJniLibFolders (Thread[Execution worker Thread 10,5,main]) started.
[        ] > Task :sqflite_android:mergeReleaseJniLibFolders UP-TO-DATE
[        ] Caching disabled for task ':sqflite_android:mergeReleaseJniLibFolders' because:
[        ]   Build cache is disabled
[        ]   Simple merging task
[        ] Skipping task ':sqflite_android:mergeReleaseJniLibFolders' as it is up-to-date.
[        ] Resolve mutations for :sqflite_android:mergeReleaseNativeLibs (Thread[Execution worker Thread 10,5,main]) started.
[        ] :sqflite_android:mergeReleaseNativeLibs (Thread[Execution worker Thread 10,5,main]) started.
[        ] > Task :sqflite_android:mergeReleaseNativeLibs NO-SOURCE
[        ] Skipping task ':sqflite_android:mergeReleaseNativeLibs' as it has no source files and no previous output files.
[        ] Resolve mutations for :sqflite_android:copyReleaseJniLibsProjectOnly (Thread[Execution worker Thread 10,5,main]) started.
[        ] :sqflite_android:copyReleaseJniLibsProjectOnly (Thread[Execution worker Thread 2,5,main]) started.
[        ] > Task :sqflite_android:copyReleaseJniLibsProjectOnly UP-TO-DATE
[        ] Caching disabled for task ':sqflite_android:copyReleaseJniLibsProjectOnly' because:
[        ]   Build cache is disabled
[        ]   Caching has been disabled for the task
[        ] Skipping task ':sqflite_android:copyReleaseJniLibsProjectOnly' as it is up-to-date.
[        ] work action resolve jni (project :sqflite_android) (Thread[Execution worker Thread 10,5,main]) started.
[        ] Resolve mutations for :url_launcher_android:mergeReleaseJniLibFolders (Thread[Execution worker Thread 10,5,main]) started.
[        ] :url_launcher_android:mergeReleaseJniLibFolders (Thread[Execution worker Thread 10,5,main]) started.
[        ] > Task :url_launcher_android:mergeReleaseJniLibFolders UP-TO-DATE
[        ] Caching disabled for task ':url_launcher_android:mergeReleaseJniLibFolders' because:
[        ]   Build cache is disabled
[        ]   Simple merging task
[        ] Skipping task ':url_launcher_android:mergeReleaseJniLibFolders' as it is up-to-date.
[        ] Resolve mutations for :url_launcher_android:mergeReleaseNativeLibs (Thread[Execution worker Thread 10,5,main]) started.
[        ] :url_launcher_android:mergeReleaseNativeLibs (Thread[Execution worker Thread 11,5,main]) started.
[        ] > Task :url_launcher_android:mergeReleaseNativeLibs NO-SOURCE
[        ] Skipping task ':url_launcher_android:mergeReleaseNativeLibs' as it has no source files and no previous output files.
[        ] Resolve mutations for :url_launcher_android:copyReleaseJniLibsProjectOnly (Thread[Execution worker Thread 11,5,main]) started.
[        ] :url_launcher_android:copyReleaseJniLibsProjectOnly (Thread[Execution worker Thread 11,5,main]) started.
[        ] > Task :url_launcher_android:copyReleaseJniLibsProjectOnly UP-TO-DATE
[        ] Caching disabled for task ':url_launcher_android:copyReleaseJniLibsProjectOnly' because:
[        ]   Build cache is disabled
[        ]   Caching has been disabled for the task
[        ] Skipping task ':url_launcher_android:copyReleaseJniLibsProjectOnly' as it is up-to-date.
[        ] work action resolve jni (project :url_launcher_android) (Thread[Execution worker Thread 11,5,main]) started.
[        ] Resolve mutations for :app:mergeReleaseNativeLibs (Thread[Execution worker Thread 11,5,main]) started.
[        ] :app:mergeReleaseNativeLibs (Thread[Execution worker Thread 10,5,main]) started.
[        ] > Task :app:mergeReleaseNativeLibs UP-TO-DATE
[        ] Caching disabled for task ':app:mergeReleaseNativeLibs' because:
[        ]   Build cache is disabled
[        ]   Caching has been disabled for the task
[        ] Skipping task ':app:mergeReleaseNativeLibs' as it is up-to-date.
[        ] Resolve mutations for :app:stripReleaseDebugSymbols (Thread[Execution worker Thread 10,5,main]) started.
[        ] :app:stripReleaseDebugSymbols (Thread[Execution worker Thread 6,5,main]) started.
[        ] > Task :app:stripReleaseDebugSymbols UP-TO-DATE
[        ] Caching disabled for task ':app:stripReleaseDebugSymbols' because:
[        ]   Build cache is disabled
[        ]   Caching has been disabled for the task
[        ] Skipping task ':app:stripReleaseDebugSymbols' as it is up-to-date.
[        ] Resolve mutations for :app:writeReleaseAppMetadata (Thread[Execution worker Thread 6,5,main]) started.
[        ] :app:writeReleaseAppMetadata (Thread[Execution worker Thread 6,5,main]) started.
[        ] > Task :app:writeReleaseAppMetadata UP-TO-DATE
[        ] Caching disabled for task ':app:writeReleaseAppMetadata' because:
[        ]   Build cache is disabled
[        ]   Caching has been disabled for the task
[        ] Skipping task ':app:writeReleaseAppMetadata' as it is up-to-date.
[        ] Resolve mutations for :app:buildReleasePreBundle (Thread[Execution worker Thread 6,5,main]) started.
[        ] :app:buildReleasePreBundle (Thread[Execution worker Thread 6,5,main]) started.
[        ] > Task :app:buildReleasePreBundle UP-TO-DATE
[        ] Caching disabled for task ':app:buildReleasePreBundle' because:
[        ]   Build cache is disabled
[        ]   Caching has been disabled for the task
[        ] Skipping task ':app:buildReleasePreBundle' as it is up-to-date.
[        ] Resolve mutations for :app:compileReleaseArtProfile (Thread[Execution worker Thread 6,5,main]) started.
[        ] :app:compileReleaseArtProfile (Thread[Execution worker Thread 6,5,main]) started.
[        ] > Task :app:compileReleaseArtProfile UP-TO-DATE
[        ] Caching disabled for task ':app:compileReleaseArtProfile' because:
[        ]   Build cache is disabled
[        ] Skipping task ':app:compileReleaseArtProfile' as it is up-to-date.
[        ] Resolve mutations for :app:collectReleaseDependencies (Thread[Execution worker Thread 6,5,main]) started.
[        ] :app:collectReleaseDependencies (Thread[Execution worker Thread 6,5,main]) started.
[        ] > Task :app:collectReleaseDependencies UP-TO-DATE
[        ] Caching disabled for task ':app:collectReleaseDependencies' because:
[        ]   Build cache is disabled
[        ]   Caching has been disabled for the task
[        ] Skipping task ':app:collectReleaseDependencies' as it is up-to-date.
[        ] Resolve mutations for :app:configureReleaseDependencies (Thread[Execution worker Thread 6,5,main]) started.
[        ] :app:configureReleaseDependencies (Thread[Execution worker Thread 6,5,main]) started.
[        ] > Task :app:configureReleaseDependencies UP-TO-DATE
[        ] Caching disabled for task ':app:configureReleaseDependencies' because:
[        ]   Build cache is disabled
[        ]   Caching has been disabled for the task
[        ] Skipping task ':app:configureReleaseDependencies' as it is up-to-date.
[        ] Resolve mutations for :app:extractReleaseNativeSymbolTables (Thread[Execution worker Thread 10,5,main]) started.
[        ] :app:extractReleaseNativeSymbolTables (Thread[included builds,5,main]) started.
[        ] > Task :app:extractReleaseNativeSymbolTables UP-TO-DATE
[        ] Caching disabled for task ':app:extractReleaseNativeSymbolTables' because:
[        ]   Build cache is disabled
[        ] Skipping task ':app:extractReleaseNativeSymbolTables' as it is up-to-date.
[        ] Resolve mutations for :file_picker:createFullJarRelease (Thread[included builds,5,main]) started.
[        ] :file_picker:createFullJarRelease (Thread[included builds,5,main]) started.
[        ] > Task :file_picker:createFullJarRelease UP-TO-DATE
[        ] Caching disabled for task ':file_picker:createFullJarRelease' because:
[        ]   Build cache is disabled
[        ]   Simple merging task
[        ] Skipping task ':file_picker:createFullJarRelease' as it is up-to-date.
[        ] work action resolve full.jar (project :file_picker) (Thread[included builds,5,main]) started.
[        ] work action resolve full.jar (project :file_picker) (Thread[Execution worker Thread 10,5,main]) started.
[        ] Resolve mutations for :file_picker:extractProguardFiles (Thread[Execution worker Thread 10,5,main]) started.
[        ] :file_picker:extractProguardFiles (Thread[Execution worker Thread 10,5,main]) started.
[        ] > Task :file_picker:extractProguardFiles UP-TO-DATE
[        ] Caching disabled for task ':file_picker:extractProguardFiles' because:
[        ]   Build cache is disabled
[        ]   Fast task
[        ] Skipping task ':file_picker:extractProguardFiles' as it is up-to-date.
[        ] Resolve mutations for :flutter_plugin_android_lifecycle:createFullJarRelease (Thread[Execution worker Thread 10,5,main]) started.
[        ] :flutter_plugin_android_lifecycle:createFullJarRelease (Thread[Execution worker Thread 10,5,main]) started.
[        ] > Task :flutter_plugin_android_lifecycle:createFullJarRelease UP-TO-DATE
[        ] Caching disabled for task ':flutter_plugin_android_lifecycle:createFullJarRelease' because:
[        ]   Build cache is disabled
[        ]   Simple merging task
[        ] Skipping task ':flutter_plugin_android_lifecycle:createFullJarRelease' as it is up-to-date.
[        ] work action resolve full.jar (project :flutter_plugin_android_lifecycle) (Thread[Execution worker Thread 7,5,main]) started.
[        ] work action resolve full.jar (project :flutter_plugin_android_lifecycle) (Thread[Execution worker Thread 7,5,main]) started.
[        ] Resolve mutations for :flutter_plugin_android_lifecycle:extractProguardFiles (Thread[Execution worker Thread 7,5,main]) started.
[  +84 ms] :flutter_plugin_android_lifecycle:extractProguardFiles (Thread[Execution worker Thread 7,5,main]) started.
[        ] > Task :flutter_plugin_android_lifecycle:extractProguardFiles UP-TO-DATE
[        ] Caching disabled for task ':flutter_plugin_android_lifecycle:extractProguardFiles' because:
[        ]   Build cache is disabled
[        ]   Fast task
[        ] Skipping task ':flutter_plugin_android_lifecycle:extractProguardFiles' as it is up-to-date.
[        ] Resolve mutations for :flutter_plugin_android_lifecycle:generateReleaseLintModel (Thread[Execution worker Thread 7,5,main]) started.
[        ] :flutter_plugin_android_lifecycle:generateReleaseLintModel (Thread[Execution worker Thread 7,5,main]) started.
[        ] > Task :flutter_plugin_android_lifecycle:generateReleaseLintModel UP-TO-DATE
[        ] Caching disabled for task ':flutter_plugin_android_lifecycle:generateReleaseLintModel' because:
[        ]   Build cache is disabled
[        ]   Caching has been disabled for the task
[        ] Skipping task ':flutter_plugin_android_lifecycle:generateReleaseLintModel' as it is up-to-date.
[        ] work action resolve generateReleaseLintModel (project :flutter_plugin_android_lifecycle) (Thread[Execution worker Thread 7,5,main]) started.
[        ] work action resolve generateReleaseLintModel (project :flutter_plugin_android_lifecycle) (Thread[Execution worker Thread 7,5,main]) started.
[        ] Resolve mutations for :flutter_plugin_android_lifecycle:prepareLintJarForPublish (Thread[Execution worker Thread 7,5,main]) started.
[        ] :flutter_plugin_android_lifecycle:prepareLintJarForPublish (Thread[Execution worker Thread 7,5,main]) started.
[        ] > Task :flutter_plugin_android_lifecycle:prepareLintJarForPublish UP-TO-DATE
[        ] Caching disabled for task ':flutter_plugin_android_lifecycle:prepareLintJarForPublish' because:
[        ]   Build cache is disabled
[        ]   Caching has been disabled for the task
[        ] Skipping task ':flutter_plugin_android_lifecycle:prepareLintJarForPublish' as it is up-to-date.
[        ] work action resolve lint.jar (project :flutter_plugin_android_lifecycle) (Thread[Execution worker Thread 7,5,main]) started.
[        ] work action resolve lint.jar (project :flutter_plugin_android_lifecycle) (Thread[Execution worker Thread 7,5,main]) started.
[        ] Resolve mutations for :file_picker:generateReleaseLintModel (Thread[Execution worker Thread 7,5,main]) started.
[        ] :file_picker:generateReleaseLintModel (Thread[Execution worker Thread 7,5,main]) started.
[        ] > Task :file_picker:generateReleaseLintModel UP-TO-DATE
[        ] Caching disabled for task ':file_picker:generateReleaseLintModel' because:
[        ]   Build cache is disabled
[        ]   Caching has been disabled for the task
[        ] Skipping task ':file_picker:generateReleaseLintModel' as it is up-to-date.
[        ] work action resolve generateReleaseLintModel (project :file_picker) (Thread[Execution worker Thread 7,5,main]) started.
[        ] work action resolve generateReleaseLintModel (project :file_picker) (Thread[Execution worker Thread 7,5,main]) started.
[        ] Resolve mutations for :file_picker:prepareLintJarForPublish (Thread[Execution worker Thread 7,5,main]) started.
[        ] :file_picker:prepareLintJarForPublish (Thread[Execution worker Thread 9,5,main]) started.
[        ] > Task :file_picker:prepareLintJarForPublish UP-TO-DATE
[        ] Caching disabled for task ':file_picker:prepareLintJarForPublish' because:
[        ]   Build cache is disabled
[        ]   Caching has been disabled for the task
[        ] Skipping task ':file_picker:prepareLintJarForPublish' as it is up-to-date.
[        ] work action resolve lint.jar (project :file_picker) (Thread[Execution worker Thread 9,5,main]) started.
[        ] work action resolve lint.jar (project :file_picker) (Thread[Execution worker Thread 9,5,main]) started.
[        ] Resolve mutations for :flutter_local_notifications:createFullJarRelease (Thread[Execution worker Thread 9,5,main]) started.
[        ] :flutter_local_notifications:createFullJarRelease (Thread[Execution worker Thread 11,5,main]) started.
[        ] > Task :flutter_local_notifications:createFullJarRelease UP-TO-DATE
[        ] Caching disabled for task ':flutter_local_notifications:createFullJarRelease' because:
[        ]   Build cache is disabled
[        ]   Simple merging task
[        ] Skipping task ':flutter_local_notifications:createFullJarRelease' as it is up-to-date.
[        ] work action resolve full.jar (project :flutter_local_notifications) (Thread[Execution worker Thread 11,5,main]) started.
[        ] work action resolve full.jar (project :flutter_local_notifications) (Thread[included builds,5,main]) started.
[        ] Resolve mutations for :flutter_local_notifications:extractProguardFiles (Thread[included builds,5,main]) started.
[        ] :flutter_local_notifications:extractProguardFiles (Thread[included builds,5,main]) started.
[        ] > Task :flutter_local_notifications:extractProguardFiles UP-TO-DATE
[        ] Caching disabled for task ':flutter_local_notifications:extractProguardFiles' because:
[        ]   Build cache is disabled
[        ]   Fast task
[        ] Skipping task ':flutter_local_notifications:extractProguardFiles' as it is up-to-date.
[        ] Resolve mutations for :flutter_local_notifications:generateReleaseLintModel (Thread[included builds,5,main]) started.
[        ] :flutter_local_notifications:generateReleaseLintModel (Thread[included builds,5,main]) started.
[        ] > Task :flutter_local_notifications:generateReleaseLintModel UP-TO-DATE
[        ] Caching disabled for task ':flutter_local_notifications:generateReleaseLintModel' because:
[        ]   Build cache is disabled
[        ]   Caching has been disabled for the task
[        ] Skipping task ':flutter_local_notifications:generateReleaseLintModel' as it is up-to-date.
[        ] work action resolve generateReleaseLintModel (project :flutter_local_notifications) (Thread[included builds,5,main]) started.
[        ] work action resolve generateReleaseLintModel (project :flutter_local_notifications) (Thread[included builds,5,main]) started.
[        ] Resolve mutations for :flutter_local_notifications:prepareLintJarForPublish (Thread[included builds,5,main]) started.
[        ] :flutter_local_notifications:prepareLintJarForPublish (Thread[included builds,5,main]) started.
[        ] > Task :flutter_local_notifications:prepareLintJarForPublish UP-TO-DATE
[        ] Caching disabled for task ':flutter_local_notifications:prepareLintJarForPublish' because:
[        ]   Build cache is disabled
[        ]   Caching has been disabled for the task
[        ] Skipping task ':flutter_local_notifications:prepareLintJarForPublish' as it is up-to-date.
[        ] work action resolve lint.jar (project :flutter_local_notifications) (Thread[Execution worker Thread 11,5,main]) started.
[        ] work action resolve lint.jar (project :flutter_local_notifications) (Thread[Execution worker Thread 11,5,main]) started.
[        ] Resolve mutations for :flutter_secure_storage:createFullJarRelease (Thread[Execution worker Thread 7,5,main]) started.
[        ] :flutter_secure_storage:createFullJarRelease (Thread[Execution worker Thread 7,5,main]) started.
[        ] > Task :flutter_secure_storage:createFullJarRelease UP-TO-DATE
[        ] Caching disabled for task ':flutter_secure_storage:createFullJarRelease' because:
[        ]   Build cache is disabled
[        ]   Simple merging task
[        ] Skipping task ':flutter_secure_storage:createFullJarRelease' as it is up-to-date.
[        ] work action resolve full.jar (project :flutter_secure_storage) (Thread[Execution worker Thread 3,5,main]) started.
[        ] work action resolve full.jar (project :flutter_secure_storage) (Thread[Execution worker Thread 3,5,main]) started.
[        ] Resolve mutations for :flutter_secure_storage:extractProguardFiles (Thread[Execution worker Thread 3,5,main]) started.
[        ] :flutter_secure_storage:extractProguardFiles (Thread[Execution worker Thread 8,5,main]) started.
[        ] > Task :flutter_secure_storage:extractProguardFiles UP-TO-DATE
[        ] Caching disabled for task ':flutter_secure_storage:extractProguardFiles' because:
[        ]   Build cache is disabled
[        ]   Fast task
[        ] Skipping task ':flutter_secure_storage:extractProguardFiles' as it is up-to-date.
[        ] Resolve mutations for :flutter_secure_storage:generateReleaseLintModel (Thread[Execution worker Thread 8,5,main]) started.
[        ] :flutter_secure_storage:generateReleaseLintModel (Thread[Execution worker Thread 8,5,main]) started.
[        ] > Task :flutter_secure_storage:generateReleaseLintModel UP-TO-DATE
[        ] Caching disabled for task ':flutter_secure_storage:generateReleaseLintModel' because:
[        ]   Build cache is disabled
[        ]   Caching has been disabled for the task
[        ] Skipping task ':flutter_secure_storage:generateReleaseLintModel' as it is up-to-date.
[        ] work action resolve generateReleaseLintModel (project :flutter_secure_storage) (Thread[Execution worker Thread 8,5,main]) started.
[        ] work action resolve generateReleaseLintModel (project :flutter_secure_storage) (Thread[Execution worker Thread 8,5,main]) started.
[        ] Resolve mutations for :flutter_secure_storage:prepareLintJarForPublish (Thread[Execution worker Thread 8,5,main]) started.
[        ] :flutter_secure_storage:prepareLintJarForPublish (Thread[Execution worker Thread 8,5,main]) started.
[        ] > Task :flutter_secure_storage:prepareLintJarForPublish UP-TO-DATE
[        ] Caching disabled for task ':flutter_secure_storage:prepareLintJarForPublish' because:
[        ]   Build cache is disabled
[        ]   Caching has been disabled for the task
[        ] Skipping task ':flutter_secure_storage:prepareLintJarForPublish' as it is up-to-date.
[        ] work action resolve lint.jar (project :flutter_secure_storage) (Thread[Execution worker Thread 8,5,main]) started.
[        ] work action resolve lint.jar (project :flutter_secure_storage) (Thread[Execution worker Thread 8,5,main]) started.
[        ] Resolve mutations for :geolocator_android:createFullJarRelease (Thread[Execution worker Thread 8,5,main]) started.
[        ] :geolocator_android:createFullJarRelease (Thread[Execution worker Thread 8,5,main]) started.
[        ] > Task :geolocator_android:createFullJarRelease UP-TO-DATE
[        ] Caching disabled for task ':geolocator_android:createFullJarRelease' because:
[        ]   Build cache is disabled
[        ]   Simple merging task
[        ] Skipping task ':geolocator_android:createFullJarRelease' as it is up-to-date.
[        ] work action resolve full.jar (project :geolocator_android) (Thread[Execution worker Thread 8,5,main]) started.
[        ] work action resolve full.jar (project :geolocator_android) (Thread[Execution worker Thread 2,5,main]) started.
[        ] Resolve mutations for :geolocator_android:extractProguardFiles (Thread[Execution worker Thread 2,5,main]) started.
[        ] :geolocator_android:extractProguardFiles (Thread[Execution worker Thread 2,5,main]) started.
[        ] > Task :geolocator_android:extractProguardFiles UP-TO-DATE
[        ] Caching disabled for task ':geolocator_android:extractProguardFiles' because:
[        ]   Build cache is disabled
[        ]   Fast task
[        ] Skipping task ':geolocator_android:extractProguardFiles' as it is up-to-date.
[        ] Resolve mutations for :geolocator_android:generateReleaseLintModel (Thread[Execution worker Thread 2,5,main]) started.
[        ] :geolocator_android:generateReleaseLintModel (Thread[Execution worker Thread 2,5,main]) started.
[        ] > Task :geolocator_android:generateReleaseLintModel UP-TO-DATE
[        ] Caching disabled for task ':geolocator_android:generateReleaseLintModel' because:
[        ]   Build cache is disabled
[        ]   Caching has been disabled for the task
[        ] Skipping task ':geolocator_android:generateReleaseLintModel' as it is up-to-date.
[        ] work action resolve generateReleaseLintModel (project :geolocator_android) (Thread[Execution worker Thread 2,5,main]) started.
[        ] work action resolve generateReleaseLintModel (project :geolocator_android) (Thread[Execution worker Thread 2,5,main]) started.
[        ] Resolve mutations for :geolocator_android:prepareLintJarForPublish (Thread[Execution worker Thread 2,5,main]) started.
[        ] :geolocator_android:prepareLintJarForPublish (Thread[Execution worker Thread 2,5,main]) started.
[        ] > Task :geolocator_android:prepareLintJarForPublish UP-TO-DATE
[        ] Caching disabled for task ':geolocator_android:prepareLintJarForPublish' because:
[        ]   Build cache is disabled
[        ]   Caching has been disabled for the task
[        ] Skipping task ':geolocator_android:prepareLintJarForPublish' as it is up-to-date.
[        ] work action resolve lint.jar (project :geolocator_android) (Thread[Execution worker Thread 2,5,main]) started.
[        ] work action resolve lint.jar (project :geolocator_android) (Thread[Execution worker Thread 2,5,main]) started.
[        ] Resolve mutations for :image_picker_android:createFullJarRelease (Thread[Execution worker Thread 2,5,main]) started.
[        ] :image_picker_android:createFullJarRelease (Thread[Execution worker Thread 2,5,main]) started.
[        ] > Task :image_picker_android:createFullJarRelease UP-TO-DATE
[        ] Caching disabled for task ':image_picker_android:createFullJarRelease' because:
[        ]   Build cache is disabled
[        ]   Simple merging task
[        ] Skipping task ':image_picker_android:createFullJarRelease' as it is up-to-date.
[        ] work action resolve full.jar (project :image_picker_android) (Thread[Execution worker Thread 2,5,main]) started.
[        ] work action resolve full.jar (project :image_picker_android) (Thread[Execution worker Thread 11,5,main]) started.
[        ] Resolve mutations for :image_picker_android:extractProguardFiles (Thread[Execution worker Thread 11,5,main]) started.
[        ] :image_picker_android:extractProguardFiles (Thread[Execution worker Thread 5,5,main]) started.
[  +84 ms] > Task :image_picker_android:extractProguardFiles UP-TO-DATE
[        ] Caching disabled for task ':image_picker_android:extractProguardFiles' because:
[        ]   Build cache is disabled
[        ]   Fast task
[        ] Skipping task ':image_picker_android:extractProguardFiles' as it is up-to-date.
[        ] Resolve mutations for :image_picker_android:generateReleaseLintModel (Thread[Execution worker Thread 5,5,main]) started.
[        ] :image_picker_android:generateReleaseLintModel (Thread[Execution worker Thread 5,5,main]) started.
[        ] > Task :image_picker_android:generateReleaseLintModel UP-TO-DATE
[        ] Caching disabled for task ':image_picker_android:generateReleaseLintModel' because:
[        ]   Build cache is disabled
[        ]   Caching has been disabled for the task
[        ] Skipping task ':image_picker_android:generateReleaseLintModel' as it is up-to-date.
[        ] work action resolve generateReleaseLintModel (project :image_picker_android) (Thread[Execution worker Thread 5,5,main]) started.
[        ] work action resolve generateReleaseLintModel (project :image_picker_android) (Thread[Execution worker Thread 5,5,main]) started.
[        ] Resolve mutations for :image_picker_android:prepareLintJarForPublish (Thread[Execution worker Thread 5,5,main]) started.
[        ] :image_picker_android:prepareLintJarForPublish (Thread[Execution worker Thread 5,5,main]) started.
[        ] > Task :image_picker_android:prepareLintJarForPublish UP-TO-DATE
[        ] Caching disabled for task ':image_picker_android:prepareLintJarForPublish' because:
[        ]   Build cache is disabled
[        ]   Caching has been disabled for the task
[        ] Skipping task ':image_picker_android:prepareLintJarForPublish' as it is up-to-date.
[        ] work action resolve lint.jar (project :image_picker_android) (Thread[Execution worker Thread 5,5,main]) started.
[        ] work action resolve lint.jar (project :image_picker_android) (Thread[Execution worker Thread 5,5,main]) started.
[        ] Resolve mutations for :mobile_scanner:createFullJarRelease (Thread[Execution worker Thread 5,5,main]) started.
[        ] :mobile_scanner:createFullJarRelease (Thread[Execution worker Thread 5,5,main]) started.
[        ] > Task :mobile_scanner:createFullJarRelease UP-TO-DATE
[        ] Caching disabled for task ':mobile_scanner:createFullJarRelease' because:
[        ]   Build cache is disabled
[        ]   Simple merging task
[        ] Skipping task ':mobile_scanner:createFullJarRelease' as it is up-to-date.
[        ] work action resolve full.jar (project :mobile_scanner) (Thread[Execution worker Thread 5,5,main]) started.
[        ] work action resolve full.jar (project :mobile_scanner) (Thread[Execution worker Thread 5,5,main]) started.
[        ] Resolve mutations for :mobile_scanner:extractProguardFiles (Thread[Execution worker Thread 5,5,main]) started.
[        ] :mobile_scanner:extractProguardFiles (Thread[Execution worker Thread 5,5,main]) started.
[        ] > Task :mobile_scanner:extractProguardFiles UP-TO-DATE
[        ] Caching disabled for task ':mobile_scanner:extractProguardFiles' because:
[        ]   Build cache is disabled
[        ]   Fast task
[        ] Skipping task ':mobile_scanner:extractProguardFiles' as it is up-to-date.
[        ] Resolve mutations for :mobile_scanner:generateReleaseLintModel (Thread[Execution worker Thread 5,5,main]) started.
[        ] :mobile_scanner:generateReleaseLintModel (Thread[Execution worker Thread 5,5,main]) started.
[        ] > Task :mobile_scanner:generateReleaseLintModel UP-TO-DATE
[        ] Caching disabled for task ':mobile_scanner:generateReleaseLintModel' because:
[        ]   Build cache is disabled
[        ]   Caching has been disabled for the task
[        ] Skipping task ':mobile_scanner:generateReleaseLintModel' as it is up-to-date.
[        ] work action resolve generateReleaseLintModel (project :mobile_scanner) (Thread[Execution worker Thread 5,5,main]) started.
[        ] work action resolve generateReleaseLintModel (project :mobile_scanner) (Thread[Execution worker Thread 5,5,main]) started.
[        ] Resolve mutations for :mobile_scanner:prepareLintJarForPublish (Thread[Execution worker Thread 5,5,main]) started.
[        ] :mobile_scanner:prepareLintJarForPublish (Thread[Execution worker Thread 5,5,main]) started.
[        ] > Task :mobile_scanner:prepareLintJarForPublish UP-TO-DATE
[        ] Caching disabled for task ':mobile_scanner:prepareLintJarForPublish' because:
[        ]   Build cache is disabled
[        ]   Caching has been disabled for the task
[        ] Skipping task ':mobile_scanner:prepareLintJarForPublish' as it is up-to-date.
[        ] work action resolve lint.jar (project :mobile_scanner) (Thread[Execution worker Thread 5,5,main]) started.
[        ] work action resolve lint.jar (project :mobile_scanner) (Thread[Execution worker,5,main]) started.
[        ] Resolve mutations for :package_info_plus:createFullJarRelease (Thread[Execution worker,5,main]) started.
[        ] :package_info_plus:createFullJarRelease (Thread[Execution worker,5,main]) started.
[        ] > Task :package_info_plus:createFullJarRelease UP-TO-DATE
[        ] Caching disabled for task ':package_info_plus:createFullJarRelease' because:
[        ]   Build cache is disabled
[        ]   Simple merging task
[        ] Skipping task ':package_info_plus:createFullJarRelease' as it is up-to-date.
[        ] work action resolve full.jar (project :package_info_plus) (Thread[Execution worker,5,main]) started.
[        ] work action resolve full.jar (project :package_info_plus) (Thread[Execution worker,5,main]) started.
[        ] Resolve mutations for :package_info_plus:extractProguardFiles (Thread[Execution worker,5,main]) started.
[        ] :package_info_plus:extractProguardFiles (Thread[Execution worker,5,main]) started.
[        ] > Task :package_info_plus:extractProguardFiles UP-TO-DATE
[        ] Caching disabled for task ':package_info_plus:extractProguardFiles' because:
[        ]   Build cache is disabled
[        ]   Fast task
[        ] Skipping task ':package_info_plus:extractProguardFiles' as it is up-to-date.
[        ] Resolve mutations for :package_info_plus:generateReleaseLintModel (Thread[Execution worker,5,main]) started.
[        ] :package_info_plus:generateReleaseLintModel (Thread[Execution worker,5,main]) started.
[        ] > Task :package_info_plus:generateReleaseLintModel UP-TO-DATE
[        ] Caching disabled for task ':package_info_plus:generateReleaseLintModel' because:
[        ]   Build cache is disabled
[        ]   Caching has been disabled for the task
[        ] Skipping task ':package_info_plus:generateReleaseLintModel' as it is up-to-date.
[        ] work action resolve generateReleaseLintModel (project :package_info_plus) (Thread[Execution worker,5,main]) started.
[        ] work action resolve generateReleaseLintModel (project :package_info_plus) (Thread[Execution worker,5,main]) started.
[        ] Resolve mutations for :package_info_plus:prepareLintJarForPublish (Thread[Execution worker,5,main]) started.
[        ] :package_info_plus:prepareLintJarForPublish (Thread[Execution worker Thread 11,5,main]) started.
[        ] > Task :package_info_plus:prepareLintJarForPublish UP-TO-DATE
[        ] Caching disabled for task ':package_info_plus:prepareLintJarForPublish' because:
[        ]   Build cache is disabled
[        ]   Caching has been disabled for the task
[        ] Skipping task ':package_info_plus:prepareLintJarForPublish' as it is up-to-date.
[        ] work action resolve lint.jar (project :package_info_plus) (Thread[Execution worker Thread 11,5,main]) started.
[        ] work action resolve lint.jar (project :package_info_plus) (Thread[Execution worker Thread 11,5,main]) started.
[        ] Resolve mutations for :path_provider_android:createFullJarRelease (Thread[Execution worker Thread 11,5,main]) started.
[        ] :path_provider_android:createFullJarRelease (Thread[Execution worker Thread 11,5,main]) started.
[        ] > Task :path_provider_android:createFullJarRelease UP-TO-DATE
[        ] Caching disabled for task ':path_provider_android:createFullJarRelease' because:
[        ]   Build cache is disabled
[        ]   Simple merging task
[        ] Skipping task ':path_provider_android:createFullJarRelease' as it is up-to-date.
[        ] work action resolve full.jar (project :path_provider_android) (Thread[Execution worker Thread 11,5,main]) started.
[        ] work action resolve full.jar (project :path_provider_android) (Thread[Execution worker Thread 11,5,main]) started.
[        ] Resolve mutations for :path_provider_android:extractProguardFiles (Thread[Execution worker Thread 5,5,main]) started.
[        ] :path_provider_android:extractProguardFiles (Thread[Execution worker,5,main]) started.
[        ] > Task :path_provider_android:extractProguardFiles UP-TO-DATE
[        ] Caching disabled for task ':path_provider_android:extractProguardFiles' because:
[        ]   Build cache is disabled
[        ]   Fast task
[        ] Skipping task ':path_provider_android:extractProguardFiles' as it is up-to-date.
[        ] Resolve mutations for :path_provider_android:generateReleaseLintModel (Thread[Execution worker Thread 5,5,main]) started.
[        ] :path_provider_android:generateReleaseLintModel (Thread[Execution worker Thread 5,5,main]) started.
[        ] > Task :path_provider_android:generateReleaseLintModel UP-TO-DATE
[        ] Caching disabled for task ':path_provider_android:generateReleaseLintModel' because:
[        ]   Build cache is disabled
[        ]   Caching has been disabled for the task
[        ] Skipping task ':path_provider_android:generateReleaseLintModel' as it is up-to-date.
[        ] work action resolve generateReleaseLintModel (project :path_provider_android) (Thread[Execution worker Thread 5,5,main]) started.
[        ] work action resolve generateReleaseLintModel (project :path_provider_android) (Thread[Execution worker Thread 5,5,main]) started.
[        ] Resolve mutations for :path_provider_android:prepareLintJarForPublish (Thread[Execution worker Thread 5,5,main]) started.
[        ] :path_provider_android:prepareLintJarForPublish (Thread[Execution worker Thread 5,5,main]) started.
[        ] > Task :path_provider_android:prepareLintJarForPublish UP-TO-DATE
[        ] Caching disabled for task ':path_provider_android:prepareLintJarForPublish' because:
[        ]   Build cache is disabled
[        ]   Caching has been disabled for the task
[        ] Skipping task ':path_provider_android:prepareLintJarForPublish' as it is up-to-date.
[        ] work action resolve lint.jar (project :path_provider_android) (Thread[Execution worker Thread 5,5,main]) started.
[        ] work action resolve lint.jar (project :path_provider_android) (Thread[Execution worker Thread 5,5,main]) started.
[        ] Resolve mutations for :shared_preferences_android:createFullJarRelease (Thread[Execution worker Thread 2,5,main]) started.
[        ] :shared_preferences_android:createFullJarRelease (Thread[Execution worker Thread 2,5,main]) started.
[        ] > Task :shared_preferences_android:createFullJarRelease UP-TO-DATE
[        ] Caching disabled for task ':shared_preferences_android:createFullJarRelease' because:
[        ]   Build cache is disabled
[        ]   Simple merging task
[        ] Skipping task ':shared_preferences_android:createFullJarRelease' as it is up-to-date.
[        ] work action resolve full.jar (project :shared_preferences_android) (Thread[Execution worker Thread 2,5,main]) started.
[        ] work action resolve full.jar (project :shared_preferences_android) (Thread[Execution worker Thread 2,5,main]) started.
[        ] Resolve mutations for :shared_preferences_android:extractProguardFiles (Thread[Execution worker Thread 2,5,main]) started.
[        ] :shared_preferences_android:extractProguardFiles (Thread[Execution worker Thread 5,5,main]) started.
[        ] > Task :shared_preferences_android:extractProguardFiles UP-TO-DATE
[        ] Caching disabled for task ':shared_preferences_android:extractProguardFiles' because:
[        ]   Build cache is disabled
[        ]   Fast task
[        ] Skipping task ':shared_preferences_android:extractProguardFiles' as it is up-to-date.
[        ] Resolve mutations for :shared_preferences_android:generateReleaseLintModel (Thread[Execution worker Thread 5,5,main]) started.
[        ] :shared_preferences_android:generateReleaseLintModel (Thread[Execution worker Thread 5,5,main]) started.
[  +79 ms] > Task :shared_preferences_android:generateReleaseLintModel UP-TO-DATE
[        ] Caching disabled for task ':shared_preferences_android:generateReleaseLintModel' because:
[        ]   Build cache is disabled
[        ]   Caching has been disabled for the task
[        ] Skipping task ':shared_preferences_android:generateReleaseLintModel' as it is up-to-date.
[        ] work action resolve generateReleaseLintModel (project :shared_preferences_android) (Thread[Execution worker Thread 2,5,main]) started.
[        ] work action resolve generateReleaseLintModel (project :shared_preferences_android) (Thread[Execution worker Thread 4,5,main]) started.
[        ] Resolve mutations for :shared_preferences_android:prepareLintJarForPublish (Thread[Execution worker Thread 6,5,main]) started.
[        ] :shared_preferences_android:prepareLintJarForPublish (Thread[Execution worker Thread 6,5,main]) started.
[        ] > Task :shared_preferences_android:prepareLintJarForPublish UP-TO-DATE
[        ] Caching disabled for task ':shared_preferences_android:prepareLintJarForPublish' because:
[        ]   Build cache is disabled
[        ]   Caching has been disabled for the task
[        ] Skipping task ':shared_preferences_android:prepareLintJarForPublish' as it is up-to-date.
[        ] work action resolve lint.jar (project :shared_preferences_android) (Thread[Execution worker Thread 6,5,main]) started.
[        ] work action resolve lint.jar (project :shared_preferences_android) (Thread[Execution worker Thread 6,5,main]) started.
[        ] Resolve mutations for :sqflite_android:createFullJarRelease (Thread[Execution worker Thread 6,5,main]) started.
[        ] :sqflite_android:createFullJarRelease (Thread[Execution worker Thread 4,5,main]) started.
[        ] > Task :sqflite_android:createFullJarRelease UP-TO-DATE
[        ] Caching disabled for task ':sqflite_android:createFullJarRelease' because:
[        ]   Build cache is disabled
[        ]   Simple merging task
[        ] Skipping task ':sqflite_android:createFullJarRelease' as it is up-to-date.
[        ] work action resolve full.jar (project :sqflite_android) (Thread[Execution worker Thread 4,5,main]) started.
[        ] work action resolve full.jar (project :sqflite_android) (Thread[Execution worker Thread 4,5,main]) started.
[        ] Resolve mutations for :sqflite_android:extractProguardFiles (Thread[Execution worker Thread 4,5,main]) started.
[        ] :sqflite_android:extractProguardFiles (Thread[Execution worker Thread 4,5,main]) started.
[        ] > Task :sqflite_android:extractProguardFiles UP-TO-DATE
[        ] Caching disabled for task ':sqflite_android:extractProguardFiles' because:
[        ]   Build cache is disabled
[        ]   Fast task
[        ] Skipping task ':sqflite_android:extractProguardFiles' as it is up-to-date.
[        ] Resolve mutations for :sqflite_android:generateReleaseLintModel (Thread[Execution worker Thread 4,5,main]) started.
[        ] :sqflite_android:generateReleaseLintModel (Thread[Execution worker Thread 4,5,main]) started.
[        ] > Task :sqflite_android:generateReleaseLintModel UP-TO-DATE
[        ] Caching disabled for task ':sqflite_android:generateReleaseLintModel' because:
[        ]   Build cache is disabled
[        ]   Caching has been disabled for the task
[        ] Skipping task ':sqflite_android:generateReleaseLintModel' as it is up-to-date.
[        ] work action resolve generateReleaseLintModel (project :sqflite_android) (Thread[Execution worker Thread 4,5,main]) started.
[        ] work action resolve generateReleaseLintModel (project :sqflite_android) (Thread[Execution worker Thread 4,5,main]) started.
[        ] Resolve mutations for :sqflite_android:prepareLintJarForPublish (Thread[Execution worker Thread 4,5,main]) started.
[        ] :sqflite_android:prepareLintJarForPublish (Thread[Execution worker Thread 4,5,main]) started.
[        ] > Task :sqflite_android:prepareLintJarForPublish UP-TO-DATE
[        ] Caching disabled for task ':sqflite_android:prepareLintJarForPublish' because:
[        ]   Build cache is disabled
[        ]   Caching has been disabled for the task
[        ] Skipping task ':sqflite_android:prepareLintJarForPublish' as it is up-to-date.
[        ] work action resolve lint.jar (project :sqflite_android) (Thread[Execution worker Thread 4,5,main]) started.
[        ] work action resolve lint.jar (project :sqflite_android) (Thread[Execution worker Thread 4,5,main]) started.
[        ] Resolve mutations for :url_launcher_android:createFullJarRelease (Thread[Execution worker Thread 4,5,main]) started.
[        ] :url_launcher_android:createFullJarRelease (Thread[Execution worker Thread 4,5,main]) started.
[        ] > Task :url_launcher_android:createFullJarRelease UP-TO-DATE
[        ] Caching disabled for task ':url_launcher_android:createFullJarRelease' because:
[        ]   Build cache is disabled
[        ]   Simple merging task
[        ] Skipping task ':url_launcher_android:createFullJarRelease' as it is up-to-date.
[        ] work action resolve full.jar (project :url_launcher_android) (Thread[Execution worker Thread 2,5,main]) started.
[        ] work action resolve full.jar (project :url_launcher_android) (Thread[Execution worker Thread 2,5,main]) started.
[        ] Resolve mutations for :url_launcher_android:extractProguardFiles (Thread[Execution worker Thread 2,5,main]) started.
[        ] :url_launcher_android:extractProguardFiles (Thread[Execution worker Thread 2,5,main]) started.
[        ] > Task :url_launcher_android:extractProguardFiles UP-TO-DATE
[        ] Caching disabled for task ':url_launcher_android:extractProguardFiles' because:
[        ]   Build cache is disabled
[        ]   Fast task
[        ] Skipping task ':url_launcher_android:extractProguardFiles' as it is up-to-date.
[        ] Resolve mutations for :url_launcher_android:generateReleaseLintModel (Thread[Execution worker Thread 5,5,main]) started.
[        ] :url_launcher_android:generateReleaseLintModel (Thread[Execution worker Thread 5,5,main]) started.
[        ] > Task :url_launcher_android:generateReleaseLintModel UP-TO-DATE
[        ] Caching disabled for task ':url_launcher_android:generateReleaseLintModel' because:
[        ]   Build cache is disabled
[        ]   Caching has been disabled for the task
[        ] Skipping task ':url_launcher_android:generateReleaseLintModel' as it is up-to-date.
[        ] work action resolve generateReleaseLintModel (project :url_launcher_android) (Thread[Execution worker Thread 5,5,main]) started.
[        ] work action resolve generateReleaseLintModel (project :url_launcher_android) (Thread[Execution worker Thread 5,5,main]) started.
[        ] Resolve mutations for :url_launcher_android:prepareLintJarForPublish (Thread[Execution worker Thread 5,5,main]) started.
[        ] :url_launcher_android:prepareLintJarForPublish (Thread[Execution worker Thread 5,5,main]) started.
[        ] > Task :url_launcher_android:prepareLintJarForPublish UP-TO-DATE
[        ] Caching disabled for task ':url_launcher_android:prepareLintJarForPublish' because:
[        ]   Build cache is disabled
[        ]   Caching has been disabled for the task
[        ] Skipping task ':url_launcher_android:prepareLintJarForPublish' as it is up-to-date.
[        ] work action resolve lint.jar (project :url_launcher_android) (Thread[Execution worker Thread 5,5,main]) started.
[        ] work action resolve lint.jar (project :url_launcher_android) (Thread[Execution worker Thread 5,5,main]) started.
[        ] Resolve mutations for :app:generateReleaseLintVitalReportModel (Thread[Execution worker Thread 5,5,main]) started.
[        ] :app:generateReleaseLintVitalReportModel (Thread[Execution worker Thread 5,5,main]) started.
[        ] > Task :app:generateReleaseLintVitalReportModel UP-TO-DATE
[        ] Caching disabled for task ':app:generateReleaseLintVitalReportModel' because:
[        ]   Build cache is disabled
[        ]   Caching has been disabled for the task
[        ] Skipping task ':app:generateReleaseLintVitalReportModel' as it is up-to-date.
[        ] Resolve mutations for :file_picker:stripReleaseDebugSymbols (Thread[Execution worker Thread 5,5,main]) started.
[        ] :file_picker:stripReleaseDebugSymbols (Thread[Execution worker Thread 5,5,main]) started.
[        ] > Task :file_picker:stripReleaseDebugSymbols NO-SOURCE
[        ] Skipping task ':file_picker:stripReleaseDebugSymbols' as it has no source files and no previous output files.
[        ] Resolve mutations for :file_picker:copyReleaseJniLibsProjectAndLocalJars (Thread[Execution worker Thread 3,5,main]) started.
[        ] :file_picker:copyReleaseJniLibsProjectAndLocalJars (Thread[Execution worker Thread 3,5,main]) started.
[        ] > Task :file_picker:copyReleaseJniLibsProjectAndLocalJars UP-TO-DATE
[        ] Caching disabled for task ':file_picker:copyReleaseJniLibsProjectAndLocalJars' because:
[        ]   Build cache is disabled
[        ]   Caching has been disabled for the task
[        ] Skipping task ':file_picker:copyReleaseJniLibsProjectAndLocalJars' as it is up-to-date.
[        ] Resolve mutations for :file_picker:extractDeepLinksForAarRelease (Thread[Execution worker Thread 3,5,main]) started.
[        ] :file_picker:extractDeepLinksForAarRelease (Thread[Execution worker Thread 3,5,main]) started.
[        ] > Task :file_picker:extractDeepLinksForAarRelease UP-TO-DATE
[        ] Caching disabled for task ':file_picker:extractDeepLinksForAarRelease' because:
[        ]   Build cache is disabled
[        ] Skipping task ':file_picker:extractDeepLinksForAarRelease' as it is up-to-date.
[        ] Resolve mutations for :file_picker:extractReleaseAnnotations (Thread[Execution worker Thread 6,5,main]) started.
[        ] :file_picker:extractReleaseAnnotations (Thread[Execution worker Thread 6,5,main]) started.
[  +88 ms] > Task :file_picker:extractReleaseAnnotations UP-TO-DATE
[        ] Caching disabled for task ':file_picker:extractReleaseAnnotations' because:
[        ]   Build cache is disabled
[        ] Skipping task ':file_picker:extractReleaseAnnotations' as it is up-to-date.
[        ] Resolve mutations for :file_picker:mergeReleaseConsumerProguardFiles (Thread[Execution worker Thread 6,5,main]) started.
[        ] :file_picker:mergeReleaseConsumerProguardFiles (Thread[Execution worker Thread 6,5,main]) started.
[        ] > Task :file_picker:mergeReleaseConsumerProguardFiles UP-TO-DATE
[        ] Caching disabled for task ':file_picker:mergeReleaseConsumerProguardFiles' because:
[        ]   Build cache is disabled
[        ]   Simple merging task
[        ] Skipping task ':file_picker:mergeReleaseConsumerProguardFiles' as it is up-to-date.
[        ] Resolve mutations for :file_picker:mergeReleaseJavaResource (Thread[Execution worker Thread 6,5,main]) started.
[        ] :file_picker:mergeReleaseJavaResource (Thread[Execution worker Thread 6,5,main]) started.
[        ] > Task :file_picker:mergeReleaseJavaResource UP-TO-DATE
[        ] Caching disabled for task ':file_picker:mergeReleaseJavaResource' because:
[        ]   Build cache is disabled
[        ]   Caching has been disabled for the task
[        ] Skipping task ':file_picker:mergeReleaseJavaResource' as it is up-to-date.
[        ] Resolve mutations for :file_picker:syncReleaseLibJars (Thread[Execution worker Thread 6,5,main]) started.
[        ] :file_picker:syncReleaseLibJars (Thread[Execution worker Thread 6,5,main]) started.
[        ] > Task :file_picker:syncReleaseLibJars UP-TO-DATE
[        ] Caching disabled for task ':file_picker:syncReleaseLibJars' because:
[        ]   Build cache is disabled
[        ] Skipping task ':file_picker:syncReleaseLibJars' as it is up-to-date.
[        ] Resolve mutations for :file_picker:bundleReleaseLocalLintAar (Thread[Execution worker Thread 6,5,main]) started.
[        ] :file_picker:bundleReleaseLocalLintAar (Thread[Execution worker Thread 6,5,main]) started.
[        ] > Task :file_picker:bundleReleaseLocalLintAar UP-TO-DATE
[        ] Caching disabled for task ':file_picker:bundleReleaseLocalLintAar' because:
[        ]   Build cache is disabled
[        ]   Caching has been disabled for the task
[        ] Skipping task ':file_picker:bundleReleaseLocalLintAar' as it is up-to-date.
[        ] work action resolve out.aar (project :file_picker) (Thread[Execution worker Thread 6,5,main]) started.
[        ] work action resolve out.aar (project :file_picker) (Thread[Execution worker Thread 6,5,main]) started.
[        ] ExtractAarTransform (Thread[Execution worker Thread 3,5,main]) started.
[        ] Resolve mutations for :flutter_local_notifications:stripReleaseDebugSymbols (Thread[Execution worker Thread 6,5,main]) started.
[        ] ExtractAarTransform (Thread[Execution worker Thread 2,5,main]) started.
[        ] :flutter_local_notifications:stripReleaseDebugSymbols (Thread[Execution worker Thread 9,5,main]) started.
[        ] > Task :flutter_local_notifications:stripReleaseDebugSymbols NO-SOURCE
[        ] Skipping task ':flutter_local_notifications:stripReleaseDebugSymbols' as it has no source files and no previous output files.
[        ] Resolve mutations for :flutter_local_notifications:copyReleaseJniLibsProjectAndLocalJars (Thread[Execution worker Thread 9,5,main]) started.
[        ] :flutter_local_notifications:copyReleaseJniLibsProjectAndLocalJars (Thread[Execution worker Thread 9,5,main]) started.
[        ] > Task :flutter_local_notifications:copyReleaseJniLibsProjectAndLocalJars UP-TO-DATE
[        ] Caching disabled for task ':flutter_local_notifications:copyReleaseJniLibsProjectAndLocalJars' because:
[        ]   Build cache is disabled
[        ]   Caching has been disabled for the task
[        ] Skipping task ':flutter_local_notifications:copyReleaseJniLibsProjectAndLocalJars' as it is up-to-date.
[        ] Resolve mutations for :flutter_local_notifications:extractDeepLinksForAarRelease (Thread[Execution worker Thread 9,5,main]) started.
[        ] :flutter_local_notifications:extractDeepLinksForAarRelease (Thread[Execution worker Thread 9,5,main]) started.
[        ] > Task :flutter_local_notifications:extractDeepLinksForAarRelease UP-TO-DATE
[        ] Caching disabled for task ':flutter_local_notifications:extractDeepLinksForAarRelease' because:
[        ]   Build cache is disabled
[        ] Skipping task ':flutter_local_notifications:extractDeepLinksForAarRelease' as it is up-to-date.
[        ] Resolve mutations for :flutter_local_notifications:extractReleaseAnnotations (Thread[Execution worker Thread 9,5,main]) started.
[        ] :flutter_local_notifications:extractReleaseAnnotations (Thread[Execution worker Thread 9,5,main]) started.
[        ] > Task :flutter_local_notifications:extractReleaseAnnotations UP-TO-DATE
[        ] Caching disabled for task ':flutter_local_notifications:extractReleaseAnnotations' because:
[        ]   Build cache is disabled
[        ] Skipping task ':flutter_local_notifications:extractReleaseAnnotations' as it is up-to-date.
[        ] Resolve mutations for :flutter_local_notifications:mergeReleaseConsumerProguardFiles (Thread[Execution worker Thread 9,5,main]) started.
[        ] :flutter_local_notifications:mergeReleaseConsumerProguardFiles (Thread[Execution worker,5,main]) started.
[        ] > Task :flutter_local_notifications:mergeReleaseConsumerProguardFiles UP-TO-DATE
[        ] Caching disabled for task ':flutter_local_notifications:mergeReleaseConsumerProguardFiles' because:
[        ]   Build cache is disabled
[        ]   Simple merging task
[        ] Skipping task ':flutter_local_notifications:mergeReleaseConsumerProguardFiles' as it is up-to-date.
[        ] Resolve mutations for :flutter_local_notifications:mergeReleaseJavaResource (Thread[Execution worker,5,main]) started.
[        ] :flutter_local_notifications:mergeReleaseJavaResource (Thread[Execution worker,5,main]) started.
[        ] > Task :flutter_local_notifications:mergeReleaseJavaResource UP-TO-DATE
[        ] Caching disabled for task ':flutter_local_notifications:mergeReleaseJavaResource' because:
[        ]   Build cache is disabled
[        ]   Caching has been disabled for the task
[        ] Skipping task ':flutter_local_notifications:mergeReleaseJavaResource' as it is up-to-date.
[        ] Resolve mutations for :flutter_local_notifications:syncReleaseLibJars (Thread[Execution worker Thread 9,5,main]) started.
[        ] :flutter_local_notifications:syncReleaseLibJars (Thread[Execution worker Thread 9,5,main]) started.
[        ] > Task :flutter_local_notifications:syncReleaseLibJars UP-TO-DATE
[        ] Caching disabled for task ':flutter_local_notifications:syncReleaseLibJars' because:
[        ]   Build cache is disabled
[        ] Skipping task ':flutter_local_notifications:syncReleaseLibJars' as it is up-to-date.
[        ] Resolve mutations for :flutter_local_notifications:bundleReleaseLocalLintAar (Thread[Execution worker Thread 9,5,main]) started.
[        ] :flutter_local_notifications:bundleReleaseLocalLintAar (Thread[Execution worker Thread 9,5,main]) started.
[        ] > Task :flutter_local_notifications:bundleReleaseLocalLintAar UP-TO-DATE
[        ] Caching disabled for task ':flutter_local_notifications:bundleReleaseLocalLintAar' because:
[        ]   Build cache is disabled
[        ]   Caching has been disabled for the task
[        ] Skipping task ':flutter_local_notifications:bundleReleaseLocalLintAar' as it is up-to-date.
[        ] work action resolve out.aar (project :flutter_local_notifications) (Thread[Execution worker Thread 9,5,main]) started.
[        ] work action resolve out.aar (project :flutter_local_notifications) (Thread[Execution worker Thread 9,5,main]) started.
[        ] ExtractAarTransform (Thread[Execution worker Thread 3,5,main]) started.
[        ] Resolve mutations for :image_picker_android:stripReleaseDebugSymbols (Thread[Execution worker Thread 9,5,main]) started.
[        ] ExtractAarTransform (Thread[Execution worker Thread 4,5,main]) started.
[        ] :image_picker_android:stripReleaseDebugSymbols (Thread[Execution worker Thread 9,5,main]) started.
[        ] > Task :image_picker_android:stripReleaseDebugSymbols NO-SOURCE
[        ] Skipping task ':image_picker_android:stripReleaseDebugSymbols' as it has no source files and no previous output files.
[        ] Resolve mutations for :image_picker_android:copyReleaseJniLibsProjectAndLocalJars (Thread[Execution worker Thread 9,5,main]) started.
[        ] :image_picker_android:copyReleaseJniLibsProjectAndLocalJars (Thread[Execution worker Thread 9,5,main]) started.
[        ] > Task :image_picker_android:copyReleaseJniLibsProjectAndLocalJars UP-TO-DATE
[        ] Caching disabled for task ':image_picker_android:copyReleaseJniLibsProjectAndLocalJars' because:
[        ]   Build cache is disabled
[        ]   Caching has been disabled for the task
[        ] Skipping task ':image_picker_android:copyReleaseJniLibsProjectAndLocalJars' as it is up-to-date.
[        ] Resolve mutations for :image_picker_android:extractDeepLinksForAarRelease (Thread[Execution worker Thread 9,5,main]) started.
[        ] :image_picker_android:extractDeepLinksForAarRelease (Thread[Execution worker Thread 9,5,main]) started.
[        ] > Task :image_picker_android:extractDeepLinksForAarRelease UP-TO-DATE
[        ] Caching disabled for task ':image_picker_android:extractDeepLinksForAarRelease' because:
[        ]   Build cache is disabled
[        ] Skipping task ':image_picker_android:extractDeepLinksForAarRelease' as it is up-to-date.
[        ] Resolve mutations for :image_picker_android:extractReleaseAnnotations (Thread[Execution worker Thread 9,5,main]) started.
[        ] :image_picker_android:extractReleaseAnnotations (Thread[Execution worker Thread 9,5,main]) started.
[        ] > Task :image_picker_android:extractReleaseAnnotations UP-TO-DATE
[        ] Caching disabled for task ':image_picker_android:extractReleaseAnnotations' because:
[        ]   Build cache is disabled
[        ] Skipping task ':image_picker_android:extractReleaseAnnotations' as it is up-to-date.
[        ] Resolve mutations for :image_picker_android:mergeReleaseConsumerProguardFiles (Thread[Execution worker Thread 9,5,main]) started.
[        ] :image_picker_android:mergeReleaseConsumerProguardFiles (Thread[Execution worker Thread 4,5,main]) started.
[        ] > Task :image_picker_android:mergeReleaseConsumerProguardFiles UP-TO-DATE
[        ] Caching disabled for task ':image_picker_android:mergeReleaseConsumerProguardFiles' because:
[        ]   Build cache is disabled
[        ]   Simple merging task
[        ] Skipping task ':image_picker_android:mergeReleaseConsumerProguardFiles' as it is up-to-date.
[        ] Resolve mutations for :image_picker_android:mergeReleaseJavaResource (Thread[Execution worker Thread 4,5,main]) started.
[        ] :image_picker_android:mergeReleaseJavaResource (Thread[Execution worker Thread 4,5,main]) started.
[        ] > Task :image_picker_android:mergeReleaseJavaResource UP-TO-DATE
[        ] Caching disabled for task ':image_picker_android:mergeReleaseJavaResource' because:
[        ]   Build cache is disabled
[        ]   Caching has been disabled for the task
[        ] Skipping task ':image_picker_android:mergeReleaseJavaResource' as it is up-to-date.
[        ] Resolve mutations for :image_picker_android:syncReleaseLibJars (Thread[Execution worker Thread 4,5,main]) started.
[        ] :image_picker_android:syncReleaseLibJars (Thread[Execution worker Thread 4,5,main]) started.
[        ] > Task :image_picker_android:syncReleaseLibJars UP-TO-DATE
[        ] Caching disabled for task ':image_picker_android:syncReleaseLibJars' because:
[        ]   Build cache is disabled
[        ] Skipping task ':image_picker_android:syncReleaseLibJars' as it is up-to-date.
[        ] Resolve mutations for :image_picker_android:bundleReleaseLocalLintAar (Thread[Execution worker Thread 4,5,main]) started.
[        ] :image_picker_android:bundleReleaseLocalLintAar (Thread[Execution worker Thread 4,5,main]) started.
[        ] > Task :image_picker_android:bundleReleaseLocalLintAar UP-TO-DATE
[        ] Caching disabled for task ':image_picker_android:bundleReleaseLocalLintAar' because:
[        ]   Build cache is disabled
[        ]   Caching has been disabled for the task
[        ] Skipping task ':image_picker_android:bundleReleaseLocalLintAar' as it is up-to-date.
[        ] work action resolve out.aar (project :image_picker_android) (Thread[Execution worker Thread 4,5,main]) started.
[        ] work action resolve out.aar (project :image_picker_android) (Thread[Execution worker Thread 4,5,main]) started.
[        ] ExtractAarTransform (Thread[Execution worker Thread 3,5,main]) started.
[        ] Resolve mutations for :flutter_plugin_android_lifecycle:stripReleaseDebugSymbols (Thread[Execution worker Thread 4,5,main]) started.
[        ] ExtractAarTransform (Thread[Execution worker Thread 9,5,main]) started.
[        ] :flutter_plugin_android_lifecycle:stripReleaseDebugSymbols (Thread[Execution worker Thread 4,5,main]) started.
[        ] > Task :flutter_plugin_android_lifecycle:stripReleaseDebugSymbols NO-SOURCE
[        ] Skipping task ':flutter_plugin_android_lifecycle:stripReleaseDebugSymbols' as it has no source files and no previous output files.
[        ] Resolve mutations for :flutter_plugin_android_lifecycle:copyReleaseJniLibsProjectAndLocalJars (Thread[Execution worker Thread 4,5,main]) started.
[        ] :flutter_plugin_android_lifecycle:copyReleaseJniLibsProjectAndLocalJars (Thread[Execution worker Thread 2,5,main]) started.
[        ] > Task :flutter_plugin_android_lifecycle:copyReleaseJniLibsProjectAndLocalJars UP-TO-DATE
[        ] Caching disabled for task ':flutter_plugin_android_lifecycle:copyReleaseJniLibsProjectAndLocalJars' because:
[        ]   Build cache is disabled
[        ]   Caching has been disabled for the task
[        ] Skipping task ':flutter_plugin_android_lifecycle:copyReleaseJniLibsProjectAndLocalJars' as it is up-to-date.
[  +80 ms] Resolve mutations for :flutter_plugin_android_lifecycle:extractDeepLinksForAarRelease (Thread[Execution worker Thread 2,5,main]) started.
[        ] :flutter_plugin_android_lifecycle:extractDeepLinksForAarRelease (Thread[Execution worker Thread 2,5,main]) started.
[        ] > Task :flutter_plugin_android_lifecycle:extractDeepLinksForAarRelease UP-TO-DATE
[        ] Caching disabled for task ':flutter_plugin_android_lifecycle:extractDeepLinksForAarRelease' because:
[        ]   Build cache is disabled
[        ] Skipping task ':flutter_plugin_android_lifecycle:extractDeepLinksForAarRelease' as it is up-to-date.
[        ] Resolve mutations for :flutter_plugin_android_lifecycle:extractReleaseAnnotations (Thread[Execution worker Thread 2,5,main]) started.
[        ] :flutter_plugin_android_lifecycle:extractReleaseAnnotations (Thread[Execution worker Thread 6,5,main]) started.
[        ] > Task :flutter_plugin_android_lifecycle:extractReleaseAnnotations UP-TO-DATE
[        ] Caching disabled for task ':flutter_plugin_android_lifecycle:extractReleaseAnnotations' because:
[        ]   Build cache is disabled
[        ] Skipping task ':flutter_plugin_android_lifecycle:extractReleaseAnnotations' as it is up-to-date.
[        ] Resolve mutations for :flutter_plugin_android_lifecycle:mergeReleaseConsumerProguardFiles (Thread[Execution worker Thread 2,5,main]) started.
[        ] :flutter_plugin_android_lifecycle:mergeReleaseConsumerProguardFiles (Thread[Execution worker Thread 2,5,main]) started.
[        ] > Task :flutter_plugin_android_lifecycle:mergeReleaseConsumerProguardFiles UP-TO-DATE
[        ] Caching disabled for task ':flutter_plugin_android_lifecycle:mergeReleaseConsumerProguardFiles' because:
[        ]   Build cache is disabled
[        ]   Simple merging task
[        ] Skipping task ':flutter_plugin_android_lifecycle:mergeReleaseConsumerProguardFiles' as it is up-to-date.
[        ] Resolve mutations for :flutter_plugin_android_lifecycle:mergeReleaseJavaResource (Thread[Execution worker Thread 2,5,main]) started.
[        ] :flutter_plugin_android_lifecycle:mergeReleaseJavaResource (Thread[Execution worker Thread 2,5,main]) started.
[        ] > Task :flutter_plugin_android_lifecycle:mergeReleaseJavaResource UP-TO-DATE
[        ] Caching disabled for task ':flutter_plugin_android_lifecycle:mergeReleaseJavaResource' because:
[        ]   Build cache is disabled
[        ]   Caching has been disabled for the task
[        ] Skipping task ':flutter_plugin_android_lifecycle:mergeReleaseJavaResource' as it is up-to-date.
[        ] Resolve mutations for :flutter_plugin_android_lifecycle:syncReleaseLibJars (Thread[Execution worker Thread 2,5,main]) started.
[        ] :flutter_plugin_android_lifecycle:syncReleaseLibJars (Thread[Execution worker Thread 2,5,main]) started.
[        ] > Task :flutter_plugin_android_lifecycle:syncReleaseLibJars UP-TO-DATE
[        ] Caching disabled for task ':flutter_plugin_android_lifecycle:syncReleaseLibJars' because:
[        ]   Build cache is disabled
[        ] Skipping task ':flutter_plugin_android_lifecycle:syncReleaseLibJars' as it is up-to-date.
[        ] Resolve mutations for :flutter_plugin_android_lifecycle:bundleReleaseLocalLintAar (Thread[Execution worker Thread 2,5,main]) started.
[        ] :flutter_plugin_android_lifecycle:bundleReleaseLocalLintAar (Thread[Execution worker Thread 9,5,main]) started.
[        ] > Task :flutter_plugin_android_lifecycle:bundleReleaseLocalLintAar UP-TO-DATE
[        ] Caching disabled for task ':flutter_plugin_android_lifecycle:bundleReleaseLocalLintAar' because:
[        ]   Build cache is disabled
[        ]   Caching has been disabled for the task
[        ] Skipping task ':flutter_plugin_android_lifecycle:bundleReleaseLocalLintAar' as it is up-to-date.
[        ] work action resolve out.aar (project :flutter_plugin_android_lifecycle) (Thread[Execution worker Thread 9,5,main]) started.
[        ] work action resolve out.aar (project :flutter_plugin_android_lifecycle) (Thread[Execution worker Thread 9,5,main]) started.
[        ] Resolve mutations for :flutter_secure_storage:stripReleaseDebugSymbols (Thread[Execution worker Thread 9,5,main]) started.
[        ] ExtractAarTransform (Thread[Execution worker Thread 3,5,main]) started.
[        ] ExtractAarTransform (Thread[Execution worker Thread 6,5,main]) started.
[        ] ExtractAarTransform (Thread[Execution worker Thread 11,5,main]) started.
[        ] :flutter_secure_storage:stripReleaseDebugSymbols (Thread[Execution worker Thread 9,5,main]) started.
[        ] ExtractAarTransform (Thread[Execution worker Thread 4,5,main]) started.
[        ] ExtractAarTransform (Thread[Execution worker Thread 10,5,main]) started.
[        ] ExtractAarTransform (Thread[Execution worker Thread 8,5,main]) started.
[        ] > Task :flutter_secure_storage:stripReleaseDebugSymbols NO-SOURCE
[        ] Skipping task ':flutter_secure_storage:stripReleaseDebugSymbols' as it has no source files and no previous output files.
[        ] Resolve mutations for :flutter_secure_storage:copyReleaseJniLibsProjectAndLocalJars (Thread[Execution worker Thread 9,5,main]) started.
[        ] :flutter_secure_storage:copyReleaseJniLibsProjectAndLocalJars (Thread[Execution worker Thread 9,5,main]) started.
[        ] > Task :flutter_secure_storage:copyReleaseJniLibsProjectAndLocalJars UP-TO-DATE
[        ] Caching disabled for task ':flutter_secure_storage:copyReleaseJniLibsProjectAndLocalJars' because:
[        ]   Build cache is disabled
[        ]   Caching has been disabled for the task
[        ] Skipping task ':flutter_secure_storage:copyReleaseJniLibsProjectAndLocalJars' as it is up-to-date.
[        ] Resolve mutations for :flutter_secure_storage:extractDeepLinksForAarRelease (Thread[Execution worker Thread 9,5,main]) started.
[        ] :flutter_secure_storage:extractDeepLinksForAarRelease (Thread[included builds,5,main]) started.
[        ] > Task :flutter_secure_storage:extractDeepLinksForAarRelease UP-TO-DATE
[        ] Caching disabled for task ':flutter_secure_storage:extractDeepLinksForAarRelease' because:
[        ]   Build cache is disabled
[        ] Skipping task ':flutter_secure_storage:extractDeepLinksForAarRelease' as it is up-to-date.
[        ] Resolve mutations for :flutter_secure_storage:extractReleaseAnnotations (Thread[included builds,5,main]) started.
[        ] :flutter_secure_storage:extractReleaseAnnotations (Thread[included builds,5,main]) started.
[        ] > Task :flutter_secure_storage:extractReleaseAnnotations UP-TO-DATE
[        ] Caching disabled for task ':flutter_secure_storage:extractReleaseAnnotations' because:
[        ]   Build cache is disabled
[        ] Skipping task ':flutter_secure_storage:extractReleaseAnnotations' as it is up-to-date.
[        ] Resolve mutations for :flutter_secure_storage:mergeReleaseConsumerProguardFiles (Thread[included builds,5,main]) started.
[        ] :flutter_secure_storage:mergeReleaseConsumerProguardFiles (Thread[included builds,5,main]) started.
[        ] > Task :flutter_secure_storage:mergeReleaseConsumerProguardFiles UP-TO-DATE
[        ] Caching disabled for task ':flutter_secure_storage:mergeReleaseConsumerProguardFiles' because:
[        ]   Build cache is disabled
[        ]   Simple merging task
[        ] Skipping task ':flutter_secure_storage:mergeReleaseConsumerProguardFiles' as it is up-to-date.
[        ] Resolve mutations for :flutter_secure_storage:mergeReleaseJavaResource (Thread[included builds,5,main]) started.
[        ] :flutter_secure_storage:mergeReleaseJavaResource (Thread[included builds,5,main]) started.
[        ] > Task :flutter_secure_storage:mergeReleaseJavaResource UP-TO-DATE
[        ] Caching disabled for task ':flutter_secure_storage:mergeReleaseJavaResource' because:
[        ]   Build cache is disabled
[        ]   Caching has been disabled for the task
[        ] Skipping task ':flutter_secure_storage:mergeReleaseJavaResource' as it is up-to-date.
[        ] Resolve mutations for :flutter_secure_storage:syncReleaseLibJars (Thread[included builds,5,main]) started.
[        ] :flutter_secure_storage:syncReleaseLibJars (Thread[included builds,5,main]) started.
[        ] > Task :flutter_secure_storage:syncReleaseLibJars UP-TO-DATE
[        ] Caching disabled for task ':flutter_secure_storage:syncReleaseLibJars' because:
[        ]   Build cache is disabled
[        ] Skipping task ':flutter_secure_storage:syncReleaseLibJars' as it is up-to-date.
[        ] Resolve mutations for :flutter_secure_storage:bundleReleaseLocalLintAar (Thread[included builds,5,main]) started.
[        ] :flutter_secure_storage:bundleReleaseLocalLintAar (Thread[included builds,5,main]) started.
[        ] > Task :flutter_secure_storage:bundleReleaseLocalLintAar UP-TO-DATE
[        ] Caching disabled for task ':flutter_secure_storage:bundleReleaseLocalLintAar' because:
[        ]   Build cache is disabled
[        ]   Caching has been disabled for the task
[        ] Skipping task ':flutter_secure_storage:bundleReleaseLocalLintAar' as it is up-to-date.
[        ] work action resolve out.aar (project :flutter_secure_storage) (Thread[included builds,5,main]) started.
[        ] work action resolve out.aar (project :flutter_secure_storage) (Thread[Execution worker Thread 2,5,main]) started.
[        ] ExtractAarTransform (Thread[included builds,5,main]) started.
[        ] ExtractAarTransform (Thread[Execution worker Thread 5,5,main]) started.
[        ] Resolve mutations for :geolocator_android:stripReleaseDebugSymbols (Thread[Execution worker Thread 2,5,main]) started.
[        ] :geolocator_android:stripReleaseDebugSymbols (Thread[Execution worker Thread 2,5,main]) started.
[        ] > Task :geolocator_android:stripReleaseDebugSymbols NO-SOURCE
[        ] Skipping task ':geolocator_android:stripReleaseDebugSymbols' as it has no source files and no previous output files.
[        ] Resolve mutations for :geolocator_android:copyReleaseJniLibsProjectAndLocalJars (Thread[Execution worker Thread 2,5,main]) started.
[        ] :geolocator_android:copyReleaseJniLibsProjectAndLocalJars (Thread[Execution worker Thread 2,5,main]) started.
[        ] > Task :geolocator_android:copyReleaseJniLibsProjectAndLocalJars UP-TO-DATE
[        ] Caching disabled for task ':geolocator_android:copyReleaseJniLibsProjectAndLocalJars' because:
[        ]   Build cache is disabled
[        ]   Caching has been disabled for the task
[        ] Skipping task ':geolocator_android:copyReleaseJniLibsProjectAndLocalJars' as it is up-to-date.
[        ] Resolve mutations for :geolocator_android:extractDeepLinksForAarRelease (Thread[Execution worker Thread 2,5,main]) started.
[        ] :geolocator_android:extractDeepLinksForAarRelease (Thread[Execution worker Thread 2,5,main]) started.
[        ] > Task :geolocator_android:extractDeepLinksForAarRelease UP-TO-DATE
[        ] Caching disabled for task ':geolocator_android:extractDeepLinksForAarRelease' because:
[        ]   Build cache is disabled
[        ] Skipping task ':geolocator_android:extractDeepLinksForAarRelease' as it is up-to-date.
[        ] Resolve mutations for :geolocator_android:extractReleaseAnnotations (Thread[Execution worker Thread 2,5,main]) started.
[        ] :geolocator_android:extractReleaseAnnotations (Thread[Execution worker Thread 2,5,main]) started.
[        ] > Task :geolocator_android:extractReleaseAnnotations UP-TO-DATE
[        ] Caching disabled for task ':geolocator_android:extractReleaseAnnotations' because:
[        ]   Build cache is disabled
[        ] Skipping task ':geolocator_android:extractReleaseAnnotations' as it is up-to-date.
[        ] Resolve mutations for :geolocator_android:mergeReleaseConsumerProguardFiles (Thread[Execution worker Thread 2,5,main]) started.
[        ] :geolocator_android:mergeReleaseConsumerProguardFiles (Thread[Execution worker Thread 2,5,main]) started.
[        ] > Task :geolocator_android:mergeReleaseConsumerProguardFiles UP-TO-DATE
[        ] Caching disabled for task ':geolocator_android:mergeReleaseConsumerProguardFiles' because:
[        ]   Build cache is disabled
[        ]   Simple merging task
[        ] Skipping task ':geolocator_android:mergeReleaseConsumerProguardFiles' as it is up-to-date.
[        ] Resolve mutations for :geolocator_android:mergeReleaseJavaResource (Thread[Execution worker Thread 2,5,main]) started.
[        ] :geolocator_android:mergeReleaseJavaResource (Thread[Execution worker Thread 2,5,main]) started.
[        ] > Task :geolocator_android:mergeReleaseJavaResource UP-TO-DATE
[        ] Caching disabled for task ':geolocator_android:mergeReleaseJavaResource' because:
[        ]   Build cache is disabled
[        ]   Caching has been disabled for the task
[        ] Skipping task ':geolocator_android:mergeReleaseJavaResource' as it is up-to-date.
[        ] Resolve mutations for :geolocator_android:syncReleaseLibJars (Thread[Execution worker Thread 2,5,main]) started.
[        ] :geolocator_android:syncReleaseLibJars (Thread[Execution worker Thread 2,5,main]) started.
[        ] > Task :geolocator_android:syncReleaseLibJars UP-TO-DATE
[        ] Caching disabled for task ':geolocator_android:syncReleaseLibJars' because:
[        ]   Build cache is disabled
[        ] Skipping task ':geolocator_android:syncReleaseLibJars' as it is up-to-date.
[        ] Resolve mutations for :geolocator_android:bundleReleaseLocalLintAar (Thread[Execution worker Thread 2,5,main]) started.
[        ] :geolocator_android:bundleReleaseLocalLintAar (Thread[Execution worker Thread 11,5,main]) started.
[        ] > Task :geolocator_android:bundleReleaseLocalLintAar UP-TO-DATE
[        ] Caching disabled for task ':geolocator_android:bundleReleaseLocalLintAar' because:
[        ]   Build cache is disabled
[        ]   Caching has been disabled for the task
[        ] Skipping task ':geolocator_android:bundleReleaseLocalLintAar' as it is up-to-date.
[        ] work action resolve out.aar (project :geolocator_android) (Thread[Execution worker Thread 11,5,main]) started.
[        ] work action resolve out.aar (project :geolocator_android) (Thread[included builds,5,main]) started.
[        ] ExtractAarTransform (Thread[Execution worker Thread 11,5,main]) started.
[        ] Resolve mutations for :mobile_scanner:stripReleaseDebugSymbols (Thread[included builds,5,main]) started.
[        ] ExtractAarTransform (Thread[Execution worker Thread 8,5,main]) started.
[        ] :mobile_scanner:stripReleaseDebugSymbols (Thread[included builds,5,main]) started.
[        ] > Task :mobile_scanner:stripReleaseDebugSymbols NO-SOURCE
[        ] Skipping task ':mobile_scanner:stripReleaseDebugSymbols' as it has no source files and no previous output files.
[        ] Resolve mutations for :mobile_scanner:copyReleaseJniLibsProjectAndLocalJars (Thread[Execution worker Thread 11,5,main]) started.
[        ] :mobile_scanner:copyReleaseJniLibsProjectAndLocalJars (Thread[Execution worker Thread 8,5,main]) started.
[        ] > Task :mobile_scanner:copyReleaseJniLibsProjectAndLocalJars UP-TO-DATE
[        ] Caching disabled for task ':mobile_scanner:copyReleaseJniLibsProjectAndLocalJars' because:
[        ]   Build cache is disabled
[        ]   Caching has been disabled for the task
[        ] Skipping task ':mobile_scanner:copyReleaseJniLibsProjectAndLocalJars' as it is up-to-date.
[        ] Resolve mutations for :mobile_scanner:extractDeepLinksForAarRelease (Thread[Execution worker Thread 8,5,main]) started.
[        ] :mobile_scanner:extractDeepLinksForAarRelease (Thread[Execution worker Thread 8,5,main]) started.
[        ] > Task :mobile_scanner:extractDeepLinksForAarRelease UP-TO-DATE
[        ] Caching disabled for task ':mobile_scanner:extractDeepLinksForAarRelease' because:
[        ]   Build cache is disabled
[        ] Skipping task ':mobile_scanner:extractDeepLinksForAarRelease' as it is up-to-date.
[        ] Resolve mutations for :mobile_scanner:extractReleaseAnnotations (Thread[Execution worker Thread 8,5,main]) started.
[        ] :mobile_scanner:extractReleaseAnnotations (Thread[Execution worker Thread 3,5,main]) started.
[  +81 ms] > Task :mobile_scanner:extractReleaseAnnotations UP-TO-DATE
[        ] Caching disabled for task ':mobile_scanner:extractReleaseAnnotations' because:
[        ]   Build cache is disabled
[        ] Skipping task ':mobile_scanner:extractReleaseAnnotations' as it is up-to-date.
[        ] Resolve mutations for :mobile_scanner:mergeReleaseConsumerProguardFiles (Thread[Execution worker Thread 3,5,main]) started.
[        ] :mobile_scanner:mergeReleaseConsumerProguardFiles (Thread[Execution worker Thread 3,5,main]) started.
[        ] > Task :mobile_scanner:mergeReleaseConsumerProguardFiles UP-TO-DATE
[        ] Caching disabled for task ':mobile_scanner:mergeReleaseConsumerProguardFiles' because:
[        ]   Build cache is disabled
[        ]   Simple merging task
[        ] Skipping task ':mobile_scanner:mergeReleaseConsumerProguardFiles' as it is up-to-date.
[        ] Resolve mutations for :mobile_scanner:mergeReleaseJavaResource (Thread[Execution worker Thread 3,5,main]) started.
[        ] :mobile_scanner:mergeReleaseJavaResource (Thread[Execution worker Thread 3,5,main]) started.
[        ] > Task :mobile_scanner:mergeReleaseJavaResource UP-TO-DATE
[        ] Caching disabled for task ':mobile_scanner:mergeReleaseJavaResource' because:
[        ]   Build cache is disabled
[        ]   Caching has been disabled for the task
[        ] Skipping task ':mobile_scanner:mergeReleaseJavaResource' as it is up-to-date.
[        ] Resolve mutations for :mobile_scanner:syncReleaseLibJars (Thread[Execution worker Thread 3,5,main]) started.
[        ] :mobile_scanner:syncReleaseLibJars (Thread[Execution worker Thread 7,5,main]) started.
[        ] > Task :mobile_scanner:syncReleaseLibJars UP-TO-DATE
[        ] Caching disabled for task ':mobile_scanner:syncReleaseLibJars' because:
[        ]   Build cache is disabled
[        ] Skipping task ':mobile_scanner:syncReleaseLibJars' as it is up-to-date.
[        ] Resolve mutations for :mobile_scanner:bundleReleaseLocalLintAar (Thread[Execution worker Thread 7,5,main]) started.
[        ] :mobile_scanner:bundleReleaseLocalLintAar (Thread[Execution worker Thread 7,5,main]) started.
[        ] > Task :mobile_scanner:bundleReleaseLocalLintAar UP-TO-DATE
[        ] Caching disabled for task ':mobile_scanner:bundleReleaseLocalLintAar' because:
[        ]   Build cache is disabled
[        ]   Caching has been disabled for the task
[        ] Skipping task ':mobile_scanner:bundleReleaseLocalLintAar' as it is up-to-date.
[        ] work action resolve out.aar (project :mobile_scanner) (Thread[Execution worker Thread 7,5,main]) started.
[        ] work action resolve out.aar (project :mobile_scanner) (Thread[Execution worker Thread 7,5,main]) started.
[        ] ExtractAarTransform (Thread[Execution worker Thread 7,5,main]) started.
[        ] Resolve mutations for :package_info_plus:stripReleaseDebugSymbols (Thread[Execution worker Thread 3,5,main]) started.
[   +1 ms] ExtractAarTransform (Thread[included builds,5,main]) started.
[        ] :package_info_plus:stripReleaseDebugSymbols (Thread[Execution worker Thread 3,5,main]) started.
[        ] > Task :package_info_plus:stripReleaseDebugSymbols NO-SOURCE
[        ] Skipping task ':package_info_plus:stripReleaseDebugSymbols' as it has no source files and no previous output files.
[        ] Resolve mutations for :package_info_plus:copyReleaseJniLibsProjectAndLocalJars (Thread[Execution worker Thread 3,5,main]) started.
[        ] :package_info_plus:copyReleaseJniLibsProjectAndLocalJars (Thread[Execution worker Thread 8,5,main]) started.
[        ] > Task :package_info_plus:copyReleaseJniLibsProjectAndLocalJars UP-TO-DATE
[        ] Caching disabled for task ':package_info_plus:copyReleaseJniLibsProjectAndLocalJars' because:
[        ]   Build cache is disabled
[        ]   Caching has been disabled for the task
[        ] Skipping task ':package_info_plus:copyReleaseJniLibsProjectAndLocalJars' as it is up-to-date.
[        ] Resolve mutations for :package_info_plus:extractDeepLinksForAarRelease (Thread[Execution worker Thread 8,5,main]) started.
[        ] :package_info_plus:extractDeepLinksForAarRelease (Thread[Execution worker Thread 8,5,main]) started.
[        ] > Task :package_info_plus:extractDeepLinksForAarRelease UP-TO-DATE
[        ] Caching disabled for task ':package_info_plus:extractDeepLinksForAarRelease' because:
[        ]   Build cache is disabled
[        ] Skipping task ':package_info_plus:extractDeepLinksForAarRelease' as it is up-to-date.
[        ] Resolve mutations for :package_info_plus:extractReleaseAnnotations (Thread[Execution worker Thread 8,5,main]) started.
[        ] :package_info_plus:extractReleaseAnnotations (Thread[Execution worker Thread 11,5,main]) started.
[        ] > Task :package_info_plus:extractReleaseAnnotations UP-TO-DATE
[        ] Caching disabled for task ':package_info_plus:extractReleaseAnnotations' because:
[        ]   Build cache is disabled
[        ] Skipping task ':package_info_plus:extractReleaseAnnotations' as it is up-to-date.
[        ] Resolve mutations for :package_info_plus:mergeReleaseConsumerProguardFiles (Thread[Execution worker Thread 11,5,main]) started.
[        ] :package_info_plus:mergeReleaseConsumerProguardFiles (Thread[Execution worker Thread 11,5,main]) started.
[        ] > Task :package_info_plus:mergeReleaseConsumerProguardFiles UP-TO-DATE
[        ] Caching disabled for task ':package_info_plus:mergeReleaseConsumerProguardFiles' because:
[        ]   Build cache is disabled
[        ]   Simple merging task
[        ] Skipping task ':package_info_plus:mergeReleaseConsumerProguardFiles' as it is up-to-date.
[        ] Resolve mutations for :package_info_plus:mergeReleaseJavaResource (Thread[Execution worker Thread 11,5,main]) started.
[        ] :package_info_plus:mergeReleaseJavaResource (Thread[Execution worker Thread 11,5,main]) started.
[        ] > Task :package_info_plus:mergeReleaseJavaResource UP-TO-DATE
[        ] Caching disabled for task ':package_info_plus:mergeReleaseJavaResource' because:
[        ]   Build cache is disabled
[        ]   Caching has been disabled for the task
[        ] Skipping task ':package_info_plus:mergeReleaseJavaResource' as it is up-to-date.
[        ] Resolve mutations for :package_info_plus:syncReleaseLibJars (Thread[Execution worker Thread 11,5,main]) started.
[        ] :package_info_plus:syncReleaseLibJars (Thread[Execution worker Thread 4,5,main]) started.
[        ] > Task :package_info_plus:syncReleaseLibJars UP-TO-DATE
[        ] Caching disabled for task ':package_info_plus:syncReleaseLibJars' because:
[        ]   Build cache is disabled
[        ] Skipping task ':package_info_plus:syncReleaseLibJars' as it is up-to-date.
[        ] Resolve mutations for :package_info_plus:bundleReleaseLocalLintAar (Thread[Execution worker Thread 4,5,main]) started.
[        ] :package_info_plus:bundleReleaseLocalLintAar (Thread[Execution worker Thread 4,5,main]) started.
[        ] > Task :package_info_plus:bundleReleaseLocalLintAar UP-TO-DATE
[        ] Caching disabled for task ':package_info_plus:bundleReleaseLocalLintAar' because:
[        ]   Build cache is disabled
[        ]   Caching has been disabled for the task
[        ] Skipping task ':package_info_plus:bundleReleaseLocalLintAar' as it is up-to-date.
[        ] work action resolve out.aar (project :package_info_plus) (Thread[Execution worker Thread 4,5,main]) started.
[        ] work action resolve out.aar (project :package_info_plus) (Thread[Execution worker Thread 4,5,main]) started.
[        ] Resolve mutations for :path_provider_android:stripReleaseDebugSymbols (Thread[Execution worker Thread 4,5,main]) started.
[        ] ExtractAarTransform (Thread[included builds,5,main]) started.
[        ] ExtractAarTransform (Thread[Execution worker Thread 8,5,main]) started.
[        ] :path_provider_android:stripReleaseDebugSymbols (Thread[Execution worker Thread 4,5,main]) started.
[        ] > Task :path_provider_android:stripReleaseDebugSymbols NO-SOURCE
[        ] Skipping task ':path_provider_android:stripReleaseDebugSymbols' as it has no source files and no previous output files.
[        ] Resolve mutations for :path_provider_android:copyReleaseJniLibsProjectAndLocalJars (Thread[Execution worker Thread 4,5,main]) started.
[        ] :path_provider_android:copyReleaseJniLibsProjectAndLocalJars (Thread[Execution worker Thread 4,5,main]) started.
[        ] > Task :path_provider_android:copyReleaseJniLibsProjectAndLocalJars UP-TO-DATE
[        ] Caching disabled for task ':path_provider_android:copyReleaseJniLibsProjectAndLocalJars' because:
[        ]   Build cache is disabled
[        ]   Caching has been disabled for the task
[        ] Skipping task ':path_provider_android:copyReleaseJniLibsProjectAndLocalJars' as it is up-to-date.
[        ] Resolve mutations for :path_provider_android:extractDeepLinksForAarRelease (Thread[Execution worker Thread 4,5,main]) started.
[        ] :path_provider_android:extractDeepLinksForAarRelease (Thread[Execution worker Thread 4,5,main]) started.
[        ] > Task :path_provider_android:extractDeepLinksForAarRelease UP-TO-DATE
[        ] Caching disabled for task ':path_provider_android:extractDeepLinksForAarRelease' because:
[        ]   Build cache is disabled
[        ] Skipping task ':path_provider_android:extractDeepLinksForAarRelease' as it is up-to-date.
[   +1 ms] Resolve mutations for :path_provider_android:extractReleaseAnnotations (Thread[Execution worker Thread 4,5,main]) started.
[        ] :path_provider_android:extractReleaseAnnotations (Thread[Execution worker Thread 3,5,main]) started.
[        ] > Task :path_provider_android:extractReleaseAnnotations UP-TO-DATE
[        ] Caching disabled for task ':path_provider_android:extractReleaseAnnotations' because:
[        ]   Build cache is disabled
[        ] Skipping task ':path_provider_android:extractReleaseAnnotations' as it is up-to-date.
[        ] Resolve mutations for :path_provider_android:mergeReleaseConsumerProguardFiles (Thread[Execution worker Thread 3,5,main]) started.
[        ] :path_provider_android:mergeReleaseConsumerProguardFiles (Thread[Execution worker Thread 3,5,main]) started.
[        ] > Task :path_provider_android:mergeReleaseConsumerProguardFiles UP-TO-DATE
[        ] Caching disabled for task ':path_provider_android:mergeReleaseConsumerProguardFiles' because:
[        ]   Build cache is disabled
[        ]   Simple merging task
[        ] Skipping task ':path_provider_android:mergeReleaseConsumerProguardFiles' as it is up-to-date.
[        ] Resolve mutations for :path_provider_android:mergeReleaseJavaResource (Thread[Execution worker Thread 3,5,main]) started.
[        ] :path_provider_android:mergeReleaseJavaResource (Thread[Execution worker Thread 3,5,main]) started.
[        ] > Task :path_provider_android:mergeReleaseJavaResource UP-TO-DATE
[        ] Caching disabled for task ':path_provider_android:mergeReleaseJavaResource' because:
[        ]   Build cache is disabled
[        ]   Caching has been disabled for the task
[        ] Skipping task ':path_provider_android:mergeReleaseJavaResource' as it is up-to-date.
[        ] Resolve mutations for :path_provider_android:syncReleaseLibJars (Thread[Execution worker Thread 3,5,main]) started.
[        ] :path_provider_android:syncReleaseLibJars (Thread[Execution worker Thread 6,5,main]) started.
[        ] > Task :path_provider_android:syncReleaseLibJars UP-TO-DATE
[        ] Caching disabled for task ':path_provider_android:syncReleaseLibJars' because:
[        ]   Build cache is disabled
[        ] Skipping task ':path_provider_android:syncReleaseLibJars' as it is up-to-date.
[        ] Resolve mutations for :path_provider_android:bundleReleaseLocalLintAar (Thread[Execution worker Thread 6,5,main]) started.
[        ] :path_provider_android:bundleReleaseLocalLintAar (Thread[Execution worker Thread 6,5,main]) started.
[        ] > Task :path_provider_android:bundleReleaseLocalLintAar UP-TO-DATE
[        ] Caching disabled for task ':path_provider_android:bundleReleaseLocalLintAar' because:
[        ]   Build cache is disabled
[        ]   Caching has been disabled for the task
[        ] Skipping task ':path_provider_android:bundleReleaseLocalLintAar' as it is up-to-date.
[        ] work action resolve out.aar (project :path_provider_android) (Thread[Execution worker Thread 6,5,main]) started.
[        ] work action resolve out.aar (project :path_provider_android) (Thread[Execution worker Thread 6,5,main]) started.
[        ] ExtractAarTransform (Thread[Execution worker Thread 4,5,main]) started.
[        ] ExtractAarTransform (Thread[Execution worker Thread 6,5,main]) started.
[        ] Resolve mutations for :shared_preferences_android:stripReleaseDebugSymbols (Thread[Execution worker Thread 3,5,main]) started.
[        ] :shared_preferences_android:stripReleaseDebugSymbols (Thread[Execution worker Thread 3,5,main]) started.
[        ] > Task :shared_preferences_android:stripReleaseDebugSymbols NO-SOURCE
[        ] Skipping task ':shared_preferences_android:stripReleaseDebugSymbols' as it has no source files and no previous output files.
[        ] Resolve mutations for :shared_preferences_android:copyReleaseJniLibsProjectAndLocalJars (Thread[Execution worker Thread 3,5,main]) started.
[        ] :shared_preferences_android:copyReleaseJniLibsProjectAndLocalJars (Thread[Execution worker Thread 6,5,main]) started.
[        ] > Task :shared_preferences_android:copyReleaseJniLibsProjectAndLocalJars UP-TO-DATE
[        ] Caching disabled for task ':shared_preferences_android:copyReleaseJniLibsProjectAndLocalJars' because:
[        ]   Build cache is disabled
[        ]   Caching has been disabled for the task
[        ] Skipping task ':shared_preferences_android:copyReleaseJniLibsProjectAndLocalJars' as it is up-to-date.
[        ] Resolve mutations for :shared_preferences_android:extractDeepLinksForAarRelease (Thread[Execution worker Thread 6,5,main]) started.
[        ] :shared_preferences_android:extractDeepLinksForAarRelease (Thread[Execution worker Thread 11,5,main]) started.
[        ] > Task :shared_preferences_android:extractDeepLinksForAarRelease UP-TO-DATE
[        ] Caching disabled for task ':shared_preferences_android:extractDeepLinksForAarRelease' because:
[        ]   Build cache is disabled
[        ] Skipping task ':shared_preferences_android:extractDeepLinksForAarRelease' as it is up-to-date.
[        ] Resolve mutations for :shared_preferences_android:extractReleaseAnnotations (Thread[Execution worker Thread 11,5,main]) started.
[        ] :shared_preferences_android:extractReleaseAnnotations (Thread[Execution worker Thread 8,5,main]) started.
[  +83 ms] > Task :shared_preferences_android:extractReleaseAnnotations UP-TO-DATE
[        ] Caching disabled for task ':shared_preferences_android:extractReleaseAnnotations' because:
[        ]   Build cache is disabled
[        ] Skipping task ':shared_preferences_android:extractReleaseAnnotations' as it is up-to-date.
[        ] Resolve mutations for :shared_preferences_android:mergeReleaseConsumerProguardFiles (Thread[Execution worker Thread 8,5,main]) started.
[        ] :shared_preferences_android:mergeReleaseConsumerProguardFiles (Thread[Execution worker Thread 8,5,main]) started.
[        ] > Task :shared_preferences_android:mergeReleaseConsumerProguardFiles UP-TO-DATE
[        ] Caching disabled for task ':shared_preferences_android:mergeReleaseConsumerProguardFiles' because:
[        ]   Build cache is disabled
[        ]   Simple merging task
[        ] Skipping task ':shared_preferences_android:mergeReleaseConsumerProguardFiles' as it is up-to-date.
[        ] Resolve mutations for :shared_preferences_android:mergeReleaseJavaResource (Thread[Execution worker Thread 8,5,main]) started.
[        ] :shared_preferences_android:mergeReleaseJavaResource (Thread[Execution worker Thread 3,5,main]) started.
[        ] > Task :shared_preferences_android:mergeReleaseJavaResource UP-TO-DATE
[        ] Caching disabled for task ':shared_preferences_android:mergeReleaseJavaResource' because:
[        ]   Build cache is disabled
[        ]   Caching has been disabled for the task
[        ] Skipping task ':shared_preferences_android:mergeReleaseJavaResource' as it is up-to-date.
[        ] Resolve mutations for :shared_preferences_android:syncReleaseLibJars (Thread[Execution worker Thread 8,5,main]) started.
[        ] :shared_preferences_android:syncReleaseLibJars (Thread[Execution worker Thread 8,5,main]) started.
[        ] > Task :shared_preferences_android:syncReleaseLibJars UP-TO-DATE
[        ] Caching disabled for task ':shared_preferences_android:syncReleaseLibJars' because:
[        ]   Build cache is disabled
[        ] Skipping task ':shared_preferences_android:syncReleaseLibJars' as it is up-to-date.
[        ] Resolve mutations for :shared_preferences_android:bundleReleaseLocalLintAar (Thread[Execution worker Thread 8,5,main]) started.
[        ] :shared_preferences_android:bundleReleaseLocalLintAar (Thread[Execution worker Thread 8,5,main]) started.
[        ] > Task :shared_preferences_android:bundleReleaseLocalLintAar UP-TO-DATE
[        ] Caching disabled for task ':shared_preferences_android:bundleReleaseLocalLintAar' because:
[        ]   Build cache is disabled
[        ]   Caching has been disabled for the task
[        ] Skipping task ':shared_preferences_android:bundleReleaseLocalLintAar' as it is up-to-date.
[        ] work action resolve out.aar (project :shared_preferences_android) (Thread[Execution worker Thread 8,5,main]) started.
[        ] work action resolve out.aar (project :shared_preferences_android) (Thread[Execution worker Thread 8,5,main]) started.
[        ] ExtractAarTransform (Thread[Execution worker Thread 7,5,main]) started.
[        ] ExtractAarTransform (Thread[Execution worker Thread 3,5,main]) started.
[        ] Resolve mutations for :sqflite_android:stripReleaseDebugSymbols (Thread[Execution worker Thread 8,5,main]) started.
[        ] :sqflite_android:stripReleaseDebugSymbols (Thread[Execution worker Thread 7,5,main]) started.
[        ] > Task :sqflite_android:stripReleaseDebugSymbols NO-SOURCE
[        ] Skipping task ':sqflite_android:stripReleaseDebugSymbols' as it has no source files and no previous output files.
[        ] Resolve mutations for :sqflite_android:copyReleaseJniLibsProjectAndLocalJars (Thread[Execution worker Thread 7,5,main]) started.
[        ] :sqflite_android:copyReleaseJniLibsProjectAndLocalJars (Thread[Execution worker Thread 7,5,main]) started.
[        ] > Task :sqflite_android:copyReleaseJniLibsProjectAndLocalJars UP-TO-DATE
[        ] Caching disabled for task ':sqflite_android:copyReleaseJniLibsProjectAndLocalJars' because:
[        ]   Build cache is disabled
[        ]   Caching has been disabled for the task
[        ] Skipping task ':sqflite_android:copyReleaseJniLibsProjectAndLocalJars' as it is up-to-date.
[        ] Resolve mutations for :sqflite_android:extractDeepLinksForAarRelease (Thread[Execution worker Thread 7,5,main]) started.
[        ] :sqflite_android:extractDeepLinksForAarRelease (Thread[Execution worker Thread 7,5,main]) started.
[        ] > Task :sqflite_android:extractDeepLinksForAarRelease UP-TO-DATE
[        ] Caching disabled for task ':sqflite_android:extractDeepLinksForAarRelease' because:
[        ]   Build cache is disabled
[        ] Skipping task ':sqflite_android:extractDeepLinksForAarRelease' as it is up-to-date.
[        ] Resolve mutations for :sqflite_android:extractReleaseAnnotations (Thread[Execution worker Thread 7,5,main]) started.
[        ] :sqflite_android:extractReleaseAnnotations (Thread[Execution worker Thread 7,5,main]) started.
[        ] > Task :sqflite_android:extractReleaseAnnotations UP-TO-DATE
[        ] Caching disabled for task ':sqflite_android:extractReleaseAnnotations' because:
[        ]   Build cache is disabled
[        ] Skipping task ':sqflite_android:extractReleaseAnnotations' as it is up-to-date.
[        ] Resolve mutations for :sqflite_android:mergeReleaseConsumerProguardFiles (Thread[Execution worker Thread 2,5,main]) started.
[        ] :sqflite_android:mergeReleaseConsumerProguardFiles (Thread[Execution worker Thread 2,5,main]) started.
[        ] > Task :sqflite_android:mergeReleaseConsumerProguardFiles UP-TO-DATE
[        ] Caching disabled for task ':sqflite_android:mergeReleaseConsumerProguardFiles' because:
[        ]   Build cache is disabled
[        ]   Simple merging task
[        ] Skipping task ':sqflite_android:mergeReleaseConsumerProguardFiles' as it is up-to-date.
[        ] Resolve mutations for :sqflite_android:mergeReleaseJavaResource (Thread[Execution worker Thread 2,5,main]) started.
[        ] :sqflite_android:mergeReleaseJavaResource (Thread[included builds,5,main]) started.
[        ] > Task :sqflite_android:mergeReleaseJavaResource UP-TO-DATE
[        ] Caching disabled for task ':sqflite_android:mergeReleaseJavaResource' because:
[        ]   Build cache is disabled
[        ]   Caching has been disabled for the task
[        ] Skipping task ':sqflite_android:mergeReleaseJavaResource' as it is up-to-date.
[        ] Resolve mutations for :sqflite_android:syncReleaseLibJars (Thread[included builds,5,main]) started.
[        ] :sqflite_android:syncReleaseLibJars (Thread[included builds,5,main]) started.
[        ] > Task :sqflite_android:syncReleaseLibJars UP-TO-DATE
[        ] Caching disabled for task ':sqflite_android:syncReleaseLibJars' because:
[        ]   Build cache is disabled
[        ] Skipping task ':sqflite_android:syncReleaseLibJars' as it is up-to-date.
[        ] Resolve mutations for :sqflite_android:bundleReleaseLocalLintAar (Thread[included builds,5,main]) started.
[        ] :sqflite_android:bundleReleaseLocalLintAar (Thread[included builds,5,main]) started.
[        ] > Task :sqflite_android:bundleReleaseLocalLintAar UP-TO-DATE
[        ] Caching disabled for task ':sqflite_android:bundleReleaseLocalLintAar' because:
[        ]   Build cache is disabled
[        ]   Caching has been disabled for the task
[        ] Skipping task ':sqflite_android:bundleReleaseLocalLintAar' as it is up-to-date.
[        ] work action resolve out.aar (project :sqflite_android) (Thread[included builds,5,main]) started.
[        ] work action resolve out.aar (project :sqflite_android) (Thread[included builds,5,main]) started.
[        ] Resolve mutations for :url_launcher_android:stripReleaseDebugSymbols (Thread[included builds,5,main]) started.
[        ] ExtractAarTransform (Thread[Execution worker Thread 2,5,main]) started.
[        ] ExtractAarTransform (Thread[Execution worker,5,main]) started.
[        ] :url_launcher_android:stripReleaseDebugSymbols (Thread[Execution worker Thread 9,5,main]) started.
[        ] > Task :url_launcher_android:stripReleaseDebugSymbols NO-SOURCE
[        ] Skipping task ':url_launcher_android:stripReleaseDebugSymbols' as it has no source files and no previous output files.
[        ] Resolve mutations for :url_launcher_android:copyReleaseJniLibsProjectAndLocalJars (Thread[Execution worker Thread 9,5,main]) started.
[        ] :url_launcher_android:copyReleaseJniLibsProjectAndLocalJars (Thread[Execution worker Thread 10,5,main]) started.
[        ] > Task :url_launcher_android:copyReleaseJniLibsProjectAndLocalJars UP-TO-DATE
[        ] Caching disabled for task ':url_launcher_android:copyReleaseJniLibsProjectAndLocalJars' because:
[        ]   Build cache is disabled
[        ]   Caching has been disabled for the task
[        ] Skipping task ':url_launcher_android:copyReleaseJniLibsProjectAndLocalJars' as it is up-to-date.
[        ] Resolve mutations for :url_launcher_android:extractDeepLinksForAarRelease (Thread[Execution worker Thread 10,5,main]) started.
[        ] :url_launcher_android:extractDeepLinksForAarRelease (Thread[Execution worker Thread 10,5,main]) started.
[        ] > Task :url_launcher_android:extractDeepLinksForAarRelease UP-TO-DATE
[        ] Caching disabled for task ':url_launcher_android:extractDeepLinksForAarRelease' because:
[        ]   Build cache is disabled
[        ] Skipping task ':url_launcher_android:extractDeepLinksForAarRelease' as it is up-to-date.
[        ] Resolve mutations for :url_launcher_android:extractReleaseAnnotations (Thread[Execution worker Thread 10,5,main]) started.
[        ] :url_launcher_android:extractReleaseAnnotations (Thread[Execution worker Thread 10,5,main]) started.
[        ] > Task :url_launcher_android:extractReleaseAnnotations UP-TO-DATE
[        ] Caching disabled for task ':url_launcher_android:extractReleaseAnnotations' because:
[        ]   Build cache is disabled
[        ] Skipping task ':url_launcher_android:extractReleaseAnnotations' as it is up-to-date.
[        ] Resolve mutations for :url_launcher_android:mergeReleaseConsumerProguardFiles (Thread[Execution worker Thread 10,5,main]) started.
[        ] :url_launcher_android:mergeReleaseConsumerProguardFiles (Thread[Execution worker Thread 11,5,main]) started.
[        ] > Task :url_launcher_android:mergeReleaseConsumerProguardFiles UP-TO-DATE
[        ] Caching disabled for task ':url_launcher_android:mergeReleaseConsumerProguardFiles' because:
[        ]   Build cache is disabled
[        ]   Simple merging task
[        ] Skipping task ':url_launcher_android:mergeReleaseConsumerProguardFiles' as it is up-to-date.
[        ] Resolve mutations for :url_launcher_android:mergeReleaseJavaResource (Thread[Execution worker Thread 11,5,main]) started.
[        ] :url_launcher_android:mergeReleaseJavaResource (Thread[Execution worker Thread 11,5,main]) started.
[        ] > Task :url_launcher_android:mergeReleaseJavaResource UP-TO-DATE
[        ] Caching disabled for task ':url_launcher_android:mergeReleaseJavaResource' because:
[        ]   Build cache is disabled
[        ]   Caching has been disabled for the task
[        ] Skipping task ':url_launcher_android:mergeReleaseJavaResource' as it is up-to-date.
[        ] Resolve mutations for :url_launcher_android:syncReleaseLibJars (Thread[Execution worker Thread 11,5,main]) started.
[        ] :url_launcher_android:syncReleaseLibJars (Thread[Execution worker Thread 7,5,main]) started.
[        ] > Task :url_launcher_android:syncReleaseLibJars UP-TO-DATE
[        ] Caching disabled for task ':url_launcher_android:syncReleaseLibJars' because:
[        ]   Build cache is disabled
[        ] Skipping task ':url_launcher_android:syncReleaseLibJars' as it is up-to-date.
[        ] Resolve mutations for :url_launcher_android:bundleReleaseLocalLintAar (Thread[Execution worker Thread 7,5,main]) started.
[        ] :url_launcher_android:bundleReleaseLocalLintAar (Thread[Execution worker Thread 3,5,main]) started.
[        ] > Task :url_launcher_android:bundleReleaseLocalLintAar UP-TO-DATE
[        ] Caching disabled for task ':url_launcher_android:bundleReleaseLocalLintAar' because:
[        ]   Build cache is disabled
[        ]   Caching has been disabled for the task
[        ] Skipping task ':url_launcher_android:bundleReleaseLocalLintAar' as it is up-to-date.
[        ] work action resolve out.aar (project :url_launcher_android) (Thread[Execution worker Thread 3,5,main]) started.
[        ] work action resolve out.aar (project :url_launcher_android) (Thread[Execution worker Thread 3,5,main]) started.
[        ] ExtractAarTransform (Thread[Execution worker Thread 3,5,main]) started.
[        ] ExtractAarTransform (Thread[Execution worker Thread 11,5,main]) started.
[        ] Resolve mutations for :flutter_plugin_android_lifecycle:writeReleaseLintModelMetadata (Thread[Execution worker Thread 2,5,main]) started.
[        ] :flutter_plugin_android_lifecycle:writeReleaseLintModelMetadata (Thread[Execution worker Thread 2,5,main]) started.
[        ] > Task :flutter_plugin_android_lifecycle:writeReleaseLintModelMetadata UP-TO-DATE
[        ] Caching disabled for task ':flutter_plugin_android_lifecycle:writeReleaseLintModelMetadata' because:
[        ]   Build cache is disabled
[        ]   Caching has been disabled for the task
[        ] Skipping task ':flutter_plugin_android_lifecycle:writeReleaseLintModelMetadata' as it is up-to-date.
[        ] work action resolve lint-model-metadata.properties (project :flutter_plugin_android_lifecycle) (Thread[Execution worker Thread 2,5,main]) started.
[        ] work action resolve lint-model-metadata.properties (project :flutter_plugin_android_lifecycle) (Thread[Execution worker Thread 3,5,main]) started.
[        ] Resolve mutations for :file_picker:lintVitalAnalyzeRelease (Thread[Execution worker Thread 3,5,main]) started.
[        ] :file_picker:lintVitalAnalyzeRelease (Thread[Execution worker Thread 3,5,main]) started.
[  +85 ms] > Task :file_picker:lintVitalAnalyzeRelease FAILED
[        ] Caching disabled for task ':file_picker:lintVitalAnalyzeRelease' because:
[        ]   Build cache is disabled
[        ] Task ':file_picker:lintVitalAnalyzeRelease' is not up-to-date because:
[        ]   Task has failed previously.
[ +800 ms] Build c7203475-39c0-4447-a304-8b1acee584b4 is closed
[        ] [Incubating] Problems report is available at: file:///C:/Users/GHANEM/Desktop/project_flutter/football/build/reports/problems/problems-report.html
flutter : [        ] FAILURE: Build failed with an exception.
At line:1 char:1
+ flutter build appbundle --release --verbose > build_output.txt 2>&1 ; ...
+ ~~~~~~~~~~~~~~~~~~~~~~~~~~~~~~~~~~~~~~~~~~~~~~~~~~~~~~~~~~~~~~~~~~~
    + CategoryInfo          : NotSpecified: ([        ] FAIL...h an exception.:String) [], 
    RemoteException
    + FullyQualifiedErrorId : NativeCommandError
 
[   +1 ms] * What went wrong:
[        ] Execution failed for task ':file_picker:lintVitalAnalyzeRelease'.
[        ] > java.nio.file.FileSystemException: C:\Users\GHANEM\Desktop\project_flutter\foo
tball\build\file_picker\intermediates\lint-cache\lintVitalAnalyzeRelease\migrated-jars\andr
oidx.lifecycle.lint.LiveDataCoreIssueRegistry-32b654e6cacc2c23..jar: The process cannot 
access the file because it is being used by another process
[        ] * Try:
[        ] > Run with --debug option to get more log output.
[        ] > Run with --scan to get full insights.
[        ] > Get more help at https://help.gradle.org.
[        ] * Exception is:
[        ] org.gradle.api.tasks.TaskExecutionException: Execution failed for task 
':file_picker:lintVitalAnalyzeRelease'.
[        ] 	at org.gradle.api.internal.tasks.execution.ExecuteActionsTaskExecuter.lambda$ex
ecuteIfValid$1(ExecuteActionsTaskExecuter.java:130)
[        ] 	at org.gradle.internal.Try$Failure.ifSuccessfulOrElse(Try.java:293)
[        ] 	at org.gradle.api.internal.tasks.execution.ExecuteActionsTaskExecuter.executeIf
Valid(ExecuteActionsTaskExecuter.java:128)
[        ] 	at org.gradle.api.internal.tasks.execution.ExecuteActionsTaskExecuter.execute(E
xecuteActionsTaskExecuter.java:116)
[        ] 	at org.gradle.api.internal.tasks.execution.ProblemsTaskPathTrackingTaskExecuter
.execute(ProblemsTaskPathTrackingTaskExecuter.java:41)
[        ] 	at org.gradle.api.internal.tasks.execution.FinalizePropertiesTaskExecuter.execu
te(FinalizePropertiesTaskExecuter.java:46)
[        ] 	at org.gradle.api.internal.tasks.execution.ResolveTaskExecutionModeExecuter.exe
cute(ResolveTaskExecutionModeExecuter.java:51)
[        ] 	at org.gradle.api.internal.tasks.execution.SkipTaskWithNoActionsExecuter.execut
e(SkipTaskWithNoActionsExecuter.java:57)
[        ] 	at org.gradle.api.internal.tasks.execution.SkipOnlyIfTaskExecuter.execute(SkipO
nlyIfTaskExecuter.java:74)
[        ] 	at org.gradle.api.internal.tasks.execution.CatchExceptionTaskExecuter.execute(C
atchExceptionTaskExecuter.java:36)
[        ] 	at org.gradle.api.internal.tasks.execution.EventFiringTaskExecuter$1.executeTas
k(EventFiringTaskExecuter.java:77)
[        ] 	at org.gradle.api.internal.tasks.execution.EventFiringTaskExecuter$1.call(Event
FiringTaskExecuter.java:55)
[        ] 	at org.gradle.api.internal.tasks.execution.EventFiringTaskExecuter$1.call(Event
FiringTaskExecuter.java:52)
[        ] 	at org.gradle.internal.operations.DefaultBuildOperationRunner$CallableBuildOper
ationWorker.execute(DefaultBuildOperationRunner.java:210)
[        ] 	at org.gradle.internal.operations.DefaultBuildOperationRunner$CallableBuildOper
ationWorker.execute(DefaultBuildOperationRunner.java:205)
[        ] 	at org.gradle.internal.operations.DefaultBuildOperationRunner$2.execute(Default
BuildOperationRunner.java:67)
[        ] 	at org.gradle.internal.operations.DefaultBuildOperationRunner$2.execute(Default
BuildOperationRunner.java:60)
[        ] 	at org.gradle.internal.operations.DefaultBuildOperationRunner.execute(DefaultBu
ildOperationRunner.java:167)
[        ] 	at org.gradle.internal.operations.DefaultBuildOperationRunner.execute(DefaultBu
ildOperationRunner.java:60)
[        ] 	at org.gradle.internal.operations.DefaultBuildOperationRunner.call(DefaultBuild
OperationRunner.java:54)
[        ] 	at org.gradle.api.internal.tasks.execution.EventFiringTaskExecuter.execute(Even
tFiringTaskExecuter.java:52)
[        ] 	at 
org.gradle.execution.plan.LocalTaskNodeExecutor.execute(LocalTaskNodeExecutor.java:42)
[        ] 	at org.gradle.execution.taskgraph.DefaultTaskExecutionGraph$InvokeNodeExecutors
Action.execute(DefaultTaskExecutionGraph.java:331)
[        ] 	at org.gradle.execution.taskgraph.DefaultTaskExecutionGraph$InvokeNodeExecutors
Action.execute(DefaultTaskExecutionGraph.java:318)
[        ] 	at org.gradle.execution.taskgraph.DefaultTaskExecutionGraph$BuildOperationAware
ExecutionAction.lambda$execute$0(DefaultTaskExecutionGraph.java:314)
[        ] 	at org.gradle.internal.operations.CurrentBuildOperationRef.with(CurrentBuildOpe
rationRef.java:85)
[        ] 	at org.gradle.execution.taskgraph.DefaultTaskExecutionGraph$BuildOperationAware
ExecutionAction.execute(DefaultTaskExecutionGraph.java:314)
[        ] 	at org.gradle.execution.taskgraph.DefaultTaskExecutionGraph$BuildOperationAware
ExecutionAction.execute(DefaultTaskExecutionGraph.java:303)
[        ] 	at org.gradle.execution.plan.DefaultPlanExecutor$ExecutorWorker.execute(Default
PlanExecutor.java:459)
[        ] 	at org.gradle.execution.plan.DefaultPlanExecutor$ExecutorWorker.run(DefaultPlan
Executor.java:376)
[        ] 	at org.gradle.internal.concurrent.ExecutorPolicy$CatchAndRecordFailures.onExecu
te(ExecutorPolicy.java:64)
[        ] 	at org.gradle.internal.concurrent.AbstractManagedExecutor$1.run(AbstractManaged
Executor.java:48)
[        ] 	at 
java.base/java.util.concurrent.ThreadPoolExecutor.runWorker(ThreadPoolExecutor.java:1136)
[        ] 	at 
java.base/java.util.concurrent.ThreadPoolExecutor$Worker.run(ThreadPoolExecutor.java:635)
[        ] 	at java.base/java.lang.Thread.run(Thread.java:840)
[        ] Caused by: org.gradle.api.UncheckedIOException: 
java.nio.file.FileSystemException: C:\Users\GHANEM\Desktop\project_flutter\football\build\f
ile_picker\intermediates\lint-cache\lintVitalAnalyzeRelease\migrated-jars\androidx.lifecycl
e.lint.LiveDataCoreIssueRegistry-32b654e6cacc2c23..jar: The process cannot access the file 
because it is being used by another process
[        ] 	at org.gradle.internal.UncheckedException.throwAsUncheckedException(UncheckedEx
ception.java:63)
[        ] 	at org.gradle.internal.UncheckedException.throwAsUncheckedException(UncheckedEx
ception.java:42)
[        ] 	at org.gradle.internal.reflect.JavaMethod.invoke(JavaMethod.java:128)
[        ] 	at org.gradle.api.internal.project.taskfactory.StandardTaskAction.doExecute(Sta
ndardTaskAction.java:58)
[        ] 	at org.gradle.api.internal.project.taskfactory.StandardTaskAction.execute(Stand
ardTaskAction.java:51)
[        ] 	at org.gradle.api.internal.project.taskfactory.StandardTaskAction.execute(Stand
ardTaskAction.java:29)
[        ] 	at 
org.gradle.api.internal.tasks.execution.TaskExecution$3.run(TaskExecution.java:244)
[        ] 	at org.gradle.internal.operations.DefaultBuildOperationRunner$1.execute(Default
BuildOperationRunner.java:30)
[        ] 	at org.gradle.internal.operations.DefaultBuildOperationRunner$1.execute(Default
BuildOperationRunner.java:27)
[        ] 	at org.gradle.internal.operations.DefaultBuildOperationRunner$2.execute(Default
BuildOperationRunner.java:67)
[        ] 	at org.gradle.internal.operations.DefaultBuildOperationRunner$2.execute(Default
BuildOperationRunner.java:60)
[        ] 	at org.gradle.internal.operations.DefaultBuildOperationRunner.execute(DefaultBu
ildOperationRunner.java:167)
[        ] 	at org.gradle.internal.operations.DefaultBuildOperationRunner.execute(DefaultBu
ildOperationRunner.java:60)
[        ] 	at org.gradle.internal.operations.DefaultBuildOperationRunner.run(DefaultBuildO
perationRunner.java:48)
[        ] 	at 
org.gradle.api.internal.tasks.execution.TaskExecution.executeAction(TaskExecution.java:229)
[        ] 	at org.gradle.api.internal.tasks.execution.TaskExecution.executeActions(TaskExe
cution.java:212)
[        ] 	at org.gradle.api.internal.tasks.execution.TaskExecution.executeWithPreviousOut
putFiles(TaskExecution.java:195)
[        ] 	at 
org.gradle.api.internal.tasks.execution.TaskExecution.execute(TaskExecution.java:162)
[        ] 	at 
org.gradle.internal.execution.steps.ExecuteStep.executeInternal(ExecuteStep.java:105)
[        ] 	at 
org.gradle.internal.execution.steps.ExecuteStep.access$000(ExecuteStep.java:44)
[        ] 	at org.gradle.internal.execution.steps.ExecuteStep$1.call(ExecuteStep.java:59)
[        ] 	at org.gradle.internal.execution.steps.ExecuteStep$1.call(ExecuteStep.java:56)
[        ] 	at org.gradle.internal.operations.DefaultBuildOperationRunner$CallableBuildOper
ationWorker.execute(DefaultBuildOperationRunner.java:210)
[        ] 	at org.gradle.internal.operations.DefaultBuildOperationRunner$CallableBuildOper
ationWorker.execute(DefaultBuildOperationRunner.java:205)
[        ] 	at org.gradle.internal.operations.DefaultBuildOperationRunner$2.execute(Default
BuildOperationRunner.java:67)
[        ] 	at org.gradle.internal.operations.DefaultBuildOperationRunner$2.execute(Default
BuildOperationRunner.java:60)
[        ] 	at org.gradle.internal.operations.DefaultBuildOperationRunner.execute(DefaultBu
ildOperationRunner.java:167)
[        ] 	at org.gradle.internal.operations.DefaultBuildOperationRunner.execute(DefaultBu
ildOperationRunner.java:60)
[        ] 	at org.gradle.internal.operations.DefaultBuildOperationRunner.call(DefaultBuild
OperationRunner.java:54)
[        ] 	at org.gradle.internal.execution.steps.ExecuteStep.execute(ExecuteStep.java:56)
[        ] 	at org.gradle.internal.execution.steps.ExecuteStep.execute(ExecuteStep.java:44)
[        ] 	at org.gradle.internal.execution.steps.CancelExecutionStep.execute(CancelExecut
ionStep.java:42)
[        ] 	at 
org.gradle.internal.execution.steps.TimeoutStep.executeWithoutTimeout(TimeoutStep.java:75)
[        ] 	at org.gradle.internal.execution.steps.TimeoutStep.execute(TimeoutStep.java:55)
[        ] 	at org.gradle.internal.execution.steps.PreCreateOutputParentsStep.execute(PreCr
eateOutputParentsStep.java:50)
[        ] 	at org.gradle.internal.execution.steps.PreCreateOutputParentsStep.execute(PreCr
eateOutputParentsStep.java:28)
[        ] 	at org.gradle.internal.execution.steps.RemovePreviousOutputsStep.execute(Remove
PreviousOutputsStep.java:67)
[        ] 	at org.gradle.internal.execution.steps.RemovePreviousOutputsStep.execute(Remove
PreviousOutputsStep.java:37)
[        ] 	at org.gradle.internal.execution.steps.BroadcastChangingOutputsStep.execute(Bro
adcastChangingOutputsStep.java:61)
[        ] 	at org.gradle.internal.execution.steps.BroadcastChangingOutputsStep.execute(Bro
adcastChangingOutputsStep.java:26)
[        ] 	at org.gradle.internal.execution.steps.CaptureOutputsAfterExecutionStep.execute
(CaptureOutputsAfterExecutionStep.java:69)
[        ] 	at org.gradle.internal.execution.steps.CaptureOutputsAfterExecutionStep.execute
(CaptureOutputsAfterExecutionStep.java:46)
[        ] 	at org.gradle.internal.execution.steps.ResolveInputChangesStep.execute(ResolveI
nputChangesStep.java:40)
[        ] 	at org.gradle.internal.execution.steps.ResolveInputChangesStep.execute(ResolveI
nputChangesStep.java:29)
[        ] 	at org.gradle.internal.execution.steps.BuildCacheStep.executeWithoutCache(Build
CacheStep.java:189)
[        ] 	at 
org.gradle.internal.execution.steps.BuildCacheStep.lambda$execute$1(BuildCacheStep.java:75)
[        ] 	at org.gradle.internal.Either$Right.fold(Either.java:175)
[        ] 	at 
org.gradle.internal.execution.caching.CachingState.fold(CachingState.java:62)
[        ] 	at 
org.gradle.internal.execution.steps.BuildCacheStep.execute(BuildCacheStep.java:73)
[        ] 	at 
org.gradle.internal.execution.steps.BuildCacheStep.execute(BuildCacheStep.java:48)
[        ] 	at org.gradle.internal.execution.steps.StoreExecutionStateStep.execute(StoreExe
cutionStateStep.java:46)
[        ] 	at org.gradle.internal.execution.steps.StoreExecutionStateStep.execute(StoreExe
cutionStateStep.java:35)
[        ] 	at org.gradle.internal.execution.steps.SkipUpToDateStep.executeBecause(SkipUpTo
DateStep.java:75)
[        ] 	at org.gradle.internal.execution.steps.SkipUpToDateStep.lambda$execute$2(SkipUp
ToDateStep.java:53)
[        ] 	at java.base/java.util.Optional.orElseGet(Optional.java:364)
[        ] 	at 
org.gradle.internal.execution.steps.SkipUpToDateStep.execute(SkipUpToDateStep.java:53)
[        ] 	at 
org.gradle.internal.execution.steps.SkipUpToDateStep.execute(SkipUpToDateStep.java:35)
[        ] 	at org.gradle.internal.execution.steps.legacy.MarkSnapshottingInputsFinishedSte
p.execute(MarkSnapshottingInputsFinishedStep.java:37)
[        ] 	at org.gradle.internal.execution.steps.legacy.MarkSnapshottingInputsFinishedSte
p.execute(MarkSnapshottingInputsFinishedStep.java:27)
[        ] 	at org.gradle.internal.execution.steps.ResolveIncrementalCachingStateStep.execu
teDelegate(ResolveIncrementalCachingStateStep.java:49)
[        ] 	at org.gradle.internal.execution.steps.ResolveIncrementalCachingStateStep.execu
teDelegate(ResolveIncrementalCachingStateStep.java:27)
[        ] 	at org.gradle.internal.execution.steps.AbstractResolveCachingStateStep.execute(
AbstractResolveCachingStateStep.java:71)
[        ] 	at org.gradle.internal.execution.steps.AbstractResolveCachingStateStep.execute(
AbstractResolveCachingStateStep.java:39)
[        ] 	at 
org.gradle.internal.execution.steps.ResolveChangesStep.execute(ResolveChangesStep.java:65)
[        ] 	at 
org.gradle.internal.execution.steps.ResolveChangesStep.execute(ResolveChangesStep.java:36)
[        ] 	at 
org.gradle.internal.execution.steps.ValidateStep.execute(ValidateStep.java:107)
[        ] 	at 
org.gradle.internal.execution.steps.ValidateStep.execute(ValidateStep.java:56)
[        ] 	at org.gradle.internal.execution.steps.AbstractCaptureStateBeforeExecutionStep.
execute(AbstractCaptureStateBeforeExecutionStep.java:64)
[        ] 	at org.gradle.internal.execution.steps.AbstractCaptureStateBeforeExecutionStep.
execute(AbstractCaptureStateBeforeExecutionStep.java:43)
[        ] 	at org.gradle.internal.execution.steps.AbstractSkipEmptyWorkStep.executeWithNon
EmptySources(AbstractSkipEmptyWorkStep.java:125)
[        ] 	at org.gradle.internal.execution.steps.AbstractSkipEmptyWorkStep.execute(Abstra
ctSkipEmptyWorkStep.java:56)
[        ] 	at org.gradle.internal.execution.steps.AbstractSkipEmptyWorkStep.execute(Abstra
ctSkipEmptyWorkStep.java:36)
[        ] 	at org.gradle.internal.execution.steps.legacy.MarkSnapshottingInputsStartedStep
.execute(MarkSnapshottingInputsStartedStep.java:38)
[        ] 	at org.gradle.internal.execution.steps.LoadPreviousExecutionStateStep.execute(L
oadPreviousExecutionStateStep.java:36)
[        ] 	at org.gradle.internal.execution.steps.LoadPreviousExecutionStateStep.execute(L
oadPreviousExecutionStateStep.java:23)
[        ] 	at org.gradle.internal.execution.steps.HandleStaleOutputsStep.execute(HandleSta
leOutputsStep.java:75)
[        ] 	at org.gradle.internal.execution.steps.HandleStaleOutputsStep.execute(HandleSta
leOutputsStep.java:41)
[        ] 	at org.gradle.internal.execution.steps.AssignMutableWorkspaceStep.lambda$execut
e$0(AssignMutableWorkspaceStep.java:35)
[        ] 	at org.gradle.api.internal.tasks.execution.TaskExecution$4.withWorkspace(TaskEx
ecution.java:289)
[        ] 	at org.gradle.internal.execution.steps.AssignMutableWorkspaceStep.execute(Assig
nMutableWorkspaceStep.java:31)
[        ] 	at org.gradle.internal.execution.steps.AssignMutableWorkspaceStep.execute(Assig
nMutableWorkspaceStep.java:22)
[        ] 	at 
org.gradle.internal.execution.steps.ChoosePipelineStep.execute(ChoosePipelineStep.java:40)
[        ] 	at 
org.gradle.internal.execution.steps.ChoosePipelineStep.execute(ChoosePipelineStep.java:23)
[        ] 	at org.gradle.internal.execution.steps.ExecuteWorkBuildOperationFiringStep.lamb
da$execute$2(ExecuteWorkBuildOperationFiringStep.java:67)
[        ] 	at java.base/java.util.Optional.orElseGet(Optional.java:364)
[        ] 	at org.gradle.internal.execution.steps.ExecuteWorkBuildOperationFiringStep.exec
ute(ExecuteWorkBuildOperationFiringStep.java:67)
[        ] 	at org.gradle.internal.execution.steps.ExecuteWorkBuildOperationFiringStep.exec
ute(ExecuteWorkBuildOperationFiringStep.java:39)
[        ] 	at 
org.gradle.internal.execution.steps.IdentityCacheStep.execute(IdentityCacheStep.java:46)
[        ] Deprecated Gradle features were used in this build, making it incompatible with Gradle 9.0.
[        ] You can use '--warning-mode all' to show the individual deprecation warnings and determine if they come from your own scripts or plugins.
[        ] For more on this, please refer to https://docs.gradle.org/8.14/userguide/command_line_interface.html#sec:command_line_warnings in the Gradle documentation.
[        ] 425 actionable tasks: 10 executed, 415 up-to-date
[        ] Watched directory hierarchies: [C:\flutter\packages\flutter_tools\gradle, C:\Users\GHANEM\Desktop\project_flutter\football\android]
[        ] 	at 
org.gradle.internal.execution.steps.IdentityCacheStep.execute(IdentityCacheStep.java:34)
[        ] 	at 
org.gradle.internal.execution.steps.IdentifyStep.execute(IdentifyStep.java:48)
[        ] 	at 
org.gradle.internal.execution.steps.IdentifyStep.execute(IdentifyStep.java:35)
[        ] 	at org.gradle.internal.execution.impl.DefaultExecutionEngine$1.execute(DefaultE
xecutionEngine.java:64)
[        ] 	at org.gradle.api.internal.tasks.execution.ExecuteActionsTaskExecuter.executeIf
Valid(ExecuteActionsTaskExecuter.java:127)
[        ] 	at org.gradle.api.internal.tasks.execution.ExecuteActionsTaskExecuter.execute(E
xecuteActionsTaskExecuter.java:116)
[        ] 	at org.gradle.api.internal.tasks.execution.ProblemsTaskPathTrackingTaskExecuter
.execute(ProblemsTaskPathTrackingTaskExecuter.java:41)
[        ] 	at org.gradle.api.internal.tasks.execution.FinalizePropertiesTaskExecuter.execu
te(FinalizePropertiesTaskExecuter.java:46)
[        ] 	at org.gradle.api.internal.tasks.execution.ResolveTaskExecutionModeExecuter.exe
cute(ResolveTaskExecutionModeExecuter.java:51)
[        ] 	at org.gradle.api.internal.tasks.execution.SkipTaskWithNoActionsExecuter.execut
e(SkipTaskWithNoActionsExecuter.java:57)
[        ] 	at org.gradle.api.internal.tasks.execution.SkipOnlyIfTaskExecuter.execute(SkipO
nlyIfTaskExecuter.java:74)
[        ] 	at org.gradle.api.internal.tasks.execution.CatchExceptionTaskExecuter.execute(C
atchExceptionTaskExecuter.java:36)
[        ] 	at org.gradle.api.internal.tasks.execution.EventFiringTaskExecuter$1.executeTas
k(EventFiringTaskExecuter.java:77)
[        ] 	at org.gradle.api.internal.tasks.execution.EventFiringTaskExecuter$1.call(Event
FiringTaskExecuter.java:55)
[        ] 	at org.gradle.api.internal.tasks.execution.EventFiringTaskExecuter$1.call(Event
FiringTaskExecuter.java:52)
[        ] 	at org.gradle.internal.operations.DefaultBuildOperationRunner$CallableBuildOper
ationWorker.execute(DefaultBuildOperationRunner.java:210)
[        ] 	at org.gradle.internal.operations.DefaultBuildOperationRunner$CallableBuildOper
ationWorker.execute(DefaultBuildOperationRunner.java:205)
[        ] 	at org.gradle.internal.operations.DefaultBuildOperationRunner$2.execute(Default
BuildOperationRunner.java:67)
[        ] 	at org.gradle.internal.operations.DefaultBuildOperationRunner$2.execute(Default
BuildOperationRunner.java:60)
[        ] 	at org.gradle.internal.operations.DefaultBuildOperationRunner.execute(DefaultBu
ildOperationRunner.java:167)
[        ] 	at org.gradle.internal.operations.DefaultBuildOperationRunner.execute(DefaultBu
ildOperationRunner.java:60)
[        ] 	at org.gradle.internal.operations.DefaultBuildOperationRunner.call(DefaultBuild
OperationRunner.java:54)
[        ] 	at org.gradle.api.internal.tasks.execution.EventFiringTaskExecuter.execute(Even
tFiringTaskExecuter.java:52)
[        ] 	at 
org.gradle.execution.plan.LocalTaskNodeExecutor.execute(LocalTaskNodeExecutor.java:42)
[        ] 	at org.gradle.execution.taskgraph.DefaultTaskExecutionGraph$InvokeNodeExecutors
Action.execute(DefaultTaskExecutionGraph.java:331)
[        ] 	at org.gradle.execution.taskgraph.DefaultTaskExecutionGraph$InvokeNodeExecutors
Action.execute(DefaultTaskExecutionGraph.java:318)
[        ] 	at org.gradle.execution.taskgraph.DefaultTaskExecutionGraph$BuildOperationAware
ExecutionAction.lambda$execute$0(DefaultTaskExecutionGraph.java:314)
[        ] 	at org.gradle.internal.operations.CurrentBuildOperationRef.with(CurrentBuildOpe
rationRef.java:85)
[        ] 	at org.gradle.execution.taskgraph.DefaultTaskExecutionGraph$BuildOperationAware
ExecutionAction.execute(DefaultTaskExecutionGraph.java:314)
[   +1 ms] 	at org.gradle.execution.taskgraph.DefaultTaskExecutionGraph$BuildOperationAware
ExecutionAction.execute(DefaultTaskExecutionGraph.java:303)
[        ] 	at org.gradle.execution.plan.DefaultPlanExecutor$ExecutorWorker.execute(Default
PlanExecutor.java:459)
[        ] 	at org.gradle.execution.plan.DefaultPlanExecutor$ExecutorWorker.run(DefaultPlan
Executor.java:376)
[        ] 	at org.gradle.internal.concurrent.ExecutorPolicy$CatchAndRecordFailures.onExecu
te(ExecutorPolicy.java:64)
[        ] 	at org.gradle.internal.concurrent.AbstractManagedExecutor$1.run(AbstractManaged
Executor.java:48)
[        ] 	at 
java.base/java.util.concurrent.ThreadPoolExecutor.runWorker(ThreadPoolExecutor.java:1136)
[        ] 	at 
java.base/java.util.concurrent.ThreadPoolExecutor$Worker.run(ThreadPoolExecutor.java:635)
[        ] 	at java.base/java.lang.Thread.run(Thread.java:840)
[        ] Caused by: java.nio.file.FileSystemException: C:\Users\GHANEM\Desktop\project_fl
utter\football\build\file_picker\intermediates\lint-cache\lintVitalAnalyzeRelease\migrated-
jars\androidx.lifecycle.lint.LiveDataCoreIssueRegistry-32b654e6cacc2c23..jar: The process 
cannot access the file because it is being used by another process
[        ] 	at 
java.base/sun.nio.fs.WindowsException.translateToIOException(WindowsException.java:92)
[        ] 	at 
java.base/sun.nio.fs.WindowsException.rethrowAsIOException(WindowsException.java:103)
[        ] 	at 
java.base/sun.nio.fs.WindowsException.rethrowAsIOException(WindowsException.java:108)
[        ] 	at java.base/sun.nio.fs.WindowsFileSystemProvider.implDelete(WindowsFileSystemP
rovider.java:275)
[        ] 	at java.base/sun.nio.fs.AbstractFileSystemProvider.deleteIfExists(AbstractFileS
ystemProvider.java:110)
[        ] 	at java.base/java.nio.file.Files.deleteIfExists(Files.java:1191)
[        ] 	at com.android.utils.PathUtils.deleteRecursivelyIfExists(PathUtils.java:91)
[        ] 	at com.android.utils.PathUtils.deleteRecursivelyIfExists(PathUtils.java:65)
[        ] 	at com.android.utils.PathUtils.deleteRecursivelyIfExists(PathUtils.java:65)
[        ] 	at com.android.build.gradle.internal.lint.LintTool.initializeLintCacheDir(Andro
idLintInputs.kt:197)
[        ] 	at com.android.build.gradle.internal.lint.AndroidLintAnalysisTask.generateComma
ndLineArguments$gradle_core(AndroidLintAnalysisTask.kt:201)
[        ] 	at com.android.build.gradle.internal.lint.AndroidLintAnalysisTask.doTaskAction(
AndroidLintAnalysisTask.kt:144)
[        ] 	at com.android.build.gradle.internal.tasks.NonIncrementalTask$taskAction$$inlin
ed$recordTaskAction$1.invoke(BaseTask.kt:60)
[        ] 	at com.android.build.gradle.internal.tasks.Blocks.recordSpan(Blocks.java:51)
[        ] 	at com.android.build.gradle.internal.tasks.NonIncrementalTask.taskAction(NonInc
rementalTask.kt:78)
[        ] 	at jdk.internal.reflect.GeneratedMethodAccessor280.invoke(Unknown Source)
[        ] 	at java.base/jdk.internal.reflect.DelegatingMethodAccessorImpl.invoke(Delegatin
gMethodAccessorImpl.java:43)
[        ] 	at java.base/java.lang.reflect.Method.invoke(Method.java:569)
[        ] 	at org.gradle.internal.reflect.JavaMethod.invoke(JavaMethod.java:125)
[        ] 	... 122 more
[        ] BUILD FAILED in 9s
[ +118 ms] Running Gradle task 'bundleRelease'... (completed in 9.3s)
[  +62 ms] "flutter appbundle" took 10,615ms.
[ +107 ms] Gradle task bundleRelease failed with exit code 1
[        ] 
           #0      throwToolExit (package:flutter_tools/src/base/common.dart:34:3)
           #1      AndroidGradleBuilder.buildGradleApp 
(package:flutter_tools/src/android/gradle.dart:592:7)
           <asynchronous suspension>
           #2      AndroidGradleBuilder.buildAab 
(package:flutter_tools/src/android/gradle.dart:255:5)
           <asynchronous suspension>
           #3      BuildAppBundleCommand.runCommand 
(package:flutter_tools/src/commands/build_appbundle.dart:168:5)
           <asynchronous suspension>
           #4      FlutterCommand.run.<anonymous closure> 
(package:flutter_tools/src/runner/flutter_command.dart:1590:27)
           <asynchronous suspension>
           #5      AppContext.run.<anonymous closure> 
(package:flutter_tools/src/base/context.dart:154:19)
           <asynchronous suspension>
           #6      CommandRunner.runCommand (package:args/command_runner.dart:212:13)
           <asynchronous suspension>
           #7      FlutterCommandRunner.runCommand.<anonymous closure> 
(package:flutter_tools/src/runner/flutter_command_runner.dart:496:9)
           <asynchronous suspension>
           #8      AppContext.run.<anonymous closure> 
(package:flutter_tools/src/base/context.dart:154:19)
           <asynchronous suspension>
           #9      FlutterCommandRunner.runCommand 
(package:flutter_tools/src/runner/flutter_command_runner.dart:431:5)
           <asynchronous suspension>
           #10     FlutterCommandRunner.run.<anonymous closure> 
(package:flutter_tools/src/runner/flutter_command_runner.dart:307:33)
           <asynchronous suspension>
           #11     run.<anonymous closure>.<anonymous closure> 
(package:flutter_tools/runner.dart:104:11)
           <asynchronous suspension>
           #12     AppContext.run.<anonymous closure> 
(package:flutter_tools/src/base/context.dart:154:19)
           <asynchronous suspension>
           #13     main (package:flutter_tools/executable.dart:103:3)
           <asynchronous suspension>


[        ] Running 1 shutdown hook
[   +2 ms] Shutdown hooks complete
[ +125 ms] exiting with code 1
